Archive member included to satisfy reference by file (symbol)

D:\example project\cpkhmi_ra8p1_zf_device_ips200_original\zf_device\libzf_device_config.a(./src/zf_device_config_scc8660.o)
                              ./zf_device/zf_device_scc8660.o (scc8660_sccb_check_id)
C:/Renesas/RA/e2studio_v2025-12_fsp_v6.4.0/toolchains/gcc_arm/13.2.rel1/bin/../lib/gcc/arm-none-eabi/13.2.1/thumb/v8-m.main+dp/hard\libgcc.a(_aeabi_ldivmod.o)
                              ./ra/fsp/src/r_sci_b_uart/r_sci_b_uart.o (__aeabi_ldivmod)
C:/Renesas/RA/e2studio_v2025-12_fsp_v6.4.0/toolchains/gcc_arm/13.2.rel1/bin/../lib/gcc/arm-none-eabi/13.2.1/thumb/v8-m.main+dp/hard\libgcc.a(_udivmoddi4.o)
                              C:/Renesas/RA/e2studio_v2025-12_fsp_v6.4.0/toolchains/gcc_arm/13.2.rel1/bin/../lib/gcc/arm-none-eabi/13.2.1/thumb/v8-m.main+dp/hard\libgcc.a(_aeabi_ldivmod.o) (__udivmoddi4)
C:/Renesas/RA/e2studio_v2025-12_fsp_v6.4.0/toolchains/gcc_arm/13.2.rel1/bin/../lib/gcc/arm-none-eabi/13.2.1/thumb/v8-m.main+dp/hard\libgcc.a(_dvmd_tls.o)
                              C:/Renesas/RA/e2studio_v2025-12_fsp_v6.4.0/toolchains/gcc_arm/13.2.rel1/bin/../lib/gcc/arm-none-eabi/13.2.1/thumb/v8-m.main+dp/hard\libgcc.a(_aeabi_ldivmod.o) (__aeabi_ldiv0)
C:/Renesas/RA/e2studio_v2025-12_fsp_v6.4.0/toolchains/gcc_arm/13.2.rel1/bin/../lib/gcc/arm-none-eabi/13.2.1/thumb/v8-m.main+dp/hard\libg_nano.a(libc_a-exit.o)
                              C:/Renesas/RA/e2studio_v2025-12_fsp_v6.4.0/toolchains/gcc_arm/13.2.rel1/bin/../lib/gcc/arm-none-eabi/13.2.1/thumb/v8-m.main+dp/hard/crt0.o (exit)
C:/Renesas/RA/e2studio_v2025-12_fsp_v6.4.0/toolchains/gcc_arm/13.2.rel1/bin/../lib/gcc/arm-none-eabi/13.2.1/thumb/v8-m.main+dp/hard\libg_nano.a(libc_a-nano-vfprintf_float.o)
                              (_printf_float)
C:/Renesas/RA/e2studio_v2025-12_fsp_v6.4.0/toolchains/gcc_arm/13.2.rel1/bin/../lib/gcc/arm-none-eabi/13.2.1/thumb/v8-m.main+dp/hard\libg_nano.a(libc_a-nano-vfprintf_i.o)
                              C:/Renesas/RA/e2studio_v2025-12_fsp_v6.4.0/toolchains/gcc_arm/13.2.rel1/bin/../lib/gcc/arm-none-eabi/13.2.1/thumb/v8-m.main+dp/hard\libg_nano.a(libc_a-nano-vfprintf_float.o) (_printf_common)
C:/Renesas/RA/e2studio_v2025-12_fsp_v6.4.0/toolchains/gcc_arm/13.2.rel1/bin/../lib/gcc/arm-none-eabi/13.2.1/thumb/v8-m.main+dp/hard\libg_nano.a(libc_a-findfp.o)
                              C:/Renesas/RA/e2studio_v2025-12_fsp_v6.4.0/toolchains/gcc_arm/13.2.rel1/bin/../lib/gcc/arm-none-eabi/13.2.1/thumb/v8-m.main+dp/hard\libg_nano.a(libc_a-exit.o) (__stdio_exit_handler)
C:/Renesas/RA/e2studio_v2025-12_fsp_v6.4.0/toolchains/gcc_arm/13.2.rel1/bin/../lib/gcc/arm-none-eabi/13.2.1/thumb/v8-m.main+dp/hard\libg_nano.a(libc_a-fwalk.o)
                              C:/Renesas/RA/e2studio_v2025-12_fsp_v6.4.0/toolchains/gcc_arm/13.2.rel1/bin/../lib/gcc/arm-none-eabi/13.2.1/thumb/v8-m.main+dp/hard\libg_nano.a(libc_a-findfp.o) (_fwalk_sglue)
C:/Renesas/RA/e2studio_v2025-12_fsp_v6.4.0/toolchains/gcc_arm/13.2.rel1/bin/../lib/gcc/arm-none-eabi/13.2.1/thumb/v8-m.main+dp/hard\libg_nano.a(libc_a-printf.o)
                              ./zf_common/zf_common_debug.o (printf)
C:/Renesas/RA/e2studio_v2025-12_fsp_v6.4.0/toolchains/gcc_arm/13.2.rel1/bin/../lib/gcc/arm-none-eabi/13.2.1/thumb/v8-m.main+dp/hard\libg_nano.a(libc_a-putchar.o)
                              ./src/sdhi_sdcard/bsp_sdhi_sdcard.o (putchar)
C:/Renesas/RA/e2studio_v2025-12_fsp_v6.4.0/toolchains/gcc_arm/13.2.rel1/bin/../lib/gcc/arm-none-eabi/13.2.1/thumb/v8-m.main+dp/hard\libg_nano.a(libc_a-puts.o)
                              ./src/sdhi_sdcard/bsp_sdhi_sdcard.o (puts)
C:/Renesas/RA/e2studio_v2025-12_fsp_v6.4.0/toolchains/gcc_arm/13.2.rel1/bin/../lib/gcc/arm-none-eabi/13.2.1/thumb/v8-m.main+dp/hard\libg_nano.a(libc_a-stdio.o)
                              C:/Renesas/RA/e2studio_v2025-12_fsp_v6.4.0/toolchains/gcc_arm/13.2.rel1/bin/../lib/gcc/arm-none-eabi/13.2.1/thumb/v8-m.main+dp/hard\libg_nano.a(libc_a-findfp.o) (__sread)
C:/Renesas/RA/e2studio_v2025-12_fsp_v6.4.0/toolchains/gcc_arm/13.2.rel1/bin/../lib/gcc/arm-none-eabi/13.2.1/thumb/v8-m.main+dp/hard\libg_nano.a(libc_a-wbuf.o)
                              C:/Renesas/RA/e2studio_v2025-12_fsp_v6.4.0/toolchains/gcc_arm/13.2.rel1/bin/../lib/gcc/arm-none-eabi/13.2.1/thumb/v8-m.main+dp/hard\libg_nano.a(libc_a-puts.o) (__swbuf_r)
C:/Renesas/RA/e2studio_v2025-12_fsp_v6.4.0/toolchains/gcc_arm/13.2.rel1/bin/../lib/gcc/arm-none-eabi/13.2.1/thumb/v8-m.main+dp/hard\libg_nano.a(libc_a-wsetup.o)
                              C:/Renesas/RA/e2studio_v2025-12_fsp_v6.4.0/toolchains/gcc_arm/13.2.rel1/bin/../lib/gcc/arm-none-eabi/13.2.1/thumb/v8-m.main+dp/hard\libg_nano.a(libc_a-puts.o) (__swsetup_r)
C:/Renesas/RA/e2studio_v2025-12_fsp_v6.4.0/toolchains/gcc_arm/13.2.rel1/bin/../lib/gcc/arm-none-eabi/13.2.1/thumb/v8-m.main+dp/hard\libg_nano.a(libc_a-memset.o)
[...]
Memory Configuration

Name             Origin             Length             Attributes
RAM              0x22000000         0x001d4000         xrw
FLASH            0x02000000         0x00100000         xr
DATA_FLASH       0x27000000         0x00000000         xr
SDRAM            0x68000000         0x08000000         xrw
OSPI0_CS0        0x80000000         0x10000000         xrw
OSPI0_CS1        0x90000000         0x10000000         xr
OSPI1_CS0        0x70000000         0x08000000         xrw
OSPI1_CS1        0x78000000         0x08000000         xr
OPTION_SETTING_OFS0 0x02c9f040         0x00000004         r
OPTION_SETTING_OFS2 0x02c9f044         0x00000004         r
OPTION_SETTING_SAS 0x02c9f074         0x00000004         r
OPTION_SETTING_OFS1 0x12c9f4c0         0x00000004         r
OPTION_SETTING_OFS1_SEC 0x02c9f0c0         0x00000004         r
OPTION_SETTING_OFS1_SEL 0x02c9f120         0x00000004         r
OPTION_SETTING_OFS3 0x12c9f4c4         0x00000004         r
OPTION_SETTING_OFS3_SEC 0x02c9f0c4         0x00000004         r
OPTION_SETTING_OFS3_SEL 0x02c9f124         0x00000004         r
OPTION_SETTING_BPS 0x12c9f600         0x00000080         r
OPTION_SETTING_BPS_SEC 0x02c9f200         0x00000080         r
OPTION_SETTING_OTP_FSBLCTRL0 0x02e07600         0x00000004         r
OPTION_SETTING_OTP_FSBLCTRL1 0x02e07604         0x00000004         r
OPTION_SETTING_OTP_FSBLCTRL2 0x02e07608         0x00000004         r
OPTION_SETTING_OTP_SAMR 0x02e07614         0x00000004         r
OPTION_SETTING_OTP_SACC00 0x02e07620         0x00000004         r
OPTION_SETTING_OTP_SACC10 0x02e07630         0x00000004         r
OPTION_SETTING_OTP_SACC01 0x02e07640         0x00000004         r
OPTION_SETTING_OTP_SACC11 0x02e07650         0x00000004         r
OPTION_SETTING_OTP_SACC02 0x02e07660         0x00000004         r
OPTION_SETTING_OTP_SACC12 0x02e07670         0x00000004         r
OPTION_SETTING_OTP_SACC03 0x02e07680         0x00000004         r
OPTION_SETTING_OTP_SACC13 0x02e07690         0x00000004         r
OPTION_SETTING_OTP_PBPS_SEC 0x02e17700         0x00000080         r
OPTION_SETTING_OTP_PBPS 0x12e17780         0x00000080         r
OPTION_SETTING_OTP_ZHUK 0x02e17920         0x00000004         r
ITCM             0x00000000         0x00020000         xrw
DTCM             0x20000000         0x00020000         xrw
*default*        0x00000000         0xffffffff

Linker script and memory map

LOAD C:/Renesas/RA/e2studio_v2025-12_fsp_v6.4.0/toolchains/gcc_arm/13.2.rel1/bin/../lib/gcc/arm-none-eabi/13.2.1/thumb/v8-m.main+dp/hard/crti.o
LOAD C:/Renesas/RA/e2studio_v2025-12_fsp_v6.4.0/toolchains/gcc_arm/13.2.rel1/bin/../lib/gcc/arm-none-eabi/13.2.1/thumb/v8-m.main+dp/hard/crtbegin.o
LOAD C:/Renesas/RA/e2studio_v2025-12_fsp_v6.4.0/toolchains/gcc_arm/13.2.rel1/bin/../lib/gcc/arm-none-eabi/13.2.1/thumb/v8-m.main+dp/hard/crt0.o
LOAD ./zf_driver/zf_driver_soft_iic.o
LOAD ./zf_device/zf_device_dl1b.o
LOAD ./zf_device/zf_device_ips200.o
LOAD ./zf_device/zf_device_scc8660.o
LOAD ./zf_common/zf_common_debug.o
LOAD ./zf_common/zf_common_fifo.o
LOAD ./zf_common/zf_common_font.o
LOAD ./zf_common/zf_common_function.o
LOAD ./src/sdhi_sdcard/bsp_sdhi_sdcard.o
LOAD ./src/hal_entry.o
LOAD ./src/hal_warmstart.o
LOAD ./ra_gen/common_data.o
LOAD ./ra_gen/hal_data.o
LOAD ./ra_gen/main.o
LOAD ./ra_gen/pin_data.o
LOAD ./ra_gen/vector_data.o
LOAD ./ra/fsp/src/r_sdhi/r_sdhi.o
LOAD ./ra/fsp/src/r_sci_b_uart/r_sci_b_uart.o
LOAD ./ra/fsp/src/r_sci_b_spi/r_sci_b_spi.o
LOAD ./ra/fsp/src/r_ioport/r_ioport.o
LOAD ./ra/fsp/src/r_dmac/r_dmac.o
LOAD ./ra/fsp/src/r_ceu/r_ceu.o
LOAD ./ra/fsp/src/bsp/mcu/ra8p1/bsp_linker.o
LOAD ./ra/fsp/src/bsp/mcu/all/bsp_clocks.o
LOAD ./ra/fsp/src/bsp/mcu/all/bsp_common.o
LOAD ./ra/fsp/src/bsp/mcu/all/bsp_delay.o
LOAD ./ra/fsp/src/bsp/mcu/all/bsp_group_irq.o
LOAD ./ra/fsp/src/bsp/mcu/all/bsp_guard.o
LOAD ./ra/fsp/src/bsp/mcu/all/bsp_io.o
LOAD ./ra/fsp/src/bsp/mcu/all/bsp_ipc.o
LOAD ./ra/fsp/src/bsp/mcu/all/bsp_irq.o
LOAD ./ra/fsp/src/bsp/mcu/all/bsp_macl.o
LOAD ./ra/fsp/src/bsp/mcu/all/bsp_ospi_b.o
LOAD ./ra/fsp/src/bsp/mcu/all/bsp_register_protection.o
LOAD ./ra/fsp/src/bsp/mcu/all/bsp_sbrk.o
LOAD ./ra/fsp/src/bsp/mcu/all/bsp_sdram.o
LOAD ./ra/fsp/src/bsp/mcu/all/bsp_security.o
LOAD ./ra/fsp/src/bsp/cmsis/Device/RENESAS/Source/startup.o
LOAD ./ra/fsp/src/bsp/cmsis/Device/RENESAS/Source/system.o
LOAD D:\example project\cpkhmi_ra8p1_zf_device_ips200_original\zf_device\libzf_device_config.a
START GROUP
LOAD C:/Renesas/RA/e2studio_v2025-12_fsp_v6.4.0/toolchains/gcc_arm/13.2.rel1/bin/../lib/gcc/arm-none-eabi/13.2.1/thumb/v8-m.main+dp/hard\libgcc.a
LOAD C:/Renesas/RA/e2studio_v2025-12_fsp_v6.4.0/toolchains/gcc_arm/13.2.rel1/bin/../lib/gcc/arm-none-eabi/13.2.1/thumb/v8-m.main+dp/hard\libg_nano.a
LOAD C:/Renesas/RA/e2studio_v2025-12_fsp_v6.4.0/toolchains/gcc_arm/13.2.rel1/bin/../lib/gcc/arm-none-eabi/13.2.1/thumb/v8-m.main+dp/hard\libc_nano.a
END GROUP
START GROUP
LOAD C:/Renesas/RA/e2studio_v2025-12_fsp_v6.4.0/toolchains/gcc_arm/13.2.rel1/bin/../lib/gcc/arm-none-eabi/13.2.1/thumb/v8-m.main+dp/hard\libgcc.a
LOAD C:/Renesas/RA/e2studio_v2025-12_fsp_v6.4.0/toolchains/gcc_arm/13.2.rel1/bin/../lib/gcc/arm-none-eabi/13.2.1/thumb/v8-m.main+dp/hard\libc_nano.a
LOAD C:/Renesas/RA/e2studio_v2025-12_fsp_v6.4.0/toolchains/gcc_arm/13.2.rel1/bin/../lib/gcc/arm-none-eabi/13.2.1/thumb/v8-m.main+dp/hard\libnosys.a
END GROUP
START GROUP
LOAD C:/Renesas/RA/e2studio_v2025-12_fsp_v6.4.0/toolchains/gcc_arm/13.2.rel1/bin/../lib/gcc/arm-none-eabi/13.2.1/thumb/v8-m.main+dp/hard\libgcc.a
LOAD C:/Renesas/RA/e2studio_v2025-12_fsp_v6.4.0/toolchains/gcc_arm/13.2.rel1/bin/../lib/gcc/arm-none-eabi/13.2.1/thumb/v8-m.main+dp/hard\libc_nano.a
LOAD C:/Renesas/RA/e2studio_v2025-12_fsp_v6.4.0/toolchains/gcc_arm/13.2.rel1/bin/../lib/gcc/arm-none-eabi/13.2.1/thumb/v8-m.main+dp/hard\libnosys.a
END GROUP
LOAD C:/Renesas/RA/e2studio_v2025-12_fsp_v6.4.0/toolchains/gcc_arm/13.2.rel1/bin/../lib/gcc/arm-none-eabi/13.2.1/thumb/v8-m.main+dp/hard/crtend.o
LOAD C:/Renesas/RA/e2studio_v2025-12_fsp_v6.4.0/toolchains/gcc_arm/13.2.rel1/bin/../lib/gcc/arm-none-eabi/13.2.1/thumb/v8-m.main+dp/hard/crtn.o
                0x22000000                        RAM_START = 0x22000000
                0x001d4000                        RAM_LENGTH = 0x1d4000
                0x02000000                        FLASH_START = 0x2000000
                0x00100000                        FLASH_LENGTH = 0x100000
                0x27000000                        DATA_FLASH_START = 0x27000000
                0x00000000                        DATA_FLASH_LENGTH = 0x0
                0x68000000                        SDRAM_START = 0x68000000
                0x08000000                        SDRAM_LENGTH = 0x8000000
                0x80000000                        OSPI0_CS0_START = 0x80000000
                0x10000000                        OSPI0_CS0_LENGTH = 0x10000000
                0x90000000                        OSPI0_CS1_START = 0x90000000
                0x10000000                        OSPI0_CS1_LENGTH = 0x10000000
                0x70000000                        OSPI1_CS0_START = 0x70000000
                0x08000000                        OSPI1_CS0_LENGTH = 0x8000000
                0x78000000                        OSPI1_CS1_START = 0x78000000
                0x08000000                        OSPI1_CS1_LENGTH = 0x8000000
                0x02c9f040                        OPTION_SETTING_OFS0_START = 0x2c9f040
                0x00000004                        OPTION_SETTING_OFS0_LENGTH = 0x4
                0x02c9f044                        OPTION_SETTING_OFS2_START = 0x2c9f044
                0x00000004                        OPTION_SETTING_OFS2_LENGTH = 0x4
                0x02c9f074                        OPTION_SETTING_SAS_START = 0x2c9f074
                0x00000004                        OPTION_SETTING_SAS_LENGTH = 0x4
                0x12c9f4c0                        OPTION_SETTING_OFS1_START = 0x12c9f4c0
                0x00000004                        OPTION_SETTING_OFS1_LENGTH = 0x4
                0x02c9f0c0                        OPTION_SETTING_OFS1_SEC_START = 0x2c9f0c0
                0x00000004                        OPTION_SETTING_OFS1_SEC_LENGTH = 0x4
                0x02c9f120                        OPTION_SETTING_OFS1_SEL_START = 0x2c9f120
                0x00000004                        OPTION_SETTING_OFS1_SEL_LENGTH = 0x4
                0x12c9f4c4                        OPTION_SETTING_OFS3_START = 0x12c9f4c4
                0x00000004                        OPTION_SETTING_OFS3_LENGTH = 0x4
                0x02c9f0c4                        OPTION_SETTING_OFS3_SEC_START = 0x2c9f0c4
                0x00000004                        OPTION_SETTING_OFS3_SEC_LENGTH = 0x4
                0x02c9f124                        OPTION_SETTING_OFS3_SEL_START = 0x2c9f124
                0x00000004                        OPTION_SETTING_OFS3_SEL_LENGTH = 0x4
                0x12c9f600                        OPTION_SETTING_BPS_START = 0x12c9f600
                0x00000080                        OPTION_SETTING_BPS_LENGTH = 0x80
                0x02c9f200                        OPTION_SETTING_BPS_SEC_START = 0x2c9f200
                0x00000080                        OPTION_SETTING_BPS_SEC_LENGTH = 0x80
                0x02e07600                        OPTION_SETTING_OTP_FSBLCTRL0_START = 0x2e07600
                0x00000004                        OPTION_SETTING_OTP_FSBLCTRL0_LENGTH = 0x4
                0x02e07604                        OPTION_SETTING_OTP_FSBLCTRL1_START = 0x2e07604
                0x00000004                        OPTION_SETTING_OTP_FSBLCTRL1_LENGTH = 0x4
                0x02e07608                        OPTION_SETTING_OTP_FSBLCTRL2_START = 0x2e07608
                0x00000004                        OPTION_SETTING_OTP_FSBLCTRL2_LENGTH = 0x4
                0x02e07614                        OPTION_SETTING_OTP_SAMR_START = 0x2e07614
                0x00000004                        OPTION_SETTING_OTP_SAMR_LENGTH = 0x4
                0x02e07620                        OPTION_SETTING_OTP_SACC00_START = 0x2e07620
                0x00000004                        OPTION_SETTING_OTP_SACC00_LENGTH = 0x4
                0x02e07630                        OPTION_SETTING_OTP_SACC10_START = 0x2e07630
                0x00000004                        OPTION_SETTING_OTP_SACC10_LENGTH = 0x4
                0x02e07640                        OPTION_SETTING_OTP_SACC01_START = 0x2e07640
                0x00000004                        OPTION_SETTING_OTP_SACC01_LENGTH = 0x4
                0x02e07650                        OPTION_SETTING_OTP_SACC11_START = 0x2e07650
                0x00000004                        OPTION_SETTING_OTP_SACC11_LENGTH = 0x4
                0x02e07660                        OPTION_SETTING_OTP_SACC02_START = 0x2e07660
                0x00000004                        OPTION_SETTING_OTP_SACC02_LENGTH = 0x4
                0x02e07670                        OPTION_SETTING_OTP_SACC12_START = 0x2e07670
                0x00000004                        OPTION_SETTING_OTP_SACC12_LENGTH = 0x4
                0x02e07680                        OPTION_SETTING_OTP_SACC03_START = 0x2e07680
                0x00000004                        OPTION_SETTING_OTP_SACC03_LENGTH = 0x4
                0x02e07690                        OPTION_SETTING_OTP_SACC13_START = 0x2e07690
                0x00000004                        OPTION_SETTING_OTP_SACC13_LENGTH = 0x4
                0x02e17700                        OPTION_SETTING_OTP_PBPS_SEC_START = 0x2e17700
                0x00000080                        OPTION_SETTING_OTP_PBPS_SEC_LENGTH = 0x80
                0x12e17780                        OPTION_SETTING_OTP_PBPS_START = 0x12e17780
                0x00000080                        OPTION_SETTING_OTP_PBPS_LENGTH = 0x80
                0x02e17920                        OPTION_SETTING_OTP_ZHUK_START = 0x2e17920
                0x00000004                        OPTION_SETTING_OTP_ZHUK_LENGTH = 0x4
                0x00000000                        ITCM_START = 0x0
                0x00020000                        ITCM_LENGTH = 0x20000
                0x20000000                        DTCM_START = 0x20000000
                0x00020000                        DTCM_LENGTH = 0x20000
START GROUP
LOAD C:/Renesas/RA/e2studio_v2025-12_fsp_v6.4.0/toolchains/gcc_arm/13.2.rel1/bin/../lib/gcc/arm-none-eabi/13.2.1/thumb/v8-m.main+dp/hard\libgcc.a
LOAD C:/Renesas/RA/e2studio_v2025-12_fsp_v6.4.0/toolchains/gcc_arm/13.2.rel1/bin/../lib/gcc/arm-none-eabi/13.2.1/thumb/v8-m.main+dp/hard\libc.a
LOAD C:/Renesas/RA/e2studio_v2025-12_fsp_v6.4.0/toolchains/gcc_arm/13.2.rel1/bin/../lib/gcc/arm-none-eabi/13.2.1/thumb/v8-m.main+dp/hard\libm.a
END GROUP

.ospi0_cs1.startof
                0x90000000        0x0
                0x90000000                        __ddsc_OSPI0_CS1_START = .

.sdram.startof  0x68000000        0x0
                0x68000000                        __ddsc_SDRAM_START = .

__sdram_from_ospi0_cs1$$
                0x68000000        0x0 load address 0x90000000
                0x68000000                        __sdram_from_ospi0_cs1$$Base = .
                0x90000000                        __sdram_from_ospi0_cs1$$Load = LOADADDR (__sdram_from_ospi0_cs1$$)
 *(.sdram_from_ospi0_cs1)
 *(.sdram_code_from_ospi0_cs1)
                0x68000000                        __sdram_from_ospi0_cs1$$Limit = .

.ospi0_cs0.startof
                0x80000000        0x0
                0x80000000                        __ddsc_OSPI0_CS0_START = .

__ospi0_cs0_from_ospi0_cs1$$
                0x80000000        0x0 load address 0x90000000
                0x80000000                        __ospi0_cs0_from_ospi0_cs1$$Base = .
                0x90000000                        __ospi0_cs0_from_ospi0_cs1$$Load = LOADADDR (__ospi0_cs0_from_ospi0_cs1$$)
 *(.ospi0_cs0_from_ospi0_cs1)
 *(.ospi0_cs0_code_from_ospi0_cs1)
                0x80000000                        __ospi0_cs0_from_ospi0_cs1$$Limit = .

.ospi1_cs0.startof
                0x70000000        0x0
                0x70000000                        __ddsc_OSPI1_CS0_START = .

__ospi1_cs0_from_ospi0_cs1$$
                0x70000000        0x0 load address 0x90000000
                0x70000000                        __ospi1_cs0_from_ospi0_cs1$$Base = .
                0x90000000                        __ospi1_cs0_from_ospi0_cs1$$Load = LOADADDR (__ospi1_cs0_from_ospi0_cs1$$)
 *(.ospi1_cs0_from_ospi0_cs1)
 *(.ospi1_cs0_code_from_ospi0_cs1)
                0x70000000                        __ospi1_cs0_from_ospi0_cs1$$Limit = .

.itcm.startof   0x00000000        0x0
                0x00000000                        __ddsc_ITCM_START = .

__itcm_from_ospi0_cs1$$
                0x00000000        0x0 load address 0x90000000
                0x00000000                        __itcm_from_ospi0_cs1$$Base = .
                0x90000000                        __itcm_from_ospi0_cs1$$Load = LOADADDR (__itcm_from_ospi0_cs1$$)
 *(.itcm_from_ospi0_cs1)
 *(.itcm_code_from_ospi0_cs1)
                0x00000000                        __itcm_from_ospi0_cs1$$Limit = .

.dtcm.startof   0x20000000        0x0
                0x20000000                        __ddsc_DTCM_START = .

__dtcm_from_ospi0_cs1$$
                0x20000000        0x0 load address 0x90000000
                0x20000000                        __dtcm_from_ospi0_cs1$$Base = .
                0x90000000                        __dtcm_from_ospi0_cs1$$Load = LOADADDR (__dtcm_from_ospi0_cs1$$)
 *(.dtcm_from_ospi0_cs1)
 *(.dtcm_code_from_ospi0_cs1)
                0x20000000                        __dtcm_from_ospi0_cs1$$Limit = .

.ram.startof    0x22000000        0x0
                0x22000000                        __ddsc_RAM_START = .

__ram_dtc_vector$$
                0x22000000        0x0
                0x22000000                        __ram_dtc_vector$$Base = .
 *(.fsp_dtc_vector_table)
                0x22000000                        __ram_dtc_vector$$Limit = .

__ram_from_ospi0_cs1$$
                0x22000000        0x0 load address 0x90000000
                0x22000000                        __ram_from_ospi0_cs1$$Base = .
                0x90000000                        __ram_from_ospi0_cs1$$Load = LOADADDR (__ram_from_ospi0_cs1$$)
 *(.ram_from_ospi0_cs1)
 *(.ram_code_from_ospi0_cs1)
                0x22000000                        __ram_from_ospi0_cs1$$Limit = .

__ospi0_cs1_readonly$$
                0x90000000        0x0
                0x90000000                        __ospi0_cs1_readonly$$Base = .
 *(.ospi0_cs1)
 *(.ospi0_cs1_code)
                0x90000000                        __ospi0_cs1_readonly$$Limit = .

__ospi0_cs1_noinit$$
                0x90000000        0x0
                0x90000000                        __ospi0_cs1_noinit$$Base = .
 *(.ospi0_cs1_noinit)
                0x90000000                        __ospi0_cs1_noinit$$Limit = .

.ospi0_cs1.endof
                0x90000000        0x0
                0x90000000                        __ddsc_OSPI0_CS1_END = .

.ospi1_cs1.startof
                0x78000000        0x0
                0x78000000                        __ddsc_OSPI1_CS1_START = .

__sdram_from_ospi1_cs1$$
                0x68000000        0x0 load address 0x78000000
                0x68000000                        __sdram_from_ospi1_cs1$$Base = .
                0x78000000                        __sdram_from_ospi1_cs1$$Load = LOADADDR (__sdram_from_ospi1_cs1$$)
 *(.sdram_from_ospi1_cs1)
 *(.sdram_code_from_ospi1_cs1)
                0x68000000                        __sdram_from_ospi1_cs1$$Limit = .

__ospi0_cs0_from_ospi1_cs1$$
                0x80000000        0x0 load address 0x78000000
                0x80000000                        __ospi0_cs0_from_ospi1_cs1$$Base = .
                0x78000000                        __ospi0_cs0_from_ospi1_cs1$$Load = LOADADDR (__ospi0_cs0_from_ospi1_cs1$$)
 *(.ospi0_cs0_from_ospi1_cs1)
 *(.ospi0_cs0_code_from_ospi1_cs1)
                0x80000000                        __ospi0_cs0_from_ospi1_cs1$$Limit = .

__ospi1_cs0_from_ospi1_cs1$$
                0x70000000        0x0 load address 0x78000000
                0x70000000                        __ospi1_cs0_from_ospi1_cs1$$Base = .
                0x78000000                        __ospi1_cs0_from_ospi1_cs1$$Load = LOADADDR (__ospi1_cs0_from_ospi1_cs1$$)
 *(.ospi1_cs0_from_ospi1_cs1)
 *(.ospi1_cs0_code_from_ospi1_cs1)
                0x70000000                        __ospi1_cs0_from_ospi1_cs1$$Limit = .

__itcm_from_ospi1_cs1$$
                0x00000000        0x0 load address 0x78000000
                0x00000000                        __itcm_from_ospi1_cs1$$Base = .
                0x78000000                        __itcm_from_ospi1_cs1$$Load = LOADADDR (__itcm_from_ospi1_cs1$$)
 *(.itcm_from_ospi1_cs1)
 *(.itcm_code_from_ospi1_cs1)
                0x00000000                        __itcm_from_ospi1_cs1$$Limit = .

__dtcm_from_ospi1_cs1$$
                0x20000000        0x0 load address 0x78000000
                0x20000000                        __dtcm_from_ospi1_cs1$$Base = .
                0x78000000                        __dtcm_from_ospi1_cs1$$Load = LOADADDR (__dtcm_from_ospi1_cs1$$)
 *(.dtcm_from_ospi1_cs1)
 *(.dtcm_code_from_ospi1_cs1)
                0x20000000                        __dtcm_from_ospi1_cs1$$Limit = .

__ram_from_ospi1_cs1$$
                0x22000000        0x0 load address 0x78000000
                0x22000000                        __ram_from_ospi1_cs1$$Base = .
                0x78000000                        __ram_from_ospi1_cs1$$Load = LOADADDR (__ram_from_ospi1_cs1$$)
 *(.ram_from_ospi1_cs1)
 *(.ram_code_from_ospi1_cs1)
                0x22000000                        __ram_from_ospi1_cs1$$Limit = .

__ospi1_cs1_readonly$$
                0x78000000        0x0
                0x78000000                        __ospi1_cs1_readonly$$Base = .
 *(.ospi1_cs1)
 *(.ospi1_cs1_code)
                0x78000000                        __ospi1_cs1_readonly$$Limit = .

__ospi1_cs1_noinit$$
                0x78000000        0x0
                0x78000000                        __ospi1_cs1_noinit$$Base = .
 *(.ospi1_cs1_noinit)
                0x78000000                        __ospi1_cs1_noinit$$Limit = .

.ospi1_cs1.endof
                0x78000000        0x0
                0x78000000                        __ddsc_OSPI1_CS1_END = .

.data_flash.startof
                0x27000000        0x0
                0x27000000                        __ddsc_DATA_FLASH_START = .

__sdram_from_data_flash$$
                0x68000000        0x0 load address 0x27000000
                0x68000000                        __sdram_from_data_flash$$Base = .
                0x27000000                        __sdram_from_data_flash$$Load = LOADADDR (__sdram_from_data_flash$$)
 *(.sdram_from_data_flash)
 *(.sdram_code_from_data_flash)
                0x68000000                        __sdram_from_data_flash$$Limit = .

__ospi0_cs0_from_data_flash$$
                0x80000000        0x0 load address 0x27000000
                0x80000000                        __ospi0_cs0_from_data_flash$$Base = .
                0x27000000                        __ospi0_cs0_from_data_flash$$Load = LOADADDR (__ospi0_cs0_from_data_flash$$)
 *(.ospi0_cs0_from_data_flash)
 *(.ospi0_cs0_code_from_data_flash)
                0x80000000                        __ospi0_cs0_from_data_flash$$Limit = .

__ospi1_cs0_from_data_flash$$
                0x70000000        0x0 load address 0x27000000
                0x70000000                        __ospi1_cs0_from_data_flash$$Base = .
                0x27000000                        __ospi1_cs0_from_data_flash$$Load = LOADADDR (__ospi1_cs0_from_data_flash$$)
 *(.ospi1_cs0_from_data_flash)
 *(.ospi1_cs0_code_from_data_flash)
                0x70000000                        __ospi1_cs0_from_data_flash$$Limit = .

__itcm_from_data_flash$$
                0x00000000        0x0 load address 0x27000000
                0x00000000                        __itcm_from_data_flash$$Base = .
                0x27000000                        __itcm_from_data_flash$$Load = LOADADDR (__itcm_from_data_flash$$)
 *(.itcm_from_data_flash)
 *(.itcm_code_from_data_flash)
                0x00000000                        __itcm_from_data_flash$$Limit = .

__dtcm_from_data_flash$$
                0x20000000        0x0 load address 0x27000000
                0x20000000                        __dtcm_from_data_flash$$Base = .
                0x27000000                        __dtcm_from_data_flash$$Load = LOADADDR (__dtcm_from_data_flash$$)
 *(.dtcm_from_data_flash)
 *(.dtcm_code_from_data_flash)
                0x20000000                        __dtcm_from_data_flash$$Limit = .

__ram_from_data_flash$$
                0x22000000        0x0 load address 0x27000000
                0x22000000                        __ram_from_data_flash$$Base = .
                0x27000000                        __ram_from_data_flash$$Load = LOADADDR (__ram_from_data_flash$$)
 *(.ram_from_data_flash)
 *(.ram_code_from_data_flash)
                0x22000000                        __ram_from_data_flash$$Limit = .

__data_flash_readonly$$
                0x27000000        0x0
                0x27000000                        __data_flash_readonly$$Base = .
 *(.data_flash)
 *(.data_flash_code)
                0x27000000                        __data_flash_readonly$$Limit = .

__data_flash_noinit$$
                0x27000000        0x0
                0x27000000                        __data_flash_noinit$$Base = .
 *(.data_flash_noinit)
                0x27000000                        __data_flash_noinit$$Limit = .

.data_flash.endof
                0x27000000        0x0
                0x27000000                        __ddsc_DATA_FLASH_END = .

.flash.startof  0x02000000        0x0
                0x02000000                        __ddsc_FLASH_START = .

__flash_vectors$$
                0x02000000       0x70
                0x02000000                        __flash_vectors$$Base = .
                0x02000000                        _VECTORS = .
 *(.fixed_vectors)
 .fixed_vectors
                0x02000000       0x40 ./ra/fsp/src/bsp/cmsis/Device/RENESAS/Source/startup.o
                0x02000000                __Vectors
 *(.application_vectors)
 .application_vectors
                0x02000040       0x30 ./ra_gen/vector_data.o
                0x02000040                g_vector_table
                0x02000070                        __flash_vectors$$Limit = .

__flash_noinit$$
                0x02000070        0x0
                0x02000070                        __flash_noinit$$Base = .
 *(.flash_noinit)
                0x02000070                        __flash_noinit$$Limit = .

__sdram_from_flash$$
                0x68000000        0x0 load address 0x02000070
                0x68000000                        __sdram_from_flash$$Base = .
                0x02000070                        __sdram_from_flash$$Load = LOADADDR (__sdram_from_flash$$)
 *(.sdram_from_flash)
 *(.sdram_code_from_flash)
                0x68000000                        __sdram_from_flash$$Limit = .

__sdram_noinit_nocache$$
                0x68000000        0x0 load address 0x02000080
                0x68000000                        __sdram_noinit_nocache$$Base = .
 *(.sdram_noinit_nocache)
                0x68000000                        __sdram_noinit_nocache$$Limit = .

__sdram_zero_nocache$$
                0x68000000        0x0 load address 0x02000070
                0x68000000                        __sdram_zero_nocache$$Base = .
 *(.sdram_nocache)
                0x68000000                        . = ALIGN (0x20)
                0x68000000                        __sdram_zero_nocache$$Limit = .

__sdram_noinit$$
                0x68000000        0x0 load address 0x02000070
                0x68000000                        __sdram_noinit$$Base = .
 *(.sdram_noinit)
                0x68000000                        __sdram_noinit$$Limit = .

__sdram_zero$$  0x68000000        0x0 load address 0x02000070
                0x68000000                        __sdram_zero$$Base = .
 *(.sdram)
                0x68000000                        __sdram_zero$$Limit = .

.sdram.endof    0x68000000        0x0
                0x68000000                        __ddsc_SDRAM_END = .

__ospi0_cs0_from_flash$$
                0x80000000        0x0 load address 0x02000070
                0x80000000                        __ospi0_cs0_from_flash$$Base = .
                0x02000070                        __ospi0_cs0_from_flash$$Load = LOADADDR (__ospi0_cs0_from_flash$$)
 *(.ospi0_cs0_from_flash)
 *(.ospi0_cs0_code_from_flash)
                0x80000000                        __ospi0_cs0_from_flash$$Limit = .

__ospi0_cs0_noinit_nocache$$
                0x80000000        0x0 load address 0x02000080
                0x80000000                        __ospi0_cs0_noinit_nocache$$Base = .
 *(.ospi0_cs0_noinit_nocache)
                0x80000000                        __ospi0_cs0_noinit_nocache$$Limit = .

__ospi0_cs0_zero_nocache$$
                0x80000000        0x0 load address 0x02000070
                0x80000000                        __ospi0_cs0_zero_nocache$$Base = .
 *(.ospi0_cs0_nocache)
                0x80000000                        . = ALIGN (0x20)
                0x80000000                        __ospi0_cs0_zero_nocache$$Limit = .

__ospi0_cs0_noinit$$
                0x80000000        0x0 load address 0x02000070
                0x80000000                        __ospi0_cs0_noinit$$Base = .
 *(.ospi0_cs0_noinit)
                0x80000000                        __ospi0_cs0_noinit$$Limit = .

__ospi0_cs0_zero$$
                0x80000000        0x0 load address 0x02000070
                0x80000000                        __ospi0_cs0_zero$$Base = .
 *(.ospi0_cs0)
                0x80000000                        __ospi0_cs0_zero$$Limit = .

.ospi0_cs0.endof
                0x80000000        0x0
                0x80000000                        __ddsc_OSPI0_CS0_END = .

__ospi1_cs0_from_flash$$
                0x70000000        0x0 load address 0x02000070
                0x70000000                        __ospi1_cs0_from_flash$$Base = .
                0x02000070                        __ospi1_cs0_from_flash$$Load = LOADADDR (__ospi1_cs0_from_flash$$)
 *(.ospi1_cs0_from_flash)
 *(.ospi1_cs0_code_from_flash)
                0x70000000                        __ospi1_cs0_from_flash$$Limit = .

__ospi1_cs0_noinit_nocache$$
                0x70000000        0x0 load address 0x02000080
                0x70000000                        __ospi1_cs0_noinit_nocache$$Base = .
 *(.ospi1_cs0_noinit_nocache)
                0x70000000                        __ospi1_cs0_noinit_nocache$$Limit = .

__ospi1_cs0_zero_nocache$$
                0x70000000        0x0 load address 0x02000070
                0x70000000                        __ospi1_cs0_zero_nocache$$Base = .
 *(.ospi1_cs0_nocache)
                0x70000000                        . = ALIGN (0x20)
                0x70000000                        __ospi1_cs0_zero_nocache$$Limit = .

__ospi1_cs0_noinit$$
                0x70000000        0x0 load address 0x02000070
                0x70000000                        __ospi1_cs0_noinit$$Base = .
 *(.ospi1_cs0_noinit)
                0x70000000                        __ospi1_cs0_noinit$$Limit = .

__ospi1_cs0_zero$$
                0x70000000        0x0 load address 0x02000070
                0x70000000                        __ospi1_cs0_zero$$Base = .
 *(.ospi1_cs0)
                0x70000000                        __ospi1_cs0_zero$$Limit = .

.ospi1_cs0.endof
                0x70000000        0x0
                0x70000000                        __ddsc_OSPI1_CS0_END = .

__itcm_from_flash$$
                0x00000000        0x0 load address 0x02000070
                0x00000000                        __itcm_from_flash$$Base = .
                0x02000070                        __itcm_from_flash$$Load = LOADADDR (__itcm_from_flash$$)
 *(.itcm_from_flash)
 *(.itcm_code_from_flash)
                0x00000000                        __itcm_from_flash$$Limit = .

__itcm_noinit$$
                0x00000000        0x0 load address 0x02000070
                0x00000000                        __itcm_noinit$$Base = .
 *(.itcm_noinit)
                0x00000000                        __itcm_noinit$$Limit = .

__itcm_zero$$   0x00000000        0x0 load address 0x02000070
                0x00000000                        __itcm_zero$$Base = .
 *(.itcm)
                0x00000000                        __itcm_zero$$Limit = .

.itcm.endof     0x00000000        0x0
                0x00000000                        __ddsc_ITCM_END = .

__dtcm_from_flash$$
                0x20000000        0x0 load address 0x02000070
                0x20000000                        __dtcm_from_flash$$Base = .
                0x02000070                        __dtcm_from_flash$$Load = LOADADDR (__dtcm_from_flash$$)
 *(.dtcm_from_flash)
 *(.dtcm_code_from_flash)
                0x20000000                        __dtcm_from_flash$$Limit = .

__dtcm_noinit$$
                0x20000000        0x0 load address 0x02000070
                0x20000000                        __dtcm_noinit$$Base = .
 *(.dtcm_noinit)
                0x20000000                        __dtcm_noinit$$Limit = .

__dtcm_zero$$   0x20000000        0x0 load address 0x02000070
                0x20000000                        __dtcm_zero$$Base = .
 *(.dtcm)
                0x20000000                        __dtcm_zero$$Limit = .

.dtcm.endof     0x20000000        0x0
                0x20000000                        __ddsc_DTCM_END = .

__ram_from_flash$$
                0x22000000      0x20c load address 0x02000070
                0x22000000                        __ram_from_flash$$Base = .
                0x02000070                        __ram_from_flash$$Load = LOADADDR (__ram_from_flash$$)
 *(.ram_from_flash)
 *(.ram_code_from_flash)
 *(.data*)
 .data.ips200_y_max
                0x22000000        0x2 ./zf_device/zf_device_ips200.o
 .data.ips200_x_max
                0x22000002        0x2 ./zf_device/zf_device_ips200.o
 .data.ips200_display_font
                0x22000004        0x1 ./zf_device/zf_device_ips200.o
 *fill*         0x22000005        0x1 
 .data.ips200_bgcolor
                0x22000006        0x2 ./zf_device/zf_device_ips200.o
 .data.ips200_pencolor
                0x22000008        0x2 ./zf_device/zf_device_ips200.o
 *fill*         0x2200000a        0x2 
 .data.g_uart9_baud_setting
                0x2200000c        0x4 ./ra_gen/hal_data.o
                0x2200000c                g_uart9_baud_setting
 .data.g_sdmmc0_cfg
                0x22000010       0x24 ./ra_gen/hal_data.o
                0x22000010                g_sdmmc0_cfg
 .data.g_transfer_sdhi_info
                0x22000034       0x10 ./ra_gen/hal_data.o
                0x22000034                g_transfer_sdhi_info
 .data.__sglue  0x22000044        0xc C:/Renesas/RA/e2studio_v2025-12_fsp_v6.4.0/toolchains/gcc_arm/13.2.rel1/bin/../lib/gcc/arm-none-eabi/13.2.1/thumb/v8-m.main+dp/hard\libg_nano.a(libc_a-findfp.o)
                0x22000044                __sglue
 .data._impure_ptr
                0x22000050        0x4 C:/Renesas/RA/e2studio_v2025-12_fsp_v6.4.0/toolchains/gcc_arm/13.2.rel1/bin/../lib/gcc/arm-none-eabi/13.2.1/thumb/v8-m.main+dp/hard\libg_nano.a(libc_a-impure.o)
                0x22000050                _impure_ptr
 .data._impure_data
                0x22000054       0x4c C:/Renesas/RA/e2studio_v2025-12_fsp_v6.4.0/toolchains/gcc_arm/13.2.rel1/bin/../lib/gcc/arm-none-eabi/13.2.1/thumb/v8-m.main+dp/hard\libg_nano.a(libc_a-impure.o)
                0x22000054                _impure_data
 .data.__global_locale
                0x220000a0      0x16c C:/Renesas/RA/e2studio_v2025-12_fsp_v6.4.0/toolchains/gcc_arm/13.2.rel1/bin/../lib/gcc/arm-none-eabi/13.2.1/thumb/v8-m.main+dp/hard\libg_nano.a(libc_a-locale.o)
                0x220000a0                __global_locale
 *(vtable)
                0x2200020c                        __ram_from_flash$$Limit = .

.tm_clone_table
                0x2200020c        0x0 load address 0x0200027c
 .tm_clone_table
                0x2200020c        0x0 C:/Renesas/RA/e2studio_v2025-12_fsp_v6.4.0/toolchains/gcc_arm/13.2.rel1/bin/../lib/gcc/arm-none-eabi/13.2.1/thumb/v8-m.main+dp/hard/crtbegin.o
 .tm_clone_table
                0x2200020c        0x0 C:/Renesas/RA/e2studio_v2025-12_fsp_v6.4.0/toolchains/gcc_arm/13.2.rel1/bin/../lib/gcc/arm-none-eabi/13.2.1/thumb/v8-m.main+dp/hard/crtend.o

.igot.plt       0x2200020c        0x0 load address 0x0200027c
 .igot.plt      0x2200020c        0x0 C:/Renesas/RA/e2studio_v2025-12_fsp_v6.4.0/toolchains/gcc_arm/13.2.rel1/bin/../lib/gcc/arm-none-eabi/13.2.1/thumb/v8-m.main+dp/hard/crtbegin.o

__ram_noinit_nocache$$
                0x22000220        0x0 load address 0x02000280
                0x22000220                        __ram_noinit_nocache$$Base = .
 *(.ram_noinit_nocache)
                0x22000220                        __ram_noinit_nocache$$Limit = .

__ram_zero_nocache$$
                0x2200020c       0x14 load address 0x0200027c
                0x2200020c                        __ram_zero_nocache$$Base = .
 *(.ram_nocache)
                0x22000220                        . = ALIGN (0x20)
 *fill*         0x2200020c       0x14 
                0x22000220                        __ram_zero_nocache$$Limit = .

__ram_noinit$$  0x22000220     0x242c load address 0x0200027c
                0x22000220                        __ram_noinit$$Base = .
 *(.bss.g_heap)
 .bss.g_heap    0x22000220     0x2000 ./ra/fsp/src/bsp/cmsis/Device/RENESAS/Source/startup.o
                0x22000220                g_heap
 *(.bss.g_main_stack)
 .bss.g_main_stack
                0x22002220      0x400 ./ra/fsp/src/bsp/cmsis/Device/RENESAS/Source/startup.o
                0x22002220                g_main_stack
 *(.ram_noinit)
 .ram_noinit    0x22002620       0x2c ./ra/fsp/src/bsp/mcu/all/bsp_clocks.o
 *(.noinit)
                0x2200264c                        __ram_noinit$$Limit = .

__ram_zero$$    0x22002650      0xb68 load address 0x0200027c
                0x22002650                        __ram_zero$$Base = .
 *(.ram)
 *(.bss*)
 .bss.completed.1
                0x22002650        0x1 C:/Renesas/RA/e2studio_v2025-12_fsp_v6.4.0/toolchains/gcc_arm/13.2.rel1/bin/../lib/gcc/arm-none-eabi/13.2.1/thumb/v8-m.main+dp/hard/crtbegin.o
 *fill*         0x22002651        0x3 
 .bss.object.0  0x22002654       0x18 C:/Renesas/RA/e2studio_v2025-12_fsp_v6.4.0/toolchains/gcc_arm/13.2.rel1/bin/../lib/gcc/arm-none-eabi/13.2.1/thumb/v8-m.main+dp/hard/crtbegin.o
 *fill*         0x2200266c        0x4 
 .bss.write_16bit_data_temp
                0x22002670      0x280 ./zf_device/zf_device_ips200.o
 .bss.ips200_display_dir
                0x220028f0        0x1 ./zf_device/zf_device_ips200.o
 *fill*         0x220028f1        0x3 
 .bss.g_src     0x220028f4      0x200 ./src/sdhi_sdcard/bsp_sdhi_sdcard.o
                0x220028f4                g_src
 .bss.g_dest    0x22002af4      0x200 ./src/sdhi_sdcard/bsp_sdhi_sdcard.o
                0x22002af4                g_dest
 .bss.g_erase_complete
                0x22002cf4        0x4 ./src/sdhi_sdcard/bsp_sdhi_sdcard.o
                0x22002cf4                g_erase_complete
 .bss.g_card_inserted
                0x22002cf8        0x4 ./src/sdhi_sdcard/bsp_sdhi_sdcard.o
                0x22002cf8                g_card_inserted
 .bss.g_transfer_complete
                0x22002cfc        0x4 ./src/sdhi_sdcard/bsp_sdhi_sdcard.o
                0x22002cfc                g_transfer_complete
 .bss.g_ioport_ctrl
                0x22002d00        0x8 ./ra_gen/common_data.o
                0x22002d00                g_ioport_ctrl
 .bss.g_uart9_ctrl
                0x22002d08       0x34 ./ra_gen/hal_data.o
                0x22002d08                g_uart9_ctrl
 .bss.g_sci_spi5_ctrl
                0x22002d3c       0x2c ./ra_gen/hal_data.o
                0x22002d3c                g_sci_spi5_ctrl
 .bss.g_sdmmc0_ctrl
                0x22002d68      0x248 ./ra_gen/hal_data.o
                0x22002d68                g_sdmmc0_ctrl
 .bss.g_transfer_sdhi_ctrl
                0x22002fb0       0x18 ./ra_gen/hal_data.o
                0x22002fb0                g_transfer_sdhi_ctrl
 .bss.tx_dummy.0
                0x22002fc8        0x1 ./ra/fsp/src/r_sci_b_spi/r_sci_b_spi.o
 *fill*         0x22002fc9        0x7 
 .bss.g_bsp_group_irq_sources
                0x22002fd0       0x54 ./ra/fsp/src/bsp/mcu/all/bsp_group_irq.o
                0x22002fd0                g_bsp_group_irq_sources
 .bss.g_protect_pfswe_counter
                0x22003024        0x4 ./ra/fsp/src/bsp/mcu/all/bsp_io.o
                0x22003024                g_protect_pfswe_counter
 .bss.gp_renesas_isr_context
                0x22003028       0x30 ./ra/fsp/src/bsp/mcu/all/bsp_irq.o
                0x22003028                gp_renesas_isr_context
 .bss.g_protect_counters
                0x22003058        0xa ./ra/fsp/src/bsp/mcu/all/bsp_register_protection.o
                0x22003058                g_protect_counters
 *fill*         0x22003062        0x2 
 .bss.current_block_offset.0
                0x22003064        0x4 ./ra/fsp/src/bsp/mcu/all/bsp_sbrk.o
 .bss.SystemCoreClock
                0x22003068        0x4 ./ra/fsp/src/bsp/cmsis/Device/RENESAS/Source/system.o
                0x22003068                SystemCoreClock
 .bss.__sf      0x2200306c      0x138 C:/Renesas/RA/e2studio_v2025-12_fsp_v6.4.0/toolchains/gcc_arm/13.2.rel1/bin/../lib/gcc/arm-none-eabi/13.2.1/thumb/v8-m.main+dp/hard\libg_nano.a(libc_a-findfp.o)
                0x2200306c                __sf
 .bss.__stdio_exit_handler
                0x220031a4        0x4 C:/Renesas/RA/e2studio_v2025-12_fsp_v6.4.0/toolchains/gcc_arm/13.2.rel1/bin/../lib/gcc/arm-none-eabi/13.2.1/thumb/v8-m.main+dp/hard\libg_nano.a(libc_a-findfp.o)
                0x220031a4                __stdio_exit_handler
 .bss.errno     0x220031a8        0x4 C:/Renesas/RA/e2studio_v2025-12_fsp_v6.4.0/toolchains/gcc_arm/13.2.rel1/bin/../lib/gcc/arm-none-eabi/13.2.1/thumb/v8-m.main+dp/hard\libg_nano.a(libc_a-reent.o)
                0x220031a8                errno
 .bss.__lock___malloc_recursive_mutex
                0x220031ac        0x1 C:/Renesas/RA/e2studio_v2025-12_fsp_v6.4.0/toolchains/gcc_arm/13.2.rel1/bin/../lib/gcc/arm-none-eabi/13.2.1/thumb/v8-m.main+dp/hard\libg_nano.a(libc_a-lock.o)
                0x220031ac                __lock___malloc_recursive_mutex
 .bss.__lock___sfp_recursive_mutex
                0x220031ad        0x1 C:/Renesas/RA/e2studio_v2025-12_fsp_v6.4.0/toolchains/gcc_arm/13.2.rel1/bin/../lib/gcc/arm-none-eabi/13.2.1/thumb/v8-m.main+dp/hard\libg_nano.a(libc_a-lock.o)
                0x220031ad                __lock___sfp_recursive_mutex
 *fill*         0x220031ae        0x2 
 .bss.__malloc_sbrk_start
                0x220031b0        0x4 C:/Renesas/RA/e2studio_v2025-12_fsp_v6.4.0/toolchains/gcc_arm/13.2.rel1/bin/../lib/gcc/arm-none-eabi/13.2.1/thumb/v8-m.main+dp/hard\libg_nano.a(libc_a-mallocr.o)
                0x220031b0                __malloc_sbrk_start
 .bss.__malloc_free_list
                0x220031b4        0x4 C:/Renesas/RA/e2studio_v2025-12_fsp_v6.4.0/toolchains/gcc_arm/13.2.rel1/bin/../lib/gcc/arm-none-eabi/13.2.1/thumb/v8-m.main+dp/hard\libg_nano.a(libc_a-mallocr.o)
                0x220031b4                __malloc_free_list
                0x220031b8                        __ram_zero$$Limit = .

__ram_thread_stack$$
                0x220031b8        0x0 load address 0x02000280
                0x220031b8                        __ram_thread_stack$$Base = .
 *(.stack?*)
                0x220031b8                        __ram_thread_stack$$Limit = .

.ram.endof      0x22003200        0x0
                0x22003200                        __ddsc_RAM_END = .

.ram.flat_nsc   0x22003200        0x0
                0x22003200                        __ddsc_RAM_NSC = .

__flash_readonly$$
                0x02000280    0x24c2c
                0x02000280                        __flash_readonly$$Base = .
 *(.flash)
 *(.flash_code)
 *(.text*)
 .text.deregister_tm_clones
                0x02000280       0x1c C:/Renesas/RA/e2studio_v2025-12_fsp_v6.4.0/toolchains/gcc_arm/13.2.rel1/bin/../lib/gcc/arm-none-eabi/13.2.1/thumb/v8-m.main+dp/hard/crtbegin.o
 .text.register_tm_clones
                0x0200029c       0x28 C:/Renesas/RA/e2studio_v2025-12_fsp_v6.4.0/toolchains/gcc_arm/13.2.rel1/bin/../lib/gcc/arm-none-eabi/13.2.1/thumb/v8-m.main+dp/hard/crtbegin.o
 .text.__do_global_dtors_aux
                0x020002c4       0x28 C:/Renesas/RA/e2studio_v2025-12_fsp_v6.4.0/toolchains/gcc_arm/13.2.rel1/bin/../lib/gcc/arm-none-eabi/13.2.1/thumb/v8-m.main+dp/hard/crtbegin.o
 .text.frame_dummy
                0x020002ec       0x24 C:/Renesas/RA/e2studio_v2025-12_fsp_v6.4.0/toolchains/gcc_arm/13.2.rel1/bin/../lib/gcc/arm-none-eabi/13.2.1/thumb/v8-m.main+dp/hard/crtbegin.o
 .text.ips200_write_16bit_data_spi_array
                0x02000310       0x60 ./zf_device/zf_device_ips200.o
 .text.ips200_write_command
                0x02000370       0x4c ./zf_device/zf_device_ips200.o
 .text.ips200_set_region
                0x020003bc       0xec ./zf_device/zf_device_ips200.o
 .text.ips200_clear
                0x020004a8       0xac ./zf_device/zf_device_ips200.o
                0x020004a8                ips200_clear
 .text.ips200_full
                0x02000554       0xa8 ./zf_device/zf_device_ips200.o
                0x02000554                ips200_full
 .text.ips200_show_char
                0x020005fc      0x1e0 ./zf_device/zf_device_ips200.o
                0x020005fc                ips200_show_char
 .text.ips200_show_chinese
                0x020007dc      0x18c ./zf_device/zf_device_ips200.o
                0x020007dc                ips200_show_chinese
 .text.ips200_show_mixed_string
                0x02000968      0x128 ./zf_device/zf_device_ips200.o
                0x02000968                ips200_show_mixed_string
 .text.ips200_init
                0x02000a90      0x48c ./zf_device/zf_device_ips200.o
                0x02000a90                ips200_init
 .text.sci5_b_spi_callback
                0x02000f1c        0x4 ./zf_device/zf_device_ips200.o
                0x02000f1c                sci5_b_spi_callback
 .text.debug_assert_handler
                0x02000f20       0x14 ./zf_common/zf_common_debug.o
                0x02000f20                debug_assert_handler
 .text.debug_init
                0x02000f34       0x10 ./zf_common/zf_common_debug.o
                0x02000f34                debug_init
 .text._write   0x02000f44       0x18 ./zf_common/zf_common_debug.o
                0x02000f44                _write
 .text.chinese_font_find_by_name
                0x02000f5c       0x50 ./zf_common/zf_common_font.o
                0x02000f5c                chinese_font_find_by_name
 .text.SDcard_Init
                0x02000fac       0x30 ./src/sdhi_sdcard/bsp_sdhi_sdcard.o
                0x02000fac                SDcard_Init
 .text.g_sdmmc0_callback
                0x02000fdc       0x4c ./src/sdhi_sdcard/bsp_sdhi_sdcard.o
                0x02000fdc                g_sdmmc0_callback
 .text.SDCard_Operation
                0x02001028      0x1a0 ./src/sdhi_sdcard/bsp_sdhi_sdcard.o
                0x02001028                SDCard_Operation
 .text.hal_entry
                0x020011c8       0xa0 ./src/hal_entry.o
                0x020011c8                hal_entry
 .text.R_BSP_WarmStart
                0x02001268       0x18 ./src/hal_warmstart.o
                0x02001268                R_BSP_WarmStart
 .text.g_sdmmc0_dmac_callback
                0x02001280        0x8 ./ra_gen/hal_data.o
                0x02001280                g_sdmmc0_dmac_callback
 .text.startup.main
                0x02001288        0xc ./ra_gen/main.o
                0x02001288                main
 .text.R_SDHI_StatusGet
                0x02001294       0x30 ./ra/fsp/src/r_sdhi/r_sdhi.o
                0x02001294                R_SDHI_StatusGet
 .text.r_sdhi_command_send_no_wait
                0x020012c4       0x44 ./ra/fsp/src/r_sdhi/r_sdhi.o
 .text.r_sdhi_transfer_read
                0x02001308       0x74 ./ra/fsp/src/r_sdhi/r_sdhi.o
 .text.r_sdhi_call_callback
                0x0200137c       0x50 ./ra/fsp/src/r_sdhi/r_sdhi.o
 .text.R_SDHI_Write
                0x020013cc      0x110 ./ra/fsp/src/r_sdhi/r_sdhi.o
                0x020013cc                R_SDHI_Write
 .text.r_sdhi_max_clock_rate_set
                0x020014dc       0xc0 ./ra/fsp/src/r_sdhi/r_sdhi.o
 .text.r_sdhi_command_send
                0x0200159c       0x80 ./ra/fsp/src/r_sdhi/r_sdhi.o
 .text.R_SDHI_Read
                0x0200161c       0x70 ./ra/fsp/src/r_sdhi/r_sdhi.o
                0x0200161c                R_SDHI_Read
 .text.R_SDHI_Open
                0x0200168c      0x1d8 ./ra/fsp/src/r_sdhi/r_sdhi.o
                0x0200168c                R_SDHI_Open
 .text.R_SDHI_MediaInit
                0x02001864      0x37c ./ra/fsp/src/r_sdhi/r_sdhi.o
                0x02001864                R_SDHI_MediaInit
 .text.r_sdhi_transfer_callback
                0x02001be0       0xa0 ./ra/fsp/src/r_sdhi/r_sdhi.o
                0x02001be0                r_sdhi_transfer_callback
 .text.sdhimmc_accs_isr
                0x02001c80      0x13c ./ra/fsp/src/r_sdhi/r_sdhi.o
                0x02001c80                sdhimmc_accs_isr
 .text.sdhimmc_card_isr
                0x02001dbc       0x74 ./ra/fsp/src/r_sdhi/r_sdhi.o
                0x02001dbc                sdhimmc_card_isr
 .text.R_SCI_B_UART_Read
                0x02001e30        0xc ./ra/fsp/src/r_sci_b_uart/r_sci_b_uart.o
                0x02001e30                R_SCI_B_UART_Read
 .text.R_SCI_B_UART_Write
                0x02001e3c       0x40 ./ra/fsp/src/r_sci_b_uart/r_sci_b_uart.o
                0x02001e3c                R_SCI_B_UART_Write
 .text.R_SCI_B_UART_CallbackSet
                0x02001e7c       0x10 ./ra/fsp/src/r_sci_b_uart/r_sci_b_uart.o
                0x02001e7c                R_SCI_B_UART_CallbackSet
 .text.R_SCI_B_UART_InfoGet
                0x02001e8c        0xc ./ra/fsp/src/r_sci_b_uart/r_sci_b_uart.o
                0x02001e8c                R_SCI_B_UART_InfoGet
 .text.R_SCI_B_UART_Abort
                0x02001e98       0x48 ./ra/fsp/src/r_sci_b_uart/r_sci_b_uart.o
                0x02001e98                R_SCI_B_UART_Abort
 .text.R_SCI_B_UART_ReadStop
                0x02001ee0       0x14 ./ra/fsp/src/r_sci_b_uart/r_sci_b_uart.o
                0x02001ee0                R_SCI_B_UART_ReadStop
 .text.R_SCI_B_UART_ReceiveSuspend
                0x02001ef4        0x4 ./ra/fsp/src/r_sci_b_uart/r_sci_b_uart.o
                0x02001ef4                R_SCI_B_UART_ReceiveSuspend
 .text.r_sci_b_irq_cfg
                0x02001ef8       0x70 ./ra/fsp/src/r_sci_b_uart/r_sci_b_uart.o
 .text.r_sci_b_uart_call_callback
                0x02001f68       0x44 ./ra/fsp/src/r_sci_b_uart/r_sci_b_uart.o
 .text.R_SCI_B_UART_Close
                0x02001fac       0xf4 ./ra/fsp/src/r_sci_b_uart/r_sci_b_uart.o
                0x02001fac                R_SCI_B_UART_Close
 .text.r_sci_b_uart_synchronization_delay_cfg.constprop.0
                0x020020a0       0x7c ./ra/fsp/src/r_sci_b_uart/r_sci_b_uart.o
 .text.R_SCI_B_UART_BaudSet
                0x0200211c       0x30 ./ra/fsp/src/r_sci_b_uart/r_sci_b_uart.o
                0x0200211c                R_SCI_B_UART_BaudSet
 .text.R_SCI_B_UART_ReceiveResume
                0x0200214c        0x4 ./ra/fsp/src/r_sci_b_uart/r_sci_b_uart.o
                0x0200214c                R_SCI_B_UART_ReceiveResume
 .text.R_SCI_B_UART_Open
                0x02002150      0x288 ./ra/fsp/src/r_sci_b_uart/r_sci_b_uart.o
                0x02002150                R_SCI_B_UART_Open
 .text.sci_b_uart_txi_isr
                0x020023d8       0xa8 ./ra/fsp/src/r_sci_b_uart/r_sci_b_uart.o
                0x020023d8                sci_b_uart_txi_isr
 .text.sci_b_uart_rxi_isr
                0x02002480       0x90 ./ra/fsp/src/r_sci_b_uart/r_sci_b_uart.o
                0x02002480                sci_b_uart_rxi_isr
 .text.sci_b_uart_tei_isr
                0x02002510       0x4c ./ra/fsp/src/r_sci_b_uart/r_sci_b_uart.o
                0x02002510                sci_b_uart_tei_isr
 .text.sci_b_uart_eri_isr
                0x0200255c       0x84 ./ra/fsp/src/r_sci_b_uart/r_sci_b_uart.o
                0x0200255c                sci_b_uart_eri_isr
 .text.R_SCI_B_SPI_CallbackSet
                0x020025e0       0x10 ./ra/fsp/src/r_sci_b_spi/r_sci_b_spi.o
                0x020025e0                R_SCI_B_SPI_CallbackSet
 .text.r_sci_b_spi_call_callback
                0x020025f0       0x40 ./ra/fsp/src/r_sci_b_spi/r_sci_b_spi.o
 .text.R_SCI_B_SPI_Close
                0x02002630       0xe8 ./ra/fsp/src/r_sci_b_spi/r_sci_b_spi.o
                0x02002630                R_SCI_B_SPI_Close
 .text.R_SCI_B_SPI_Open
                0x02002718      0x31c ./ra/fsp/src/r_sci_b_spi/r_sci_b_spi.o
                0x02002718                R_SCI_B_SPI_Open
 .text.r_sci_b_spi_write_read_common
                0x02002a34      0x164 ./ra/fsp/src/r_sci_b_spi/r_sci_b_spi.o
 .text.R_SCI_B_SPI_Read
                0x02002b98        0xc ./ra/fsp/src/r_sci_b_spi/r_sci_b_spi.o
                0x02002b98                R_SCI_B_SPI_Read
 .text.R_SCI_B_SPI_Write
                0x02002ba4        0x8 ./ra/fsp/src/r_sci_b_spi/r_sci_b_spi.o
                0x02002ba4                R_SCI_B_SPI_Write
 .text.R_SCI_B_SPI_WriteRead
                0x02002bac        0x4 ./ra/fsp/src/r_sci_b_spi/r_sci_b_spi.o
                0x02002bac                R_SCI_B_SPI_WriteRead
 .text.sci_b_spi_txi_isr
                0x02002bb0       0x70 ./ra/fsp/src/r_sci_b_spi/r_sci_b_spi.o
                0x02002bb0                sci_b_spi_txi_isr
 .text.sci_b_spi_rxi_isr
                0x02002c20       0x84 ./ra/fsp/src/r_sci_b_spi/r_sci_b_spi.o
                0x02002c20                sci_b_spi_rxi_isr
 .text.sci_b_spi_tei_isr
                0x02002ca4       0x44 ./ra/fsp/src/r_sci_b_spi/r_sci_b_spi.o
                0x02002ca4                sci_b_spi_tei_isr
 .text.sci_b_spi_eri_isr
                0x02002ce8       0x48 ./ra/fsp/src/r_sci_b_spi/r_sci_b_spi.o
                0x02002ce8                sci_b_spi_eri_isr
 .text.R_IOPORT_Close
                0x02002d30        0xc ./ra/fsp/src/r_ioport/r_ioport.o
                0x02002d30                R_IOPORT_Close
 .text.R_IOPORT_PinRead
                0x02002d3c       0x24 ./ra/fsp/src/r_ioport/r_ioport.o
                0x02002d3c                R_IOPORT_PinRead
 .text.R_IOPORT_PortRead
                0x02002d60       0x14 ./ra/fsp/src/r_ioport/r_ioport.o
                0x02002d60                R_IOPORT_PortRead
 .text.R_IOPORT_PortWrite
                0x02002d74       0x1c ./ra/fsp/src/r_ioport/r_ioport.o
                0x02002d74                R_IOPORT_PortWrite
 .text.R_IOPORT_PinWrite
                0x02002d90       0x28 ./ra/fsp/src/r_ioport/r_ioport.o
                0x02002d90                R_IOPORT_PinWrite
 .text.R_IOPORT_PortDirectionSet
                0x02002db8       0x2c ./ra/fsp/src/r_ioport/r_ioport.o
                0x02002db8                R_IOPORT_PortDirectionSet
 .text.R_IOPORT_PortEventInputRead
                0x02002de4       0x18 ./ra/fsp/src/r_ioport/r_ioport.o
                0x02002de4                R_IOPORT_PortEventInputRead
 .text.R_IOPORT_PinEventInputRead
                0x02002dfc       0x34 ./ra/fsp/src/r_ioport/r_ioport.o
                0x02002dfc                R_IOPORT_PinEventInputRead
 .text.R_IOPORT_PortEventOutputWrite
                0x02002e30       0x1c ./ra/fsp/src/r_ioport/r_ioport.o
                0x02002e30                R_IOPORT_PortEventOutputWrite
 .text.R_IOPORT_PinEventOutputWrite
                0x02002e4c       0x34 ./ra/fsp/src/r_ioport/r_ioport.o
                0x02002e4c                R_IOPORT_PinEventOutputWrite
 .text.bsp_vbatt_init
                0x02002e80       0xec ./ra/fsp/src/r_ioport/r_ioport.o
 .text.r_ioport_pins_config
                0x02002f6c       0xac ./ra/fsp/src/r_ioport/r_ioport.o
 .text.R_IOPORT_Open
                0x02003018       0x14 ./ra/fsp/src/r_ioport/r_ioport.o
                0x02003018                R_IOPORT_Open
 .text.R_IOPORT_PinsCfg
                0x0200302c        0xc ./ra/fsp/src/r_ioport/r_ioport.o
                0x0200302c                R_IOPORT_PinsCfg
 .text.R_IOPORT_PinCfg
                0x02003038       0xa8 ./ra/fsp/src/r_ioport/r_ioport.o
                0x02003038                R_IOPORT_PinCfg
 .text.R_DMAC_SoftwareStart
                0x020030e0       0x14 ./ra/fsp/src/r_dmac/r_dmac.o
                0x020030e0                R_DMAC_SoftwareStart
 .text.R_DMAC_SoftwareStop
                0x020030f4        0xc ./ra/fsp/src/r_dmac/r_dmac.o
                0x020030f4                R_DMAC_SoftwareStop
 .text.R_DMAC_Enable
                0x02003100        0xc ./ra/fsp/src/r_dmac/r_dmac.o
                0x02003100                R_DMAC_Enable
 .text.R_DMAC_InfoGet
                0x0200310c       0x38 ./ra/fsp/src/r_dmac/r_dmac.o
                0x0200310c                R_DMAC_InfoGet
 .text.R_DMAC_Reload
                0x02003144        0x4 ./ra/fsp/src/r_dmac/r_dmac.o
                0x02003144                R_DMAC_Reload
 .text.R_DMAC_CallbackSet
                0x02003148        0xc ./ra/fsp/src/r_dmac/r_dmac.o
                0x02003148                R_DMAC_CallbackSet
 .text.R_DMAC_Close
                0x02003154       0x60 ./ra/fsp/src/r_dmac/r_dmac.o
                0x02003154                R_DMAC_Close
 .text.r_dmac_config_transfer_info
                0x020031b4      0x1f4 ./ra/fsp/src/r_dmac/r_dmac.o
 .text.R_DMAC_Reconfigure
                0x020033a8       0x14 ./ra/fsp/src/r_dmac/r_dmac.o
                0x020033a8                R_DMAC_Reconfigure
 .text.R_DMAC_Open
                0x020033bc       0x6c ./ra/fsp/src/r_dmac/r_dmac.o
                0x020033bc                R_DMAC_Open
 .text.R_DMAC_Disable
                0x02003428       0x34 ./ra/fsp/src/r_dmac/r_dmac.o
                0x02003428                R_DMAC_Disable
 .text.R_DMAC_Reset
                0x0200345c       0x64 ./ra/fsp/src/r_dmac/r_dmac.o
                0x0200345c                R_DMAC_Reset
 .text.dmac_int_isr
                0x020034c0       0x48 ./ra/fsp/src/r_dmac/r_dmac.o
                0x020034c0                dmac_int_isr
 .text.ceu_isr  0x02003508       0x9c ./ra/fsp/src/r_ceu/r_ceu.o
                0x02003508                ceu_isr
 .text.SystemCoreClockUpdate
                0x020035a4       0x88 ./ra/fsp/src/bsp/mcu/all/bsp_clocks.o
                0x020035a4                SystemCoreClockUpdate
 .text.R_BSP_SubClockStabilizeWaitAfterReset
                0x0200362c        0x4 ./ra/fsp/src/bsp/mcu/all/bsp_clocks.o
                0x0200362c                R_BSP_SubClockStabilizeWaitAfterReset
 .text.bsp_clock_init
                0x02003630      0x26c ./ra/fsp/src/bsp/mcu/all/bsp_clocks.o
                0x02003630                bsp_clock_init
 .text.R_BSP_SourceClockHzGet
                0x0200389c        0xc ./ra/fsp/src/bsp/mcu/all/bsp_clocks.o
                0x0200389c                R_BSP_SourceClockHzGet
 .text.R_BSP_Init_RTC
                0x020038a8       0xb0 ./ra/fsp/src/bsp/mcu/all/bsp_clocks.o
                0x020038a8                R_BSP_Init_RTC
 .text.bsp_init_internal
                0x02003958        0x4 ./ra/fsp/src/bsp/mcu/all/bsp_common.o
                0x02003958                bsp_init_internal
                0x02003958                bsp_init
 .text.__assert_func
                0x0200395c        0x4 ./ra/fsp/src/bsp/mcu/all/bsp_common.o
                0x0200395c                __assert_func
 .text.bsp_prv_software_delay_loop
                0x02003960        0xc ./ra/fsp/src/bsp/mcu/all/bsp_delay.o
                0x02003960                bsp_prv_software_delay_loop
 .text.R_BSP_SoftwareDelay
                0x0200396c       0x88 ./ra/fsp/src/bsp/mcu/all/bsp_delay.o
                0x0200396c                R_BSP_SoftwareDelay
 .text.NMI_Handler
                0x020039f4       0x44 ./ra/fsp/src/bsp/mcu/all/bsp_group_irq.o
                0x020039f4                NMI_Handler
 .text.bsp_irq_cfg
                0x02003a38       0x2c ./ra/fsp/src/bsp/mcu/all/bsp_irq.o
                0x02003a38                bsp_irq_cfg
 .text.R_BSP_RegisterProtectEnable
                0x02003a64       0x60 ./ra/fsp/src/bsp/mcu/all/bsp_register_protection.o
                0x02003a64                R_BSP_RegisterProtectEnable
 .text.R_BSP_RegisterProtectDisable
                0x02003ac4       0x54 ./ra/fsp/src/bsp/mcu/all/bsp_register_protection.o
                0x02003ac4                R_BSP_RegisterProtectDisable
 .text._sbrk    0x02003b18       0x30 ./ra/fsp/src/bsp/mcu/all/bsp_sbrk.o
                0x02003b18                _sbrk
 .text.Default_Handler
                0x02003b48        0x4 ./ra/fsp/src/bsp/cmsis/Device/RENESAS/Source/startup.o
                0x02003b48                DebugMon_Handler
                0x02003b48                HardFault_Handler
                0x02003b48                SysTick_Handler
                0x02003b48                PendSV_Handler
                0x02003b48                UsageFault_Handler
                0x02003b48                SecureFault_Handler
                0x02003b48                Default_Handler
                0x02003b48                MemManage_Handler
                0x02003b48                SVC_Handler
                0x02003b48                BusFault_Handler
 .text.Reset_Handler
                0x02003b4c        0xc ./ra/fsp/src/bsp/cmsis/Device/RENESAS/Source/startup.o
                0x02003b4c                Reset_Handler
 .text.SystemRuntimeInit
                0x02003b58       0x64 ./ra/fsp/src/bsp/cmsis/Device/RENESAS/Source/system.o
 *fill*         0x02003bbc        0x4 
 .text.SystemInit
                0x02003bc0      0x23c ./ra/fsp/src/bsp/cmsis/Device/RENESAS/Source/system.o
                0x02003bc0                SystemInit
 .text.__cvt    0x02003dfc       0xa8 C:/Renesas/RA/e2studio_v2025-12_fsp_v6.4.0/toolchains/gcc_arm/13.2.rel1/bin/../lib/gcc/arm-none-eabi/13.2.1/thumb/v8-m.main+dp/hard\libg_nano.a(libc_a-nano-vfprintf_float.o)
                0x02003dfc                __cvt
 .text.__exponent
                0x02003ea4       0x72 C:/Renesas/RA/e2studio_v2025-12_fsp_v6.4.0/toolchains/gcc_arm/13.2.rel1/bin/../lib/gcc/arm-none-eabi/13.2.1/thumb/v8-m.main+dp/hard\libg_nano.a(libc_a-nano-vfprintf_float.o)
                0x02003ea4                __exponent
 *fill*         0x02003f16        0x2 
 .text._printf_float
                0x02003f18      0x434 C:/Renesas/RA/e2studio_v2025-12_fsp_v6.4.0/toolchains/gcc_arm/13.2.rel1/bin/../lib/gcc/arm-none-eabi/13.2.1/thumb/v8-m.main+dp/hard\libg_nano.a(libc_a-nano-vfprintf_float.o)
                0x02003f18                _printf_float
 .text._printf_common
                0x0200434c       0xe4 C:/Renesas/RA/e2studio_v2025-12_fsp_v6.4.0/toolchains/gcc_arm/13.2.rel1/bin/../lib/gcc/arm-none-eabi/13.2.1/thumb/v8-m.main+dp/hard\libg_nano.a(libc_a-nano-vfprintf_i.o)
                0x0200434c                _printf_common
 .text._printf_i
                0x02004430      0x23c C:/Renesas/RA/e2studio_v2025-12_fsp_v6.4.0/toolchains/gcc_arm/13.2.rel1/bin/../lib/gcc/arm-none-eabi/13.2.1/thumb/v8-m.main+dp/hard\libg_nano.a(libc_a-nano-vfprintf_i.o)
                0x02004430                _printf_i
 .text.std      0x0200466c       0x6c C:/Renesas/RA/e2studio_v2025-12_fsp_v6.4.0/toolchains/gcc_arm/13.2.rel1/bin/../lib/gcc/arm-none-eabi/13.2.1/thumb/v8-m.main+dp/hard\libg_nano.a(libc_a-findfp.o)
 .text.stdio_exit_handler
                0x020046d8       0x18 C:/Renesas/RA/e2studio_v2025-12_fsp_v6.4.0/toolchains/gcc_arm/13.2.rel1/bin/../lib/gcc/arm-none-eabi/13.2.1/thumb/v8-m.main+dp/hard\libg_nano.a(libc_a-findfp.o)
 .text.cleanup_stdio
                0x020046f0       0x40 C:/Renesas/RA/e2studio_v2025-12_fsp_v6.4.0/toolchains/gcc_arm/13.2.rel1/bin/../lib/gcc/arm-none-eabi/13.2.1/thumb/v8-m.main+dp/hard\libg_nano.a(libc_a-findfp.o)
 .text.global_stdio_init.part.0
                0x02004730       0x3c C:/Renesas/RA/e2studio_v2025-12_fsp_v6.4.0/toolchains/gcc_arm/13.2.rel1/bin/../lib/gcc/arm-none-eabi/13.2.1/thumb/v8-m.main+dp/hard\libg_nano.a(libc_a-findfp.o)
 .text.__sfp_lock_acquire
                0x0200476c        0xc C:/Renesas/RA/e2studio_v2025-12_fsp_v6.4.0/toolchains/gcc_arm/13.2.rel1/bin/../lib/gcc/arm-none-eabi/13.2.1/thumb/v8-m.main+dp/hard\libg_nano.a(libc_a-findfp.o)
                0x0200476c                __sfp_lock_acquire
 .text.__sfp_lock_release
                0x02004778        0xc C:/Renesas/RA/e2studio_v2025-12_fsp_v6.4.0/toolchains/gcc_arm/13.2.rel1/bin/../lib/gcc/arm-none-eabi/13.2.1/thumb/v8-m.main+dp/hard\libg_nano.a(libc_a-findfp.o)
                0x02004778                __sfp_lock_release
 .text.__sinit  0x02004784       0x30 C:/Renesas/RA/e2studio_v2025-12_fsp_v6.4.0/toolchains/gcc_arm/13.2.rel1/bin/../lib/gcc/arm-none-eabi/13.2.1/thumb/v8-m.main+dp/hard\libg_nano.a(libc_a-findfp.o)
                0x02004784                __sinit
 .text._fwalk_sglue
                0x020047b4       0x3c C:/Renesas/RA/e2studio_v2025-12_fsp_v6.4.0/toolchains/gcc_arm/13.2.rel1/bin/../lib/gcc/arm-none-eabi/13.2.1/thumb/v8-m.main+dp/hard\libg_nano.a(libc_a-fwalk.o)
                0x020047b4                _fwalk_sglue
 .text.printf   0x020047f0       0x24 C:/Renesas/RA/e2studio_v2025-12_fsp_v6.4.0/toolchains/gcc_arm/13.2.rel1/bin/../lib/gcc/arm-none-eabi/13.2.1/thumb/v8-m.main+dp/hard\libg_nano.a(libc_a-printf.o)
                0x020047f0                iprintf
                0x020047f0                printf
 .text.putchar  0x02004814       0x10 C:/Renesas/RA/e2studio_v2025-12_fsp_v6.4.0/toolchains/gcc_arm/13.2.rel1/bin/../lib/gcc/arm-none-eabi/13.2.1/thumb/v8-m.main+dp/hard\libg_nano.a(libc_a-putchar.o)
                0x02004814                putchar
 .text._puts_r  0x02004824       0xaa C:/Renesas/RA/e2studio_v2025-12_fsp_v6.4.0/toolchains/gcc_arm/13.2.rel1/bin/../lib/gcc/arm-none-eabi/13.2.1/thumb/v8-m.main+dp/hard\libg_nano.a(libc_a-puts.o)
                0x02004824                _puts_r
 *fill*         0x020048ce        0x2 
 .text.puts     0x020048d0       0x10 C:/Renesas/RA/e2studio_v2025-12_fsp_v6.4.0/toolchains/gcc_arm/13.2.rel1/bin/../lib/gcc/arm-none-eabi/13.2.1/thumb/v8-m.main+dp/hard\libg_nano.a(libc_a-puts.o)
                0x020048d0                puts
 .text.__sread  0x020048e0       0x22 C:/Renesas/RA/e2studio_v2025-12_fsp_v6.4.0/toolchains/gcc_arm/13.2.rel1/bin/../lib/gcc/arm-none-eabi/13.2.1/thumb/v8-m.main+dp/hard\libg_nano.a(libc_a-stdio.o)
                0x020048e0                __sread
 .text.__swrite
                0x02004902       0x38 C:/Renesas/RA/e2studio_v2025-12_fsp_v6.4.0/toolchains/gcc_arm/13.2.rel1/bin/../lib/gcc/arm-none-eabi/13.2.1/thumb/v8-m.main+dp/hard\libg_nano.a(libc_a-stdio.o)
                0x02004902                __swrite
 .text.__sseek  0x0200493a       0x24 C:/Renesas/RA/e2studio_v2025-12_fsp_v6.4.0/toolchains/gcc_arm/13.2.rel1/bin/../lib/gcc/arm-none-eabi/13.2.1/thumb/v8-m.main+dp/hard\libg_nano.a(libc_a-stdio.o)
                0x0200493a                __sseek
 .text.__sclose
                0x0200495e        0x8 C:/Renesas/RA/e2studio_v2025-12_fsp_v6.4.0/toolchains/gcc_arm/13.2.rel1/bin/../lib/gcc/arm-none-eabi/13.2.1/thumb/v8-m.main+dp/hard\libg_nano.a(libc_a-stdio.o)
                0x0200495e                __sclose
 .text.__swbuf_r
                0x02004966       0x7c C:/Renesas/RA/e2studio_v2025-12_fsp_v6.4.0/toolchains/gcc_arm/13.2.rel1/bin/../lib/gcc/arm-none-eabi/13.2.1/thumb/v8-m.main+dp/hard\libg_nano.a(libc_a-wbuf.o)
                0x02004966                __swbuf_r
 *fill*         0x020049e2        0x2 
 .text.__swsetup_r
                0x020049e4       0xac C:/Renesas/RA/e2studio_v2025-12_fsp_v6.4.0/toolchains/gcc_arm/13.2.rel1/bin/../lib/gcc/arm-none-eabi/13.2.1/thumb/v8-m.main+dp/hard\libg_nano.a(libc_a-wsetup.o)
                0x020049e4                __swsetup_r
 .text.memset   0x02004a90       0x10 C:/Renesas/RA/e2studio_v2025-12_fsp_v6.4.0/toolchains/gcc_arm/13.2.rel1/bin/../lib/gcc/arm-none-eabi/13.2.1/thumb/v8-m.main+dp/hard\libg_nano.a(libc_a-memset.o)
                0x02004a90                memset
 .text.strncmp  0x02004aa0       0x24 C:/Renesas/RA/e2studio_v2025-12_fsp_v6.4.0/toolchains/gcc_arm/13.2.rel1/bin/../lib/gcc/arm-none-eabi/13.2.1/thumb/v8-m.main+dp/hard\libg_nano.a(libc_a-strncmp.o)
                0x02004aa0                strncmp
 .text._localeconv_r
                0x02004ac4        0x8 C:/Renesas/RA/e2studio_v2025-12_fsp_v6.4.0/toolchains/gcc_arm/13.2.rel1/bin/../lib/gcc/arm-none-eabi/13.2.1/thumb/v8-m.main+dp/hard\libg_nano.a(libc_a-localeconv.o)
                0x02004ac4                _localeconv_r
 .text._close_r
                0x02004acc       0x20 C:/Renesas/RA/e2studio_v2025-12_fsp_v6.4.0/toolchains/gcc_arm/13.2.rel1/bin/../lib/gcc/arm-none-eabi/13.2.1/thumb/v8-m.main+dp/hard\libg_nano.a(libc_a-closer.o)
                0x02004acc                _close_r
 .text._lseek_r
                0x02004aec       0x24 C:/Renesas/RA/e2studio_v2025-12_fsp_v6.4.0/toolchains/gcc_arm/13.2.rel1/bin/../lib/gcc/arm-none-eabi/13.2.1/thumb/v8-m.main+dp/hard\libg_nano.a(libc_a-lseekr.o)
                0x02004aec                _lseek_r
 .text._read_r  0x02004b10       0x24 C:/Renesas/RA/e2studio_v2025-12_fsp_v6.4.0/toolchains/gcc_arm/13.2.rel1/bin/../lib/gcc/arm-none-eabi/13.2.1/thumb/v8-m.main+dp/hard\libg_nano.a(libc_a-readr.o)
                0x02004b10                _read_r
 .text._write_r
                0x02004b34       0x24 C:/Renesas/RA/e2studio_v2025-12_fsp_v6.4.0/toolchains/gcc_arm/13.2.rel1/bin/../lib/gcc/arm-none-eabi/13.2.1/thumb/v8-m.main+dp/hard\libg_nano.a(libc_a-writer.o)
                0x02004b34                _write_r
 .text.__errno  0x02004b58        0xc C:/Renesas/RA/e2studio_v2025-12_fsp_v6.4.0/toolchains/gcc_arm/13.2.rel1/bin/../lib/gcc/arm-none-eabi/13.2.1/thumb/v8-m.main+dp/hard\libg_nano.a(libc_a-errno.o)
                0x02004b58                __errno
 .text.__retarget_lock_init_recursive
                0x02004b64        0x2 C:/Renesas/RA/e2studio_v2025-12_fsp_v6.4.0/toolchains/gcc_arm/13.2.rel1/bin/../lib/gcc/arm-none-eabi/13.2.1/thumb/v8-m.main+dp/hard\libg_nano.a(libc_a-lock.o)
                0x02004b64                __retarget_lock_init_recursive
 .text.__retarget_lock_acquire_recursive
                0x02004b66        0x2 C:/Renesas/RA/e2studio_v2025-12_fsp_v6.4.0/toolchains/gcc_arm/13.2.rel1/bin/../lib/gcc/arm-none-eabi/13.2.1/thumb/v8-m.main+dp/hard\libg_nano.a(libc_a-lock.o)
                0x02004b66                __retarget_lock_acquire_recursive
 .text.__retarget_lock_release_recursive
                0x02004b68        0x2 C:/Renesas/RA/e2studio_v2025-12_fsp_v6.4.0/toolchains/gcc_arm/13.2.rel1/bin/../lib/gcc/arm-none-eabi/13.2.1/thumb/v8-m.main+dp/hard\libg_nano.a(libc_a-lock.o)
                0x02004b68                __retarget_lock_release_recursive
 .text.memchr   0x02004b6a       0x1c C:/Renesas/RA/e2studio_v2025-12_fsp_v6.4.0/toolchains/gcc_arm/13.2.rel1/bin/../lib/gcc/arm-none-eabi/13.2.1/thumb/v8-m.main+dp/hard\libg_nano.a(libc_a-memchr-stub.o)
                0x02004b6a                memchr
 .text.memcpy   0x02004b86       0x1a C:/Renesas/RA/e2studio_v2025-12_fsp_v6.4.0/toolchains/gcc_arm/13.2.rel1/bin/../lib/gcc/arm-none-eabi/13.2.1/thumb/v8-m.main+dp/hard\libg_nano.a(libc_a-memcpy-stub.o)
                0x02004b86                memcpy
 .text          0x02004ba0       0x10 C:/Renesas/RA/e2studio_v2025-12_fsp_v6.4.0/toolchains/gcc_arm/13.2.rel1/bin/../lib/gcc/arm-none-eabi/13.2.1/thumb/v8-m.main+dp/hard\libg_nano.a(libc_a-strlen.o)
                0x02004ba0                strlen
 .text.quorem   0x02004bb0      0x11a C:/Renesas/RA/e2studio_v2025-12_fsp_v6.4.0/toolchains/gcc_arm/13.2.rel1/bin/../lib/gcc/arm-none-eabi/13.2.1/thumb/v8-m.main+dp/hard\libg_nano.a(libc_a-dtoa.o)
 *fill*         0x02004cca        0x6 
 .text._dtoa_r  0x02004cd0      0xa9c C:/Renesas/RA/e2studio_v2025-12_fsp_v6.4.0/toolchains/gcc_arm/13.2.rel1/bin/../lib/gcc/arm-none-eabi/13.2.1/thumb/v8-m.main+dp/hard\libg_nano.a(libc_a-dtoa.o)
                0x02004cd0                _dtoa_r
 .text._free_r  0x0200576c       0x94 C:/Renesas/RA/e2studio_v2025-12_fsp_v6.4.0/toolchains/gcc_arm/13.2.rel1/bin/../lib/gcc/arm-none-eabi/13.2.1/thumb/v8-m.main+dp/hard\libg_nano.a(libc_a-freer.o)
                0x0200576c                _free_r
 .text.malloc   0x02005800       0x10 C:/Renesas/RA/e2studio_v2025-12_fsp_v6.4.0/toolchains/gcc_arm/13.2.rel1/bin/../lib/gcc/arm-none-eabi/13.2.1/thumb/v8-m.main+dp/hard\libg_nano.a(libc_a-malloc.o)
                0x02005800                malloc
 .text.sbrk_aligned
                0x02005810       0x44 C:/Renesas/RA/e2studio_v2025-12_fsp_v6.4.0/toolchains/gcc_arm/13.2.rel1/bin/../lib/gcc/arm-none-eabi/13.2.1/thumb/v8-m.main+dp/hard\libg_nano.a(libc_a-mallocr.o)
 .text._malloc_r
                0x02005854      0x100 C:/Renesas/RA/e2studio_v2025-12_fsp_v6.4.0/toolchains/gcc_arm/13.2.rel1/bin/../lib/gcc/arm-none-eabi/13.2.1/thumb/v8-m.main+dp/hard\libg_nano.a(libc_a-mallocr.o)
                0x02005854                _malloc_r
 .text.__malloc_lock
                0x02005954        0xc C:/Renesas/RA/e2studio_v2025-12_fsp_v6.4.0/toolchains/gcc_arm/13.2.rel1/bin/../lib/gcc/arm-none-eabi/13.2.1/thumb/v8-m.main+dp/hard\libg_nano.a(libc_a-mlock.o)
                0x02005954                __malloc_lock
 .text.__malloc_unlock
                0x02005960        0xc C:/Renesas/RA/e2studio_v2025-12_fsp_v6.4.0/toolchains/gcc_arm/13.2.rel1/bin/../lib/gcc/arm-none-eabi/13.2.1/thumb/v8-m.main+dp/hard\libg_nano.a(libc_a-mlock.o)
                0x02005960                __malloc_unlock
 .text._Balloc  0x0200596c       0x80 C:/Renesas/RA/e2studio_v2025-12_fsp_v6.4.0/toolchains/gcc_arm/13.2.rel1/bin/../lib/gcc/arm-none-eabi/13.2.1/thumb/v8-m.main+dp/hard\libg_nano.a(libc_a-mprec.o)
                0x0200596c                _Balloc
 .text._Bfree   0x020059ec       0x44 C:/Renesas/RA/e2studio_v2025-12_fsp_v6.4.0/toolchains/gcc_arm/13.2.rel1/bin/../lib/gcc/arm-none-eabi/13.2.1/thumb/v8-m.main+dp/hard\libg_nano.a(libc_a-mprec.o)
                0x020059ec                _Bfree
 .text.__multadd
                0x02005a30       0x90 C:/Renesas/RA/e2studio_v2025-12_fsp_v6.4.0/toolchains/gcc_arm/13.2.rel1/bin/../lib/gcc/arm-none-eabi/13.2.1/thumb/v8-m.main+dp/hard\libg_nano.a(libc_a-mprec.o)
                0x02005a30                __multadd
 .text.__hi0bits
                0x02005ac0       0x3e C:/Renesas/RA/e2studio_v2025-12_fsp_v6.4.0/toolchains/gcc_arm/13.2.rel1/bin/../lib/gcc/arm-none-eabi/13.2.1/thumb/v8-m.main+dp/hard\libg_nano.a(libc_a-mprec.o)
                0x02005ac0                __hi0bits
 .text.__lo0bits
                0x02005afe       0x5a C:/Renesas/RA/e2studio_v2025-12_fsp_v6.4.0/toolchains/gcc_arm/13.2.rel1/bin/../lib/gcc/arm-none-eabi/13.2.1/thumb/v8-m.main+dp/hard\libg_nano.a(libc_a-mprec.o)
                0x02005afe                __lo0bits
 .text.__i2b    0x02005b58       0x2c C:/Renesas/RA/e2studio_v2025-12_fsp_v6.4.0/toolchains/gcc_arm/13.2.rel1/bin/../lib/gcc/arm-none-eabi/13.2.1/thumb/v8-m.main+dp/hard\libg_nano.a(libc_a-mprec.o)
                0x02005b58                __i2b
 .text.__multiply
                0x02005b84      0x148 C:/Renesas/RA/e2studio_v2025-12_fsp_v6.4.0/toolchains/gcc_arm/13.2.rel1/bin/../lib/gcc/arm-none-eabi/13.2.1/thumb/v8-m.main+dp/hard\libg_nano.a(libc_a-mprec.o)
                0x02005b84                __multiply
 .text.__pow5mult
                0x02005ccc       0xb4 C:/Renesas/RA/e2studio_v2025-12_fsp_v6.4.0/toolchains/gcc_arm/13.2.rel1/bin/../lib/gcc/arm-none-eabi/13.2.1/thumb/v8-m.main+dp/hard\libg_nano.a(libc_a-mprec.o)
                0x02005ccc                __pow5mult
 .text.__lshift
                0x02005d80       0xd8 C:/Renesas/RA/e2studio_v2025-12_fsp_v6.4.0/toolchains/gcc_arm/13.2.rel1/bin/../lib/gcc/arm-none-eabi/13.2.1/thumb/v8-m.main+dp/hard\libg_nano.a(libc_a-mprec.o)
                0x02005d80                __lshift
 .text.__mcmp   0x02005e58       0x36 C:/Renesas/RA/e2studio_v2025-12_fsp_v6.4.0/toolchains/gcc_arm/13.2.rel1/bin/../lib/gcc/arm-none-eabi/13.2.1/thumb/v8-m.main+dp/hard\libg_nano.a(libc_a-mprec.o)
                0x02005e58                __mcmp
 *fill*         0x02005e8e        0x2 
 .text.__mdiff  0x02005e90      0x130 C:/Renesas/RA/e2studio_v2025-12_fsp_v6.4.0/toolchains/gcc_arm/13.2.rel1/bin/../lib/gcc/arm-none-eabi/13.2.1/thumb/v8-m.main+dp/hard\libg_nano.a(libc_a-mprec.o)
                0x02005e90                __mdiff
 .text.__d2b    0x02005fc0       0xb0 C:/Renesas/RA/e2studio_v2025-12_fsp_v6.4.0/toolchains/gcc_arm/13.2.rel1/bin/../lib/gcc/arm-none-eabi/13.2.1/thumb/v8-m.main+dp/hard\libg_nano.a(libc_a-mprec.o)
                0x02005fc0                __d2b
 .text.__sfputc_r
                0x02006070       0x2e C:/Renesas/RA/e2studio_v2025-12_fsp_v6.4.0/toolchains/gcc_arm/13.2.rel1/bin/../lib/gcc/arm-none-eabi/13.2.1/thumb/v8-m.main+dp/hard\libg_nano.a(libc_a-nano-vfprintf.o)
 .text.__sfputs_r
                0x0200609e       0x24 C:/Renesas/RA/e2studio_v2025-12_fsp_v6.4.0/toolchains/gcc_arm/13.2.rel1/bin/../lib/gcc/arm-none-eabi/13.2.1/thumb/v8-m.main+dp/hard\libg_nano.a(libc_a-nano-vfprintf.o)
                0x0200609e                __sfputs_r
 *fill*         0x020060c2        0x2 
 .text._vfprintf_r
                0x020060c4      0x230 C:/Renesas/RA/e2studio_v2025-12_fsp_v6.4.0/toolchains/gcc_arm/13.2.rel1/bin/../lib/gcc/arm-none-eabi/13.2.1/thumb/v8-m.main+dp/hard\libg_nano.a(libc_a-nano-vfprintf.o)
                0x020060c4                _vfprintf_r
                0x020060c4                _vfiprintf_r
 .text.__sflush_r
                0x020062f4      0x108 C:/Renesas/RA/e2studio_v2025-12_fsp_v6.4.0/toolchains/gcc_arm/13.2.rel1/bin/../lib/gcc/arm-none-eabi/13.2.1/thumb/v8-m.main+dp/hard\libg_nano.a(libc_a-fflush.o)
                0x020062f4                __sflush_r
 .text._fflush_r
                0x020063fc       0x50 C:/Renesas/RA/e2studio_v2025-12_fsp_v6.4.0/toolchains/gcc_arm/13.2.rel1/bin/../lib/gcc/arm-none-eabi/13.2.1/thumb/v8-m.main+dp/hard\libg_nano.a(libc_a-fflush.o)
                0x020063fc                _fflush_r
 .text.__swhatbuf_r
                0x0200644c       0x4a C:/Renesas/RA/e2studio_v2025-12_fsp_v6.4.0/toolchains/gcc_arm/13.2.rel1/bin/../lib/gcc/arm-none-eabi/13.2.1/thumb/v8-m.main+dp/hard\libg_nano.a(libc_a-makebuf.o)
                0x0200644c                __swhatbuf_r
 .text.__smakebuf_r
                0x02006496       0x78 C:/Renesas/RA/e2studio_v2025-12_fsp_v6.4.0/toolchains/gcc_arm/13.2.rel1/bin/../lib/gcc/arm-none-eabi/13.2.1/thumb/v8-m.main+dp/hard\libg_nano.a(libc_a-makebuf.o)
                0x02006496                __smakebuf_r
 .text._putc_r  0x0200650e       0x68 C:/Renesas/RA/e2studio_v2025-12_fsp_v6.4.0/toolchains/gcc_arm/13.2.rel1/bin/../lib/gcc/arm-none-eabi/13.2.1/thumb/v8-m.main+dp/hard\libg_nano.a(libc_a-putc.o)
                0x0200650e                _putc_r
 *fill*         0x02006576        0x2 
 .text._fstat_r
                0x02006578       0x24 C:/Renesas/RA/e2studio_v2025-12_fsp_v6.4.0/toolchains/gcc_arm/13.2.rel1/bin/../lib/gcc/arm-none-eabi/13.2.1/thumb/v8-m.main+dp/hard\libg_nano.a(libc_a-fstatr.o)
                0x02006578                _fstat_r
 .text._isatty_r
                0x0200659c       0x20 C:/Renesas/RA/e2studio_v2025-12_fsp_v6.4.0/toolchains/gcc_arm/13.2.rel1/bin/../lib/gcc/arm-none-eabi/13.2.1/thumb/v8-m.main+dp/hard\libg_nano.a(libc_a-isattyr.o)
                0x0200659c                _isatty_r
 .text._sbrk_r  0x020065bc       0x20 C:/Renesas/RA/e2studio_v2025-12_fsp_v6.4.0/toolchains/gcc_arm/13.2.rel1/bin/../lib/gcc/arm-none-eabi/13.2.1/thumb/v8-m.main+dp/hard\libg_nano.a(libc_a-sbrkr.o)
                0x020065bc                _sbrk_r
 .text._calloc_r
                0x020065dc       0x28 C:/Renesas/RA/e2studio_v2025-12_fsp_v6.4.0/toolchains/gcc_arm/13.2.rel1/bin/../lib/gcc/arm-none-eabi/13.2.1/thumb/v8-m.main+dp/hard\libg_nano.a(libc_a-callocr.o)
                0x020065dc                _calloc_r
 .text.__ascii_mbtowc
                0x02006604       0x24 C:/Renesas/RA/e2studio_v2025-12_fsp_v6.4.0/toolchains/gcc_arm/13.2.rel1/bin/../lib/gcc/arm-none-eabi/13.2.1/thumb/v8-m.main+dp/hard\libg_nano.a(libc_a-mbtowc_r.o)
                0x02006604                __ascii_mbtowc
 .text.__ascii_wctomb
                0x02006628       0x1a C:/Renesas/RA/e2studio_v2025-12_fsp_v6.4.0/toolchains/gcc_arm/13.2.rel1/bin/../lib/gcc/arm-none-eabi/13.2.1/thumb/v8-m.main+dp/hard\libg_nano.a(libc_a-wctomb_r.o)
                0x02006628                __ascii_wctomb
 *fill*         0x02006642        0x2 
 .text._close   0x02006644       0x10 C:/Renesas/RA/e2studio_v2025-12_fsp_v6.4.0/toolchains/gcc_arm/13.2.rel1/bin/../lib/gcc/arm-none-eabi/13.2.1/thumb/v8-m.main+dp/hard\libnosys.a(close.o)
                0x02006644                _close
 .text._fstat   0x02006654       0x10 C:/Renesas/RA/e2studio_v2025-12_fsp_v6.4.0/toolchains/gcc_arm/13.2.rel1/bin/../lib/gcc/arm-none-eabi/13.2.1/thumb/v8-m.main+dp/hard\libnosys.a(fstat.o)
                0x02006654                _fstat
 .text._isatty  0x02006664       0x10 C:/Renesas/RA/e2studio_v2025-12_fsp_v6.4.0/toolchains/gcc_arm/13.2.rel1/bin/../lib/gcc/arm-none-eabi/13.2.1/thumb/v8-m.main+dp/hard\libnosys.a(isatty.o)
                0x02006664                _isatty
 .text._lseek   0x02006674       0x10 C:/Renesas/RA/e2studio_v2025-12_fsp_v6.4.0/toolchains/gcc_arm/13.2.rel1/bin/../lib/gcc/arm-none-eabi/13.2.1/thumb/v8-m.main+dp/hard\libnosys.a(lseek.o)
                0x02006674                _lseek
 .text._read    0x02006684       0x10 C:/Renesas/RA/e2studio_v2025-12_fsp_v6.4.0/toolchains/gcc_arm/13.2.rel1/bin/../lib/gcc/arm-none-eabi/13.2.1/thumb/v8-m.main+dp/hard\libnosys.a(read.o)
                0x02006684                _read
 *(.rodata*)
 .rodata.ips200_set_region.str1.4
                0x02006694      0x2c1 ./zf_device/zf_device_ips200.o
                                 0x20 (size before relaxing)
 .rodata.debug_assert_handler.str1.4
                0x02006955       0x1f ./zf_common/zf_common_debug.o
 *fill*         0x02006955        0x3 
 .rodata.chinese_font_table
                0x02006958    0x1d4b4 ./zf_common/zf_common_font.o
                0x02006958                chinese_font_table
 *fill*         0x02023e0c        0x4 
 .rodata.ascii_font_6x8
                0x02023e10      0x228 ./zf_common/zf_common_font.o
                0x02023e10                ascii_font_6x8
 .rodata.ascii_font_8x16
                0x02024038      0x5f0 ./zf_common/zf_common_font.o
                0x02024038                ascii_font_8x16
 .rodata.SDcard_Init.str1.4
                0x02024628       0x39 ./src/sdhi_sdcard/bsp_sdhi_sdcard.o
 .rodata.SDCard_Operation.str1.4
                0x02024628       0x6b ./src/sdhi_sdcard/bsp_sdhi_sdcard.o
 .rodata.__func__.0
                0x02024628       0x11 ./src/sdhi_sdcard/bsp_sdhi_sdcard.o
 *fill*         0x02024639        0x3 
 .rodata.__func__.1
                0x0202463c        0xc ./src/sdhi_sdcard/bsp_sdhi_sdcard.o
 .rodata.hal_entry.str1.4
                0x02024648      0x1d9 ./src/hal_entry.o
 .rodata.__func__.0
                0x02024648        0xa ./src/hal_entry.o
 *fill*         0x02024652        0x2 
 .rodata.g_ioport
                0x02024654        0xc ./ra_gen/common_data.o
                0x02024654                g_ioport
 .rodata.g_uart9
                0x02024660        0xc ./ra_gen/hal_data.o
                0x02024660                g_uart9
 .rodata.g_uart9_cfg
                0x0202466c       0x20 ./ra_gen/hal_data.o
                0x0202466c                g_uart9_cfg
 .rodata.g_uart9_cfg_extend
                0x0202468c       0x14 ./ra_gen/hal_data.o
                0x0202468c                g_uart9_cfg_extend
 .rodata.g_sci_spi5
                0x020246a0        0xc ./ra_gen/hal_data.o
                0x020246a0                g_sci_spi5
 .rodata.g_sci_spi5_cfg
                0x020246ac       0x24 ./ra_gen/hal_data.o
                0x020246ac                g_sci_spi5_cfg
 .rodata.g_sci_spi5_cfg_extend
                0x020246d0        0x5 ./ra_gen/hal_data.o
                0x020246d0                g_sci_spi5_cfg_extend
 *fill*         0x020246d5        0x3 
 .rodata.g_transfer_sdhi
                0x020246d8        0xc ./ra_gen/hal_data.o
                0x020246d8                g_transfer_sdhi
 .rodata.g_transfer_sdhi_cfg
                0x020246e4        0x8 ./ra_gen/hal_data.o
                0x020246e4                g_transfer_sdhi_cfg
 .rodata.g_transfer_sdhi_extend
                0x020246ec       0x18 ./ra_gen/hal_data.o
                0x020246ec                g_transfer_sdhi_extend
 .rodata.g_bsp_pin_cfg
                0x02024704        0xc ./ra_gen/pin_data.o
                0x02024704                g_bsp_pin_cfg
 .rodata.g_bsp_pin_cfg_data
                0x02024710      0x110 ./ra_gen/pin_data.o
                0x02024710                g_bsp_pin_cfg_data
 .rodata.g_interrupt_event_link_select
                0x02024820       0x18 ./ra_gen/vector_data.o
                0x02024820                g_interrupt_event_link_select
 .rodata.g_uart_on_sci_b
                0x02024838       0x2c ./ra/fsp/src/r_sci_b_uart/r_sci_b_uart.o
                0x02024838                g_uart_on_sci_b
 .rodata.g_spi_on_sci_b
                0x02024864       0x18 ./ra/fsp/src/r_sci_b_spi/r_sci_b_spi.o
                0x02024864                g_spi_on_sci_b
 .rodata.g_vbatt_pins_input
                0x0202487c        0x6 ./ra/fsp/src/r_ioport/r_ioport.o
 *fill*         0x02024882        0x2 
 .rodata.g_ioport_on_ioport
                0x02024884       0x34 ./ra/fsp/src/r_ioport/r_ioport.o
                0x02024884                g_ioport_on_ioport
 .rodata.g_transfer_on_dmac
                0x020248b8       0x2c ./ra/fsp/src/r_dmac/r_dmac.o
                0x020248b8                g_transfer_on_dmac
 .rodata.g_init_info
                0x020248e4       0x18 ./ra/fsp/src/bsp/mcu/ra8p1/bsp_linker.o
                0x020248e4                g_init_info
 .rodata.nocache_list
                0x020248fc       0x20 ./ra/fsp/src/bsp/mcu/ra8p1/bsp_linker.o
 .rodata.copy_list
                0x0202491c      0x180 ./ra/fsp/src/bsp/mcu/ra8p1/bsp_linker.o
 .rodata.zero_list
                0x02024a9c       0x78 ./ra/fsp/src/bsp/mcu/ra8p1/bsp_linker.o
 .rodata.g_prcr_masks
                0x02024b14        0xa ./ra/fsp/src/bsp/mcu/all/bsp_register_protection.o
 .rodata._printf_float.str1.1
                0x02024b1e      0x137 C:/Renesas/RA/e2studio_v2025-12_fsp_v6.4.0/toolchains/gcc_arm/13.2.rel1/bin/../lib/gcc/arm-none-eabi/13.2.1/thumb/v8-m.main+dp/hard\libg_nano.a(libc_a-nano-vfprintf_float.o)
                                 0x12 (size before relaxing)
 .rodata._printf_i.str1.1
                0x02024c55       0x22 C:/Renesas/RA/e2studio_v2025-12_fsp_v6.4.0/toolchains/gcc_arm/13.2.rel1/bin/../lib/gcc/arm-none-eabi/13.2.1/thumb/v8-m.main+dp/hard\libg_nano.a(libc_a-nano-vfprintf_i.o)
 .rodata._dtoa_r.str1.1
                0x02024c55       0x90 C:/Renesas/RA/e2studio_v2025-12_fsp_v6.4.0/toolchains/gcc_arm/13.2.rel1/bin/../lib/gcc/arm-none-eabi/13.2.1/thumb/v8-m.main+dp/hard\libg_nano.a(libc_a-dtoa.o)
 .rodata._Balloc.str1.1
                0x02024c55       0x71 C:/Renesas/RA/e2studio_v2025-12_fsp_v6.4.0/toolchains/gcc_arm/13.2.rel1/bin/../lib/gcc/arm-none-eabi/13.2.1/thumb/v8-m.main+dp/hard\libg_nano.a(libc_a-mprec.o)
 .rodata.__multadd.str1.1
                0x02024c55       0x11 C:/Renesas/RA/e2studio_v2025-12_fsp_v6.4.0/toolchains/gcc_arm/13.2.rel1/bin/../lib/gcc/arm-none-eabi/13.2.1/thumb/v8-m.main+dp/hard\libg_nano.a(libc_a-mprec.o)
 *fill*         0x02024c55        0x3 
 .rodata.p05.0  0x02024c58        0xc C:/Renesas/RA/e2studio_v2025-12_fsp_v6.4.0/toolchains/gcc_arm/13.2.rel1/bin/../lib/gcc/arm-none-eabi/13.2.1/thumb/v8-m.main+dp/hard\libg_nano.a(libc_a-mprec.o)
 *fill*         0x02024c64        0x4 
 .rodata.__mprec_bigtens
                0x02024c68       0x28 C:/Renesas/RA/e2studio_v2025-12_fsp_v6.4.0/toolchains/gcc_arm/13.2.rel1/bin/../lib/gcc/arm-none-eabi/13.2.1/thumb/v8-m.main+dp/hard\libg_nano.a(libc_a-mprec.o)
                0x02024c68                __mprec_bigtens
 .rodata.__mprec_tens
                0x02024c90       0xc8 C:/Renesas/RA/e2studio_v2025-12_fsp_v6.4.0/toolchains/gcc_arm/13.2.rel1/bin/../lib/gcc/arm-none-eabi/13.2.1/thumb/v8-m.main+dp/hard\libg_nano.a(libc_a-mprec.o)
                0x02024c90                __mprec_tens
 .rodata._vfprintf_r.str1.1
                0x02024d58       0x11 C:/Renesas/RA/e2studio_v2025-12_fsp_v6.4.0/toolchains/gcc_arm/13.2.rel1/bin/../lib/gcc/arm-none-eabi/13.2.1/thumb/v8-m.main+dp/hard\libg_nano.a(libc_a-nano-vfprintf.o)
 .rodata._setlocale_r.str1.1
                0x02024d58        0x9 C:/Renesas/RA/e2studio_v2025-12_fsp_v6.4.0/toolchains/gcc_arm/13.2.rel1/bin/../lib/gcc/arm-none-eabi/13.2.1/thumb/v8-m.main+dp/hard\libg_nano.a(libc_a-locale.o)
 .rodata.str1.1
                0x02024d58        0x2 C:/Renesas/RA/e2studio_v2025-12_fsp_v6.4.0/toolchains/gcc_arm/13.2.rel1/bin/../lib/gcc/arm-none-eabi/13.2.1/thumb/v8-m.main+dp/hard\libg_nano.a(libc_a-locale.o)
 .rodata._ctype_
                0x02024d58      0x101 C:/Renesas/RA/e2studio_v2025-12_fsp_v6.4.0/toolchains/gcc_arm/13.2.rel1/bin/../lib/gcc/arm-none-eabi/13.2.1/thumb/v8-m.main+dp/hard\libg_nano.a(libc_a-ctype_.o)
                0x02024d58                _ctype_
 *(.mcuboot_sce9_key)
 *(.version)
 *fill*         0x02024e59        0x3 
 .version       0x02024e5c       0x50 ./ra/fsp/src/bsp/mcu/all/bsp_common.o
                0x02024eac                        __flash_readonly$$Limit = .

.glue_7         0x02024eac        0x0
 .glue_7        0x02024eac        0x0 linker stubs

.glue_7t        0x02024eac        0x0
 .glue_7t       0x02024eac        0x0 linker stubs

.vfp11_veneer   0x02024eac        0x0
 .vfp11_veneer  0x02024eac        0x0 linker stubs

.v4_bx          0x02024eac        0x0
 .v4_bx         0x02024eac        0x0 linker stubs

.init           0x02024eac        0x4
 .init          0x02024eac        0x4 C:/Renesas/RA/e2studio_v2025-12_fsp_v6.4.0/toolchains/gcc_arm/13.2.rel1/bin/../lib/gcc/arm-none-eabi/13.2.1/thumb/v8-m.main+dp/hard/crti.o
                0x02024eac                _init

.fini           0x02024eb0        0x4
 .fini          0x02024eb0        0x4 C:/Renesas/RA/e2studio_v2025-12_fsp_v6.4.0/toolchains/gcc_arm/13.2.rel1/bin/../lib/gcc/arm-none-eabi/13.2.1/thumb/v8-m.main+dp/hard/crti.o
                0x02024eb0                _fini

.iplt           0x02024eb4        0x0
 .iplt          0x02024eb4        0x0 C:/Renesas/RA/e2studio_v2025-12_fsp_v6.4.0/toolchains/gcc_arm/13.2.rel1/bin/../lib/gcc/arm-none-eabi/13.2.1/thumb/v8-m.main+dp/hard/crtbegin.o

__flash_ctor$$
 *crtbegin.o(.ctors)
 *crtbegin?.o(.ctors)
 EXCLUDE_FILE(*crtend.o *crtend?.o) *(.ctors)
 *(SORT_BY_NAME(.ctors.*))
 *(.ctors)
 *crtbegin.o(.dtors)
 *crtbegin?.o(.dtors)
 EXCLUDE_FILE(*crtend.o *crtend?.o) *(.dtors)
 *(SORT_BY_NAME(.dtors.*))
 *(.dtors)

__flash_preinit_array$$
                0x02024eb4        0x0
                0x02024eb4                        __preinit_array_start = .
 *(.preinit_array)
                0x02024eb4                        __preinit_array_end = .

__flash_.got$$
 *(.got.plt)
 *(.got)

__flash_init_array$$
                0x02024eb4        0x4
                0x02024eb4                        __init_array_start = .
 *(SORT_BY_NAME(.init_array.*))
 *(.init_array)
 .init_array    0x02024eb4        0x4 C:/Renesas/RA/e2studio_v2025-12_fsp_v6.4.0/toolchains/gcc_arm/13.2.rel1/bin/../lib/gcc/arm-none-eabi/13.2.1/thumb/v8-m.main+dp/hard/crtbegin.o
                0x02024eb8                        __init_array_end = .

__flash_fini_array$$
                0x02024eb8        0x4
                0x02024eb8                        __fini_array_start = .
 *(SORT_BY_NAME(.fini_array.*))
 *(.fini_array)
 .fini_array    0x02024eb8        0x4 C:/Renesas/RA/e2studio_v2025-12_fsp_v6.4.0/toolchains/gcc_arm/13.2.rel1/bin/../lib/gcc/arm-none-eabi/13.2.1/thumb/v8-m.main+dp/hard/crtbegin.o
                0x02024ebc                        __fini_array_end = .

__flash_arm.extab$$
 *(.ARM.extab*)
 *(.gnu.linkonce.armextab.*)

__flash_arm.exidx$$
                0x02024ebc        0x8
                0x02024ebc                        __exidx_start = .
 *(.ARM.exidx*)
 .ARM.exidx     0x02024ebc        0x8 C:/Renesas/RA/e2studio_v2025-12_fsp_v6.4.0/toolchains/gcc_arm/13.2.rel1/bin/../lib/gcc/arm-none-eabi/13.2.1/thumb/v8-m.main+dp/hard\libg_nano.a(libc_a-strlen.o)
 *(.gnu.linkonce.armexidx.*)
                0x02024ec4                        __exidx_end = .

.flash.endof    0x02025000        0x0
                0x02025000                        __ddsc_FLASH_END = .

.flash.flat_nsc
                0x02025000        0x0
                0x02025000                        __ddsc_FLASH_NSC = .

.option_setting_ofs0.startof
                0x02c9f040        0x0
                0x02c9f040                        __ddsc_OPTION_SETTING_OFS0_START = .

__option_setting_ofs0_reg$$
                0x02c9f040        0x4
                0x02c9f040                        __option_setting_ofs0_reg$$Base = .
 *(.option_setting_ofs0)
 .option_setting_ofs0
                0x02c9f040        0x4 ./ra/fsp/src/bsp/mcu/ra8p1/bsp_linker.o
                0x02c9f044                        __option_setting_ofs0_reg$$Limit = .

.option_setting_ofs0.endof
                0x02c9f044        0x0
                0x02c9f044                        __ddsc_OPTION_SETTING_OFS0_END = .

.option_setting_ofs2.startof
                0x02c9f044        0x0
                0x02c9f044                        __ddsc_OPTION_SETTING_OFS2_START = .

__option_setting_ofs2_reg$$
                0x02c9f044        0x4
                0x02c9f044                        __option_setting_ofs2_reg$$Base = .
 *(.option_setting_ofs2)
 .option_setting_ofs2
                0x02c9f044        0x4 ./ra/fsp/src/bsp/mcu/ra8p1/bsp_linker.o
                0x02c9f048                        __option_setting_ofs2_reg$$Limit = .

.option_setting_ofs2.endof
                0x02c9f048        0x0
                0x02c9f048                        __ddsc_OPTION_SETTING_OFS2_END = .

.option_setting_sas.startof
                0x02c9f074        0x0
                0x02c9f074                        __ddsc_OPTION_SETTING_SAS_START = .

__option_setting_sas_reg$$
                0x02c9f074        0x0
                0x02c9f074                        __option_setting_sas_reg$$Base = .
 *(.option_setting_sas)
                0x02c9f074                        __option_setting_sas_reg$$Limit = .

.option_setting_sas.endof
                0x02c9f074        0x0
                0x02c9f074                        __ddsc_OPTION_SETTING_SAS_END = .

.option_setting_ofs1.startof
                0x12c9f4c0        0x0
                0x12c9f4c0                        __ddsc_OPTION_SETTING_OFS1_START = .

__option_setting_ofs1_reg$$
                0x12c9f4c0        0x0
                0x12c9f4c0                        __option_setting_ofs1_reg$$Base = .
 *(.option_setting_ofs1)
                0x12c9f4c0                        __option_setting_ofs1_reg$$Limit = .

.option_setting_ofs1.endof
                0x12c9f4c0        0x0
                0x12c9f4c0                        __ddsc_OPTION_SETTING_OFS1_END = .

.option_setting_ofs1_sec.startof
                0x02c9f0c0        0x0
                0x02c9f0c0                        __ddsc_OPTION_SETTING_OFS1_SEC_START = .

__option_setting_ofs1_sec_reg$$
                0x02c9f0c0        0x4
                0x02c9f0c0                        __option_setting_ofs1_sec_reg$$Base = .
 *(.option_setting_ofs1_sec)
 .option_setting_ofs1_sec
                0x02c9f0c0        0x4 ./ra/fsp/src/bsp/mcu/ra8p1/bsp_linker.o
                0x02c9f0c4                        __option_setting_ofs1_sec_reg$$Limit = .

.option_setting_ofs1_sec.endof
                0x02c9f0c4        0x0
                0x02c9f0c4                        __ddsc_OPTION_SETTING_OFS1_SEC_END = .

.option_setting_ofs1_sel.startof
                0x02c9f120        0x0