Archive member included to satisfy reference by file (symbol)

F:/project_of_competition/qian_sai/e2s/toolchains/gcc_arm/13.2.rel1/bin/../lib/gcc/arm-none-eabi/13.2.1/thumb/v8-m.main+dp/hard\libgcc.a(_aeabi_ldivmod.o)
                              ./ra/fsp/src/r_sci_b_uart/r_sci_b_uart.o (__aeabi_ldivmod)
F:/project_of_competition/qian_sai/e2s/toolchains/gcc_arm/13.2.rel1/bin/../lib/gcc/arm-none-eabi/13.2.1/thumb/v8-m.main+dp/hard\libgcc.a(_udivmoddi4.o)
                              F:/project_of_competition/qian_sai/e2s/toolchains/gcc_arm/13.2.rel1/bin/../lib/gcc/arm-none-eabi/13.2.1/thumb/v8-m.main+dp/hard\libgcc.a(_aeabi_ldivmod.o) (__udivmoddi4)
F:/project_of_competition/qian_sai/e2s/toolchains/gcc_arm/13.2.rel1/bin/../lib/gcc/arm-none-eabi/13.2.1/thumb/v8-m.main+dp/hard\libgcc.a(_dvmd_tls.o)
                              F:/project_of_competition/qian_sai/e2s/toolchains/gcc_arm/13.2.rel1/bin/../lib/gcc/arm-none-eabi/13.2.1/thumb/v8-m.main+dp/hard\libgcc.a(_aeabi_ldivmod.o) (__aeabi_ldiv0)
F:/project_of_competition/qian_sai/e2s/toolchains/gcc_arm/13.2.rel1/bin/../lib/gcc/arm-none-eabi/13.2.1/thumb/v8-m.main+dp/hard\libg_nano.a(libc_a-exit.o)
                              F:/project_of_competition/qian_sai/e2s/toolchains/gcc_arm/13.2.rel1/bin/../lib/gcc/arm-none-eabi/13.2.1/thumb/v8-m.main+dp/hard/crt0.o (exit)
F:/project_of_competition/qian_sai/e2s/toolchains/gcc_arm/13.2.rel1/bin/../lib/gcc/arm-none-eabi/13.2.1/thumb/v8-m.main+dp/hard\libg_nano.a(libc_a-nano-vfprintf_float.o)
                              (_printf_float)
F:/project_of_competition/qian_sai/e2s/toolchains/gcc_arm/13.2.rel1/bin/../lib/gcc/arm-none-eabi/13.2.1/thumb/v8-m.main+dp/hard\libg_nano.a(libc_a-nano-vfprintf_i.o)
                              F:/project_of_competition/qian_sai/e2s/toolchains/gcc_arm/13.2.rel1/bin/../lib/gcc/arm-none-eabi/13.2.1/thumb/v8-m.main+dp/hard\libg_nano.a(libc_a-nano-vfprintf_float.o) (_printf_common)
F:/project_of_competition/qian_sai/e2s/toolchains/gcc_arm/13.2.rel1/bin/../lib/gcc/arm-none-eabi/13.2.1/thumb/v8-m.main+dp/hard\libg_nano.a(libc_a-findfp.o)
                              F:/project_of_competition/qian_sai/e2s/toolchains/gcc_arm/13.2.rel1/bin/../lib/gcc/arm-none-eabi/13.2.1/thumb/v8-m.main+dp/hard\libg_nano.a(libc_a-exit.o) (__stdio_exit_handler)
F:/project_of_competition/qian_sai/e2s/toolchains/gcc_arm/13.2.rel1/bin/../lib/gcc/arm-none-eabi/13.2.1/thumb/v8-m.main+dp/hard\libg_nano.a(libc_a-fwalk.o)
                              F:/project_of_competition/qian_sai/e2s/toolchains/gcc_arm/13.2.rel1/bin/../lib/gcc/arm-none-eabi/13.2.1/thumb/v8-m.main+dp/hard\libg_nano.a(libc_a-findfp.o) (_fwalk_sglue)
F:/project_of_competition/qian_sai/e2s/toolchains/gcc_arm/13.2.rel1/bin/../lib/gcc/arm-none-eabi/13.2.1/thumb/v8-m.main+dp/hard\libg_nano.a(libc_a-puts.o)
                              ./src/hal_entry.o (puts)
F:/project_of_competition/qian_sai/e2s/toolchains/gcc_arm/13.2.rel1/bin/../lib/gcc/arm-none-eabi/13.2.1/thumb/v8-m.main+dp/hard\libg_nano.a(libc_a-setvbuf.o)
                              ./src/hal_entry.o (setvbuf)
F:/project_of_competition/qian_sai/e2s/toolchains/gcc_arm/13.2.rel1/bin/../lib/gcc/arm-none-eabi/13.2.1/thumb/v8-m.main+dp/hard\libg_nano.a(libc_a-stdio.o)
                              F:/project_of_competition/qian_sai/e2s/toolchains/gcc_arm/13.2.rel1/bin/../lib/gcc/arm-none-eabi/13.2.1/thumb/v8-m.main+dp/hard\libg_nano.a(libc_a-findfp.o) (__sread)
F:/project_of_competition/qian_sai/e2s/toolchains/gcc_arm/13.2.rel1/bin/../lib/gcc/arm-none-eabi/13.2.1/thumb/v8-m.main+dp/hard\libg_nano.a(libc_a-wbuf.o)
                              F:/project_of_competition/qian_sai/e2s/toolchains/gcc_arm/13.2.rel1/bin/../lib/gcc/arm-none-eabi/13.2.1/thumb/v8-m.main+dp/hard\libg_nano.a(libc_a-puts.o) (__swbuf_r)
F:/project_of_competition/qian_sai/e2s/toolchains/gcc_arm/13.2.rel1/bin/../lib/gcc/arm-none-eabi/13.2.1/thumb/v8-m.main+dp/hard\libg_nano.a(libc_a-wsetup.o)
                              F:/project_of_competition/qian_sai/e2s/toolchains/gcc_arm/13.2.rel1/bin/../lib/gcc/arm-none-eabi/13.2.1/thumb/v8-m.main+dp/hard\libg_nano.a(libc_a-puts.o) (__swsetup_r)
F:/project_of_competition/qian_sai/e2s/toolchains/gcc_arm/13.2.rel1/bin/../lib/gcc/arm-none-eabi/13.2.1/thumb/v8-m.main+dp/hard\libg_nano.a(libc_a-memset.o)
                              F:/project_of_competition/qian_sai/e2s/toolchains/gcc_arm/13.2.rel1/bin/../lib/gcc/arm-none-eabi/13.2.1/thumb/v8-m.main+dp/hard/crt0.o (memset)
F:/project_of_competition/qian_sai/e2s/toolchains/gcc_arm/13.2.rel1/bin/../lib/gcc/arm-none-eabi/13.2.1/thumb/v8-m.main+dp/hard\libg_nano.a(libc_a-localeconv.o)
                              F:/project_of_competition/qian_sai/e2s/toolchains/gcc_arm/13.2.rel1/bin/../lib/gcc/arm-none-eabi/13.2.1/thumb/v8-m.main+dp/hard\libg_nano.a(libc_a-nano-vfprintf_float.o) (_localeconv_r)
[...]
Memory Configuration

Name             Origin             Length             Attributes
RAM              0x22000000         0x001d4000         xrw
FLASH            0x02000000         0x00100000         xr
DATA_FLASH       0x27000000         0x00000000         xr
SDRAM            0x68000000         0x08000000         xrw
OSPI0_CS0        0x80000000         0x10000000         xrw
OSPI0_CS1        0x90000000         0x10000000         xr
OSPI1_CS0        0x70000000         0x08000000         xrw
OSPI1_CS1        0x78000000         0x08000000         xr
OPTION_SETTING_OFS0 0x02c9f040         0x00000004         r
OPTION_SETTING_OFS2 0x02c9f044         0x00000004         r
OPTION_SETTING_SAS 0x02c9f074         0x00000004         r
OPTION_SETTING_OFS1 0x12c9f4c0         0x00000004         r
OPTION_SETTING_OFS1_SEC 0x02c9f0c0         0x00000004         r
OPTION_SETTING_OFS1_SEL 0x02c9f120         0x00000004         r
OPTION_SETTING_OFS3 0x12c9f4c4         0x00000004         r
OPTION_SETTING_OFS3_SEC 0x02c9f0c4         0x00000004         r
OPTION_SETTING_OFS3_SEL 0x02c9f124         0x00000004         r
OPTION_SETTING_BPS 0x12c9f600         0x00000080         r
OPTION_SETTING_BPS_SEC 0x02c9f200         0x00000080         r
OPTION_SETTING_OTP_FSBLCTRL0 0x02e07600         0x00000004         r
OPTION_SETTING_OTP_FSBLCTRL1 0x02e07604         0x00000004         r
OPTION_SETTING_OTP_FSBLCTRL2 0x02e07608         0x00000004         r
OPTION_SETTING_OTP_SAMR 0x02e07614         0x00000004         r
OPTION_SETTING_OTP_SACC00 0x02e07620         0x00000004         r
OPTION_SETTING_OTP_SACC10 0x02e07630         0x00000004         r
OPTION_SETTING_OTP_SACC01 0x02e07640         0x00000004         r
OPTION_SETTING_OTP_SACC11 0x02e07650         0x00000004         r
OPTION_SETTING_OTP_SACC02 0x02e07660         0x00000004         r
OPTION_SETTING_OTP_SACC12 0x02e07670         0x00000004         r
OPTION_SETTING_OTP_SACC03 0x02e07680         0x00000004         r
OPTION_SETTING_OTP_SACC13 0x02e07690         0x00000004         r
OPTION_SETTING_OTP_PBPS_SEC 0x02e17700         0x00000080         r
OPTION_SETTING_OTP_PBPS 0x12e17780         0x00000080         r
OPTION_SETTING_OTP_ZHUK 0x02e17920         0x00000004         r
ITCM             0x00000000         0x00020000         xrw
DTCM             0x20000000         0x00020000         xrw
*default*        0x00000000         0xffffffff

Linker script and memory map

LOAD F:/project_of_competition/qian_sai/e2s/toolchains/gcc_arm/13.2.rel1/bin/../lib/gcc/arm-none-eabi/13.2.1/thumb/v8-m.main+dp/hard/crti.o
LOAD F:/project_of_competition/qian_sai/e2s/toolchains/gcc_arm/13.2.rel1/bin/../lib/gcc/arm-none-eabi/13.2.1/thumb/v8-m.main+dp/hard/crtbegin.o
LOAD F:/project_of_competition/qian_sai/e2s/toolchains/gcc_arm/13.2.rel1/bin/../lib/gcc/arm-none-eabi/13.2.1/thumb/v8-m.main+dp/hard/crt0.o
START GROUP
LOAD ./src/hal_entry.o
LOAD ./src/hal_warmstart.o
LOAD ./ra_gen/common_data.o
LOAD ./ra_gen/hal_data.o
LOAD ./ra_gen/main.o
LOAD ./ra_gen/pin_data.o
LOAD ./ra_gen/vector_data.o
LOAD ./ra/fsp/src/r_sci_b_uart/r_sci_b_uart.o
LOAD ./ra/fsp/src/r_ioport/r_ioport.o
LOAD ./ra/fsp/src/bsp/mcu/ra8p1/bsp_linker.o
LOAD ./ra/fsp/src/bsp/mcu/all/bsp_clocks.o
LOAD ./ra/fsp/src/bsp/mcu/all/bsp_common.o
LOAD ./ra/fsp/src/bsp/mcu/all/bsp_delay.o
LOAD ./ra/fsp/src/bsp/mcu/all/bsp_group_irq.o
LOAD ./ra/fsp/src/bsp/mcu/all/bsp_guard.o
LOAD ./ra/fsp/src/bsp/mcu/all/bsp_io.o
LOAD ./ra/fsp/src/bsp/mcu/all/bsp_ipc.o
LOAD ./ra/fsp/src/bsp/mcu/all/bsp_irq.o
LOAD ./ra/fsp/src/bsp/mcu/all/bsp_macl.o
LOAD ./ra/fsp/src/bsp/mcu/all/bsp_ospi_b.o
LOAD ./ra/fsp/src/bsp/mcu/all/bsp_register_protection.o
LOAD ./ra/fsp/src/bsp/mcu/all/bsp_sbrk.o
LOAD ./ra/fsp/src/bsp/mcu/all/bsp_sdram.o
LOAD ./ra/fsp/src/bsp/mcu/all/bsp_security.o
LOAD ./ra/fsp/src/bsp/cmsis/Device/RENESAS/Source/startup.o
LOAD ./ra/fsp/src/bsp/cmsis/Device/RENESAS/Source/system.o
LOAD ./ra/board/ra8p1_ek/board_init.o
LOAD ./ra/board/ra8p1_ek/board_leds.o
END GROUP
START GROUP
LOAD F:/project_of_competition/qian_sai/e2s/toolchains/gcc_arm/13.2.rel1/bin/../lib/gcc/arm-none-eabi/13.2.1/thumb/v8-m.main+dp/hard\libgcc.a
LOAD F:/project_of_competition/qian_sai/e2s/toolchains/gcc_arm/13.2.rel1/bin/../lib/gcc/arm-none-eabi/13.2.1/thumb/v8-m.main+dp/hard\libg_nano.a
LOAD F:/project_of_competition/qian_sai/e2s/toolchains/gcc_arm/13.2.rel1/bin/../lib/gcc/arm-none-eabi/13.2.1/thumb/v8-m.main+dp/hard\libc_nano.a
END GROUP
START GROUP
LOAD F:/project_of_competition/qian_sai/e2s/toolchains/gcc_arm/13.2.rel1/bin/../lib/gcc/arm-none-eabi/13.2.1/thumb/v8-m.main+dp/hard\libgcc.a
LOAD F:/project_of_competition/qian_sai/e2s/toolchains/gcc_arm/13.2.rel1/bin/../lib/gcc/arm-none-eabi/13.2.1/thumb/v8-m.main+dp/hard\libc_nano.a
LOAD F:/project_of_competition/qian_sai/e2s/toolchains/gcc_arm/13.2.rel1/bin/../lib/gcc/arm-none-eabi/13.2.1/thumb/v8-m.main+dp/hard\libnosys.a
END GROUP
START GROUP
LOAD F:/project_of_competition/qian_sai/e2s/toolchains/gcc_arm/13.2.rel1/bin/../lib/gcc/arm-none-eabi/13.2.1/thumb/v8-m.main+dp/hard\libgcc.a
LOAD F:/project_of_competition/qian_sai/e2s/toolchains/gcc_arm/13.2.rel1/bin/../lib/gcc/arm-none-eabi/13.2.1/thumb/v8-m.main+dp/hard\libc_nano.a
LOAD F:/project_of_competition/qian_sai/e2s/toolchains/gcc_arm/13.2.rel1/bin/../lib/gcc/arm-none-eabi/13.2.1/thumb/v8-m.main+dp/hard\libnosys.a
END GROUP
LOAD F:/project_of_competition/qian_sai/e2s/toolchains/gcc_arm/13.2.rel1/bin/../lib/gcc/arm-none-eabi/13.2.1/thumb/v8-m.main+dp/hard/crtend.o
LOAD F:/project_of_competition/qian_sai/e2s/toolchains/gcc_arm/13.2.rel1/bin/../lib/gcc/arm-none-eabi/13.2.1/thumb/v8-m.main+dp/hard/crtn.o
                0x22000000                        RAM_START = 0x22000000
                0x001d4000                        RAM_LENGTH = 0x1d4000
                0x02000000                        FLASH_START = 0x2000000
                0x00100000                        FLASH_LENGTH = 0x100000
                0x27000000                        DATA_FLASH_START = 0x27000000
                0x00000000                        DATA_FLASH_LENGTH = 0x0
                0x68000000                        SDRAM_START = 0x68000000
                0x08000000                        SDRAM_LENGTH = 0x8000000
                0x80000000                        OSPI0_CS0_START = 0x80000000
                0x10000000                        OSPI0_CS0_LENGTH = 0x10000000
                0x90000000                        OSPI0_CS1_START = 0x90000000
                0x10000000                        OSPI0_CS1_LENGTH = 0x10000000
                0x70000000                        OSPI1_CS0_START = 0x70000000
                0x08000000                        OSPI1_CS0_LENGTH = 0x8000000
                0x78000000                        OSPI1_CS1_START = 0x78000000
                0x08000000                        OSPI1_CS1_LENGTH = 0x8000000
                0x02c9f040                        OPTION_SETTING_OFS0_START = 0x2c9f040
                0x00000004                        OPTION_SETTING_OFS0_LENGTH = 0x4
                0x02c9f044                        OPTION_SETTING_OFS2_START = 0x2c9f044
                0x00000004                        OPTION_SETTING_OFS2_LENGTH = 0x4
                0x02c9f074                        OPTION_SETTING_SAS_START = 0x2c9f074
                0x00000004                        OPTION_SETTING_SAS_LENGTH = 0x4
                0x12c9f4c0                        OPTION_SETTING_OFS1_START = 0x12c9f4c0
                0x00000004                        OPTION_SETTING_OFS1_LENGTH = 0x4
                0x02c9f0c0                        OPTION_SETTING_OFS1_SEC_START = 0x2c9f0c0
                0x00000004                        OPTION_SETTING_OFS1_SEC_LENGTH = 0x4
                0x02c9f120                        OPTION_SETTING_OFS1_SEL_START = 0x2c9f120
                0x00000004                        OPTION_SETTING_OFS1_SEL_LENGTH = 0x4
                0x12c9f4c4                        OPTION_SETTING_OFS3_START = 0x12c9f4c4
                0x00000004                        OPTION_SETTING_OFS3_LENGTH = 0x4
                0x02c9f0c4                        OPTION_SETTING_OFS3_SEC_START = 0x2c9f0c4
                0x00000004                        OPTION_SETTING_OFS3_SEC_LENGTH = 0x4
                0x02c9f124                        OPTION_SETTING_OFS3_SEL_START = 0x2c9f124
                0x00000004                        OPTION_SETTING_OFS3_SEL_LENGTH = 0x4
                0x12c9f600                        OPTION_SETTING_BPS_START = 0x12c9f600
                0x00000080                        OPTION_SETTING_BPS_LENGTH = 0x80
                0x02c9f200                        OPTION_SETTING_BPS_SEC_START = 0x2c9f200
                0x00000080                        OPTION_SETTING_BPS_SEC_LENGTH = 0x80
                0x02e07600                        OPTION_SETTING_OTP_FSBLCTRL0_START = 0x2e07600
                0x00000004                        OPTION_SETTING_OTP_FSBLCTRL0_LENGTH = 0x4
                0x02e07604                        OPTION_SETTING_OTP_FSBLCTRL1_START = 0x2e07604
                0x00000004                        OPTION_SETTING_OTP_FSBLCTRL1_LENGTH = 0x4
                0x02e07608                        OPTION_SETTING_OTP_FSBLCTRL2_START = 0x2e07608
                0x00000004                        OPTION_SETTING_OTP_FSBLCTRL2_LENGTH = 0x4
                0x02e07614                        OPTION_SETTING_OTP_SAMR_START = 0x2e07614
                0x00000004                        OPTION_SETTING_OTP_SAMR_LENGTH = 0x4
                0x02e07620                        OPTION_SETTING_OTP_SACC00_START = 0x2e07620
                0x00000004                        OPTION_SETTING_OTP_SACC00_LENGTH = 0x4
                0x02e07630                        OPTION_SETTING_OTP_SACC10_START = 0x2e07630
                0x00000004                        OPTION_SETTING_OTP_SACC10_LENGTH = 0x4
                0x02e07640                        OPTION_SETTING_OTP_SACC01_START = 0x2e07640
                0x00000004                        OPTION_SETTING_OTP_SACC01_LENGTH = 0x4
                0x02e07650                        OPTION_SETTING_OTP_SACC11_START = 0x2e07650
                0x00000004                        OPTION_SETTING_OTP_SACC11_LENGTH = 0x4
                0x02e07660                        OPTION_SETTING_OTP_SACC02_START = 0x2e07660
                0x00000004                        OPTION_SETTING_OTP_SACC02_LENGTH = 0x4
                0x02e07670                        OPTION_SETTING_OTP_SACC12_START = 0x2e07670
                0x00000004                        OPTION_SETTING_OTP_SACC12_LENGTH = 0x4
                0x02e07680                        OPTION_SETTING_OTP_SACC03_START = 0x2e07680
                0x00000004                        OPTION_SETTING_OTP_SACC03_LENGTH = 0x4
                0x02e07690                        OPTION_SETTING_OTP_SACC13_START = 0x2e07690
                0x00000004                        OPTION_SETTING_OTP_SACC13_LENGTH = 0x4
                0x02e17700                        OPTION_SETTING_OTP_PBPS_SEC_START = 0x2e17700
                0x00000080                        OPTION_SETTING_OTP_PBPS_SEC_LENGTH = 0x80
                0x12e17780                        OPTION_SETTING_OTP_PBPS_START = 0x12e17780
                0x00000080                        OPTION_SETTING_OTP_PBPS_LENGTH = 0x80
                0x02e17920                        OPTION_SETTING_OTP_ZHUK_START = 0x2e17920
                0x00000004                        OPTION_SETTING_OTP_ZHUK_LENGTH = 0x4
                0x00000000                        ITCM_START = 0x0
                0x00020000                        ITCM_LENGTH = 0x20000
                0x20000000                        DTCM_START = 0x20000000
                0x00020000                        DTCM_LENGTH = 0x20000
START GROUP
LOAD F:/project_of_competition/qian_sai/e2s/toolchains/gcc_arm/13.2.rel1/bin/../lib/gcc/arm-none-eabi/13.2.1/thumb/v8-m.main+dp/hard\libgcc.a
LOAD F:/project_of_competition/qian_sai/e2s/toolchains/gcc_arm/13.2.rel1/bin/../lib/gcc/arm-none-eabi/13.2.1/thumb/v8-m.main+dp/hard\libc.a
LOAD F:/project_of_competition/qian_sai/e2s/toolchains/gcc_arm/13.2.rel1/bin/../lib/gcc/arm-none-eabi/13.2.1/thumb/v8-m.main+dp/hard\libm.a
END GROUP

.ospi0_cs1.startof
                0x90000000        0x0
                0x90000000                        __ddsc_OSPI0_CS1_START = .

.sdram.startof  0x68000000        0x0
                0x68000000                        __ddsc_SDRAM_START = .

__sdram_from_ospi0_cs1$$
                0x68000000        0x0 load address 0x90000000
                0x68000000                        __sdram_from_ospi0_cs1$$Base = .
                0x90000000                        __sdram_from_ospi0_cs1$$Load = LOADADDR (__sdram_from_ospi0_cs1$$)
 *(.sdram_from_ospi0_cs1)
 *(.sdram_code_from_ospi0_cs1)
                0x68000000                        __sdram_from_ospi0_cs1$$Limit = .

.ospi0_cs0.startof
                0x80000000        0x0
                0x80000000                        __ddsc_OSPI0_CS0_START = .

__ospi0_cs0_from_ospi0_cs1$$
                0x80000000        0x0 load address 0x90000000
                0x80000000                        __ospi0_cs0_from_ospi0_cs1$$Base = .
                0x90000000                        __ospi0_cs0_from_ospi0_cs1$$Load = LOADADDR (__ospi0_cs0_from_ospi0_cs1$$)
 *(.ospi0_cs0_from_ospi0_cs1)
 *(.ospi0_cs0_code_from_ospi0_cs1)
                0x80000000                        __ospi0_cs0_from_ospi0_cs1$$Limit = .

.ospi1_cs0.startof
                0x70000000        0x0
                0x70000000                        __ddsc_OSPI1_CS0_START = .

__ospi1_cs0_from_ospi0_cs1$$
                0x70000000        0x0 load address 0x90000000
                0x70000000                        __ospi1_cs0_from_ospi0_cs1$$Base = .
                0x90000000                        __ospi1_cs0_from_ospi0_cs1$$Load = LOADADDR (__ospi1_cs0_from_ospi0_cs1$$)
 *(.ospi1_cs0_from_ospi0_cs1)
 *(.ospi1_cs0_code_from_ospi0_cs1)
                0x70000000                        __ospi1_cs0_from_ospi0_cs1$$Limit = .

.itcm.startof   0x00000000        0x0
                0x00000000                        __ddsc_ITCM_START = .

__itcm_from_ospi0_cs1$$
                0x00000000        0x0 load address 0x90000000
                0x00000000                        __itcm_from_ospi0_cs1$$Base = .
                0x90000000                        __itcm_from_ospi0_cs1$$Load = LOADADDR (__itcm_from_ospi0_cs1$$)
 *(.itcm_from_ospi0_cs1)
 *(.itcm_code_from_ospi0_cs1)
                0x00000000                        __itcm_from_ospi0_cs1$$Limit = .

.dtcm.startof   0x20000000        0x0
                0x20000000                        __ddsc_DTCM_START = .

__dtcm_from_ospi0_cs1$$
                0x20000000        0x0 load address 0x90000000
                0x20000000                        __dtcm_from_ospi0_cs1$$Base = .
                0x90000000                        __dtcm_from_ospi0_cs1$$Load = LOADADDR (__dtcm_from_ospi0_cs1$$)
 *(.dtcm_from_ospi0_cs1)
 *(.dtcm_code_from_ospi0_cs1)
                0x20000000                        __dtcm_from_ospi0_cs1$$Limit = .

.ram.startof    0x22000000        0x0
                0x22000000                        __ddsc_RAM_START = .

__ram_dtc_vector$$
                0x22000000        0x0
                0x22000000                        __ram_dtc_vector$$Base = .
 *(.fsp_dtc_vector_table)
                0x22000000                        __ram_dtc_vector$$Limit = .

__ram_from_ospi0_cs1$$
                0x22000000        0x0 load address 0x90000000
                0x22000000                        __ram_from_ospi0_cs1$$Base = .
                0x90000000                        __ram_from_ospi0_cs1$$Load = LOADADDR (__ram_from_ospi0_cs1$$)
 *(.ram_from_ospi0_cs1)
 *(.ram_code_from_ospi0_cs1)
                0x22000000                        __ram_from_ospi0_cs1$$Limit = .

__ospi0_cs1_readonly$$
                0x90000000        0x0
                0x90000000                        __ospi0_cs1_readonly$$Base = .
 *(.ospi0_cs1)
 *(.ospi0_cs1_code)
                0x90000000                        __ospi0_cs1_readonly$$Limit = .

__ospi0_cs1_noinit$$
                0x90000000        0x0
                0x90000000                        __ospi0_cs1_noinit$$Base = .
 *(.ospi0_cs1_noinit)
                0x90000000                        __ospi0_cs1_noinit$$Limit = .

.ospi0_cs1.endof
                0x90000000        0x0
                0x90000000                        __ddsc_OSPI0_CS1_END = .

.ospi1_cs1.startof
                0x78000000        0x0
                0x78000000                        __ddsc_OSPI1_CS1_START = .

__sdram_from_ospi1_cs1$$
                0x68000000        0x0 load address 0x78000000
                0x68000000                        __sdram_from_ospi1_cs1$$Base = .
                0x78000000                        __sdram_from_ospi1_cs1$$Load = LOADADDR (__sdram_from_ospi1_cs1$$)
 *(.sdram_from_ospi1_cs1)
 *(.sdram_code_from_ospi1_cs1)
                0x68000000                        __sdram_from_ospi1_cs1$$Limit = .

__ospi0_cs0_from_ospi1_cs1$$
                0x80000000        0x0 load address 0x78000000
                0x80000000                        __ospi0_cs0_from_ospi1_cs1$$Base = .
                0x78000000                        __ospi0_cs0_from_ospi1_cs1$$Load = LOADADDR (__ospi0_cs0_from_ospi1_cs1$$)
 *(.ospi0_cs0_from_ospi1_cs1)
 *(.ospi0_cs0_code_from_ospi1_cs1)
                0x80000000                        __ospi0_cs0_from_ospi1_cs1$$Limit = .

__ospi1_cs0_from_ospi1_cs1$$
                0x70000000        0x0 load address 0x78000000
                0x70000000                        __ospi1_cs0_from_ospi1_cs1$$Base = .
                0x78000000                        __ospi1_cs0_from_ospi1_cs1$$Load = LOADADDR (__ospi1_cs0_from_ospi1_cs1$$)
 *(.ospi1_cs0_from_ospi1_cs1)
 *(.ospi1_cs0_code_from_ospi1_cs1)
                0x70000000                        __ospi1_cs0_from_ospi1_cs1$$Limit = .

__itcm_from_ospi1_cs1$$
                0x00000000        0x0 load address 0x78000000
                0x00000000                        __itcm_from_ospi1_cs1$$Base = .
                0x78000000                        __itcm_from_ospi1_cs1$$Load = LOADADDR (__itcm_from_ospi1_cs1$$)
 *(.itcm_from_ospi1_cs1)
 *(.itcm_code_from_ospi1_cs1)
                0x00000000                        __itcm_from_ospi1_cs1$$Limit = .

__dtcm_from_ospi1_cs1$$
                0x20000000        0x0 load address 0x78000000
                0x20000000                        __dtcm_from_ospi1_cs1$$Base = .
                0x78000000                        __dtcm_from_ospi1_cs1$$Load = LOADADDR (__dtcm_from_ospi1_cs1$$)
 *(.dtcm_from_ospi1_cs1)
 *(.dtcm_code_from_ospi1_cs1)
                0x20000000                        __dtcm_from_ospi1_cs1$$Limit = .

__ram_from_ospi1_cs1$$
                0x22000000        0x0 load address 0x78000000
                0x22000000                        __ram_from_ospi1_cs1$$Base = .
                0x78000000                        __ram_from_ospi1_cs1$$Load = LOADADDR (__ram_from_ospi1_cs1$$)
 *(.ram_from_ospi1_cs1)
 *(.ram_code_from_ospi1_cs1)
                0x22000000                        __ram_from_ospi1_cs1$$Limit = .

__ospi1_cs1_readonly$$
                0x78000000        0x0
                0x78000000                        __ospi1_cs1_readonly$$Base = .
 *(.ospi1_cs1)
 *(.ospi1_cs1_code)
                0x78000000                        __ospi1_cs1_readonly$$Limit = .

__ospi1_cs1_noinit$$
                0x78000000        0x0
                0x78000000                        __ospi1_cs1_noinit$$Base = .
 *(.ospi1_cs1_noinit)
                0x78000000                        __ospi1_cs1_noinit$$Limit = .

.ospi1_cs1.endof
                0x78000000        0x0
                0x78000000                        __ddsc_OSPI1_CS1_END = .

.data_flash.startof
                0x27000000        0x0
                0x27000000                        __ddsc_DATA_FLASH_START = .

__sdram_from_data_flash$$
                0x68000000        0x0 load address 0x27000000
                0x68000000                        __sdram_from_data_flash$$Base = .
                0x27000000                        __sdram_from_data_flash$$Load = LOADADDR (__sdram_from_data_flash$$)
 *(.sdram_from_data_flash)
 *(.sdram_code_from_data_flash)
                0x68000000                        __sdram_from_data_flash$$Limit = .

__ospi0_cs0_from_data_flash$$
                0x80000000        0x0 load address 0x27000000
                0x80000000                        __ospi0_cs0_from_data_flash$$Base = .
                0x27000000                        __ospi0_cs0_from_data_flash$$Load = LOADADDR (__ospi0_cs0_from_data_flash$$)
 *(.ospi0_cs0_from_data_flash)
 *(.ospi0_cs0_code_from_data_flash)
                0x80000000                        __ospi0_cs0_from_data_flash$$Limit = .

__ospi1_cs0_from_data_flash$$
                0x70000000        0x0 load address 0x27000000
                0x70000000                        __ospi1_cs0_from_data_flash$$Base = .
                0x27000000                        __ospi1_cs0_from_data_flash$$Load = LOADADDR (__ospi1_cs0_from_data_flash$$)
 *(.ospi1_cs0_from_data_flash)
 *(.ospi1_cs0_code_from_data_flash)
                0x70000000                        __ospi1_cs0_from_data_flash$$Limit = .

__itcm_from_data_flash$$
                0x00000000        0x0 load address 0x27000000
                0x00000000                        __itcm_from_data_flash$$Base = .
                0x27000000                        __itcm_from_data_flash$$Load = LOADADDR (__itcm_from_data_flash$$)
 *(.itcm_from_data_flash)
 *(.itcm_code_from_data_flash)
                0x00000000                        __itcm_from_data_flash$$Limit = .

__dtcm_from_data_flash$$
                0x20000000        0x0 load address 0x27000000
                0x20000000                        __dtcm_from_data_flash$$Base = .
                0x27000000                        __dtcm_from_data_flash$$Load = LOADADDR (__dtcm_from_data_flash$$)
 *(.dtcm_from_data_flash)
 *(.dtcm_code_from_data_flash)
                0x20000000                        __dtcm_from_data_flash$$Limit = .

__ram_from_data_flash$$
                0x22000000        0x0 load address 0x27000000
                0x22000000                        __ram_from_data_flash$$Base = .
                0x27000000                        __ram_from_data_flash$$Load = LOADADDR (__ram_from_data_flash$$)
 *(.ram_from_data_flash)
 *(.ram_code_from_data_flash)
                0x22000000                        __ram_from_data_flash$$Limit = .

__data_flash_readonly$$
                0x27000000        0x0
                0x27000000                        __data_flash_readonly$$Base = .
 *(.data_flash)
 *(.data_flash_code)
                0x27000000                        __data_flash_readonly$$Limit = .

__data_flash_noinit$$
                0x27000000        0x0
                0x27000000                        __data_flash_noinit$$Base = .
 *(.data_flash_noinit)
                0x27000000                        __data_flash_noinit$$Limit = .

.data_flash.endof
                0x27000000        0x0
                0x27000000                        __ddsc_DATA_FLASH_END = .

.flash.startof  0x02000000        0x0
                0x02000000                        __ddsc_FLASH_START = .

__flash_vectors$$
                0x02000000       0x50
                0x02000000                        __flash_vectors$$Base = .
                0x02000000                        _VECTORS = .
 *(.fixed_vectors)
 .fixed_vectors
                0x02000000       0x40 ./ra/fsp/src/bsp/cmsis/Device/RENESAS/Source/startup.o
                0x02000000                __Vectors
 *(.application_vectors)
 .application_vectors
                0x02000040       0x10 ./ra_gen/vector_data.o
                0x02000040                g_vector_table
                0x02000050                        __flash_vectors$$Limit = .

__flash_noinit$$
                0x02000050        0x0
                0x02000050                        __flash_noinit$$Base = .
 *(.flash_noinit)
                0x02000050                        __flash_noinit$$Limit = .

__sdram_from_flash$$
                0x68000000        0x0 load address 0x02000050
                0x68000000                        __sdram_from_flash$$Base = .
                0x02000050                        __sdram_from_flash$$Load = LOADADDR (__sdram_from_flash$$)
 *(.sdram_from_flash)
 *(.sdram_code_from_flash)
                0x68000000                        __sdram_from_flash$$Limit = .

__sdram_noinit_nocache$$
                0x68000000        0x0 load address 0x02000060
                0x68000000                        __sdram_noinit_nocache$$Base = .
 *(.sdram_noinit_nocache)
                0x68000000                        __sdram_noinit_nocache$$Limit = .

__sdram_zero_nocache$$
                0x68000000        0x0 load address 0x02000050
                0x68000000                        __sdram_zero_nocache$$Base = .
 *(.sdram_nocache)
                0x68000000                        . = ALIGN (0x20)
                0x68000000                        __sdram_zero_nocache$$Limit = .

__sdram_noinit$$
                0x68000000        0x0 load address 0x02000050
                0x68000000                        __sdram_noinit$$Base = .
 *(.sdram_noinit)
                0x68000000                        __sdram_noinit$$Limit = .

__sdram_zero$$  0x68000000        0x0 load address 0x02000050
                0x68000000                        __sdram_zero$$Base = .
 *(.sdram)
                0x68000000                        __sdram_zero$$Limit = .

.sdram.endof    0x68000000        0x0
                0x68000000                        __ddsc_SDRAM_END = .

__ospi0_cs0_from_flash$$
                0x80000000        0x0 load address 0x02000050
                0x80000000                        __ospi0_cs0_from_flash$$Base = .
                0x02000050                        __ospi0_cs0_from_flash$$Load = LOADADDR (__ospi0_cs0_from_flash$$)
 *(.ospi0_cs0_from_flash)
 *(.ospi0_cs0_code_from_flash)
                0x80000000                        __ospi0_cs0_from_flash$$Limit = .

__ospi0_cs0_noinit_nocache$$
                0x80000000        0x0 load address 0x02000060
                0x80000000                        __ospi0_cs0_noinit_nocache$$Base = .
 *(.ospi0_cs0_noinit_nocache)
                0x80000000                        __ospi0_cs0_noinit_nocache$$Limit = .

__ospi0_cs0_zero_nocache$$
                0x80000000        0x0 load address 0x02000050
                0x80000000                        __ospi0_cs0_zero_nocache$$Base = .
 *(.ospi0_cs0_nocache)
                0x80000000                        . = ALIGN (0x20)
                0x80000000                        __ospi0_cs0_zero_nocache$$Limit = .

__ospi0_cs0_noinit$$
                0x80000000        0x0 load address 0x02000050
                0x80000000                        __ospi0_cs0_noinit$$Base = .
 *(.ospi0_cs0_noinit)
                0x80000000                        __ospi0_cs0_noinit$$Limit = .

__ospi0_cs0_zero$$
                0x80000000        0x0 load address 0x02000050
                0x80000000                        __ospi0_cs0_zero$$Base = .
 *(.ospi0_cs0)
                0x80000000                        __ospi0_cs0_zero$$Limit = .

.ospi0_cs0.endof
                0x80000000        0x0
                0x80000000                        __ddsc_OSPI0_CS0_END = .

__ospi1_cs0_from_flash$$
                0x70000000        0x0 load address 0x02000050
                0x70000000                        __ospi1_cs0_from_flash$$Base = .
                0x02000050                        __ospi1_cs0_from_flash$$Load = LOADADDR (__ospi1_cs0_from_flash$$)
 *(.ospi1_cs0_from_flash)
 *(.ospi1_cs0_code_from_flash)
                0x70000000                        __ospi1_cs0_from_flash$$Limit = .

__ospi1_cs0_noinit_nocache$$
                0x70000000        0x0 load address 0x02000060
                0x70000000                        __ospi1_cs0_noinit_nocache$$Base = .
 *(.ospi1_cs0_noinit_nocache)
                0x70000000                        __ospi1_cs0_noinit_nocache$$Limit = .

__ospi1_cs0_zero_nocache$$
                0x70000000        0x0 load address 0x02000050
                0x70000000                        __ospi1_cs0_zero_nocache$$Base = .
 *(.ospi1_cs0_nocache)
                0x70000000                        . = ALIGN (0x20)
                0x70000000                        __ospi1_cs0_zero_nocache$$Limit = .

__ospi1_cs0_noinit$$
                0x70000000        0x0 load address 0x02000050
                0x70000000                        __ospi1_cs0_noinit$$Base = .
 *(.ospi1_cs0_noinit)
                0x70000000                        __ospi1_cs0_noinit$$Limit = .

__ospi1_cs0_zero$$
                0x70000000        0x0 load address 0x02000050
                0x70000000                        __ospi1_cs0_zero$$Base = .
 *(.ospi1_cs0)
                0x70000000                        __ospi1_cs0_zero$$Limit = .

.ospi1_cs0.endof
                0x70000000        0x0
                0x70000000                        __ddsc_OSPI1_CS0_END = .

__itcm_from_flash$$
                0x00000000        0x0 load address 0x02000050
                0x00000000                        __itcm_from_flash$$Base = .
                0x02000050                        __itcm_from_flash$$Load = LOADADDR (__itcm_from_flash$$)
 *(.itcm_from_flash)
 *(.itcm_code_from_flash)
                0x00000000                        __itcm_from_flash$$Limit = .

__itcm_noinit$$
                0x00000000        0x0 load address 0x02000050
                0x00000000                        __itcm_noinit$$Base = .
 *(.itcm_noinit)
                0x00000000                        __itcm_noinit$$Limit = .

__itcm_zero$$   0x00000000        0x0 load address 0x02000050
                0x00000000                        __itcm_zero$$Base = .
 *(.itcm)
                0x00000000                        __itcm_zero$$Limit = .

.itcm.endof     0x00000000        0x0
                0x00000000                        __ddsc_ITCM_END = .

__dtcm_from_flash$$
                0x20000000        0x0 load address 0x02000050
                0x20000000                        __dtcm_from_flash$$Base = .
                0x02000050                        __dtcm_from_flash$$Load = LOADADDR (__dtcm_from_flash$$)
 *(.dtcm_from_flash)
 *(.dtcm_code_from_flash)
                0x20000000                        __dtcm_from_flash$$Limit = .

__dtcm_noinit$$
                0x20000000        0x0 load address 0x02000050
                0x20000000                        __dtcm_noinit$$Base = .
 *(.dtcm_noinit)
                0x20000000                        __dtcm_noinit$$Limit = .

__dtcm_zero$$   0x20000000        0x0 load address 0x02000050
                0x20000000                        __dtcm_zero$$Base = .
 *(.dtcm)
                0x20000000                        __dtcm_zero$$Limit = .

.dtcm.endof     0x20000000        0x0
                0x20000000                        __ddsc_DTCM_END = .

__ram_from_flash$$
                0x22000000      0x1cc load address 0x02000050
                0x22000000                        __ram_from_flash$$Base = .
                0x02000050                        __ram_from_flash$$Load = LOADADDR (__ram_from_flash$$)
 *(.ram_from_flash)
 *(.ram_code_from_flash)
 *(.data*)
 .data.g_uart9_baud_setting
                0x22000000        0x4 ./ra_gen/hal_data.o
                0x22000000                g_uart9_baud_setting
 .data.__sglue  0x22000004        0xc F:/project_of_competition/qian_sai/e2s/toolchains/gcc_arm/13.2.rel1/bin/../lib/gcc/arm-none-eabi/13.2.1/thumb/v8-m.main+dp/hard\libg_nano.a(libc_a-findfp.o)
                0x22000004                __sglue
 .data._impure_ptr
                0x22000010        0x4 F:/project_of_competition/qian_sai/e2s/toolchains/gcc_arm/13.2.rel1/bin/../lib/gcc/arm-none-eabi/13.2.1/thumb/v8-m.main+dp/hard\libg_nano.a(libc_a-impure.o)
                0x22000010                _impure_ptr
 .data._impure_data
                0x22000014       0x4c F:/project_of_competition/qian_sai/e2s/toolchains/gcc_arm/13.2.rel1/bin/../lib/gcc/arm-none-eabi/13.2.1/thumb/v8-m.main+dp/hard\libg_nano.a(libc_a-impure.o)
                0x22000014                _impure_data
 .data.__global_locale
                0x22000060      0x16c F:/project_of_competition/qian_sai/e2s/toolchains/gcc_arm/13.2.rel1/bin/../lib/gcc/arm-none-eabi/13.2.1/thumb/v8-m.main+dp/hard\libg_nano.a(libc_a-locale.o)
                0x22000060                __global_locale
 *(vtable)
                0x220001cc                        __ram_from_flash$$Limit = .

.tm_clone_table
                0x220001cc        0x0 load address 0x0200021c
 .tm_clone_table
                0x220001cc        0x0 F:/project_of_competition/qian_sai/e2s/toolchains/gcc_arm/13.2.rel1/bin/../lib/gcc/arm-none-eabi/13.2.1/thumb/v8-m.main+dp/hard/crtbegin.o
 .tm_clone_table
                0x220001cc        0x0 F:/project_of_competition/qian_sai/e2s/toolchains/gcc_arm/13.2.rel1/bin/../lib/gcc/arm-none-eabi/13.2.1/thumb/v8-m.main+dp/hard/crtend.o

.igot.plt       0x220001cc        0x0 load address 0x0200021c
 .igot.plt      0x220001cc        0x0 F:/project_of_competition/qian_sai/e2s/toolchains/gcc_arm/13.2.rel1/bin/../lib/gcc/arm-none-eabi/13.2.1/thumb/v8-m.main+dp/hard/crtbegin.o

__ram_noinit_nocache$$
                0x220001e0        0x0 load address 0x02000220
                0x220001e0                        __ram_noinit_nocache$$Base = .
 *(.ram_noinit_nocache)
                0x220001e0                        __ram_noinit_nocache$$Limit = .

__ram_zero_nocache$$
                0x220001cc       0x14 load address 0x0200021c
                0x220001cc                        __ram_zero_nocache$$Base = .
 *(.ram_nocache)
                0x220001e0                        . = ALIGN (0x20)
 *fill*         0x220001cc       0x14 
                0x220001e0                        __ram_zero_nocache$$Limit = .

__ram_noinit$$  0x220001e0     0x442c load address 0x0200021c
                0x220001e0                        __ram_noinit$$Base = .
 *(.bss.g_heap)
 .bss.g_heap    0x220001e0     0x4000 ./ra/fsp/src/bsp/cmsis/Device/RENESAS/Source/startup.o
                0x220001e0                g_heap
 *(.bss.g_main_stack)
 .bss.g_main_stack
                0x220041e0      0x400 ./ra/fsp/src/bsp/cmsis/Device/RENESAS/Source/startup.o
                0x220041e0                g_main_stack
 *(.ram_noinit)
 .ram_noinit    0x220045e0       0x2c ./ra/fsp/src/bsp/mcu/all/bsp_clocks.o
 *(.noinit)
                0x2200460c                        __ram_noinit$$Limit = .

__ram_zero$$    0x22004610      0x220 load address 0x0200021c
                0x22004610                        __ram_zero$$Base = .
 *(.ram)
 *(.bss*)
 .bss.completed.1
                0x22004610        0x1 F:/project_of_competition/qian_sai/e2s/toolchains/gcc_arm/13.2.rel1/bin/../lib/gcc/arm-none-eabi/13.2.1/thumb/v8-m.main+dp/hard/crtbegin.o
 *fill*         0x22004611        0x3 
 .bss.object.0  0x22004614       0x18 F:/project_of_competition/qian_sai/e2s/toolchains/gcc_arm/13.2.rel1/bin/../lib/gcc/arm-none-eabi/13.2.1/thumb/v8-m.main+dp/hard/crtbegin.o
 .bss.g_ioport_ctrl
                0x2200462c        0x8 ./ra_gen/common_data.o
                0x2200462c                g_ioport_ctrl
 .bss.g_uart9_ctrl
                0x22004634       0x34 ./ra_gen/hal_data.o
                0x22004634                g_uart9_ctrl
 .bss.g_bsp_group_irq_sources
                0x22004668       0x54 ./ra/fsp/src/bsp/mcu/all/bsp_group_irq.o
                0x22004668                g_bsp_group_irq_sources
 .bss.g_protect_pfswe_counter
                0x220046bc        0x4 ./ra/fsp/src/bsp/mcu/all/bsp_io.o
                0x220046bc                g_protect_pfswe_counter
 .bss.gp_renesas_isr_context
                0x220046c0       0x10 ./ra/fsp/src/bsp/mcu/all/bsp_irq.o
                0x220046c0                gp_renesas_isr_context
 .bss.g_protect_counters
                0x220046d0        0xa ./ra/fsp/src/bsp/mcu/all/bsp_register_protection.o
                0x220046d0                g_protect_counters
 *fill*         0x220046da        0x2 
 .bss.current_block_offset.0
                0x220046dc        0x4 ./ra/fsp/src/bsp/mcu/all/bsp_sbrk.o
 .bss.SystemCoreClock
                0x220046e0        0x4 ./ra/fsp/src/bsp/cmsis/Device/RENESAS/Source/system.o
                0x220046e0                SystemCoreClock
 .bss.__sf      0x220046e4      0x138 F:/project_of_competition/qian_sai/e2s/toolchains/gcc_arm/13.2.rel1/bin/../lib/gcc/arm-none-eabi/13.2.1/thumb/v8-m.main+dp/hard\libg_nano.a(libc_a-findfp.o)
                0x220046e4                __sf
 .bss.__stdio_exit_handler
                0x2200481c        0x4 F:/project_of_competition/qian_sai/e2s/toolchains/gcc_arm/13.2.rel1/bin/../lib/gcc/arm-none-eabi/13.2.1/thumb/v8-m.main+dp/hard\libg_nano.a(libc_a-findfp.o)
                0x2200481c                __stdio_exit_handler
 .bss.errno     0x22004820        0x4 F:/project_of_competition/qian_sai/e2s/toolchains/gcc_arm/13.2.rel1/bin/../lib/gcc/arm-none-eabi/13.2.1/thumb/v8-m.main+dp/hard\libg_nano.a(libc_a-reent.o)
                0x22004820                errno
 .bss.__lock___malloc_recursive_mutex
                0x22004824        0x1 F:/project_of_competition/qian_sai/e2s/toolchains/gcc_arm/13.2.rel1/bin/../lib/gcc/arm-none-eabi/13.2.1/thumb/v8-m.main+dp/hard\libg_nano.a(libc_a-lock.o)
                0x22004824                __lock___malloc_recursive_mutex
 .bss.__lock___sfp_recursive_mutex
                0x22004825        0x1 F:/project_of_competition/qian_sai/e2s/toolchains/gcc_arm/13.2.rel1/bin/../lib/gcc/arm-none-eabi/13.2.1/thumb/v8-m.main+dp/hard\libg_nano.a(libc_a-lock.o)
                0x22004825                __lock___sfp_recursive_mutex
 *fill*         0x22004826        0x2 
 .bss.__malloc_sbrk_start
                0x22004828        0x4 F:/project_of_competition/qian_sai/e2s/toolchains/gcc_arm/13.2.rel1/bin/../lib/gcc/arm-none-eabi/13.2.1/thumb/v8-m.main+dp/hard\libg_nano.a(libc_a-mallocr.o)
                0x22004828                __malloc_sbrk_start
 .bss.__malloc_free_list
                0x2200482c        0x4 F:/project_of_competition/qian_sai/e2s/toolchains/gcc_arm/13.2.rel1/bin/../lib/gcc/arm-none-eabi/13.2.1/thumb/v8-m.main+dp/hard\libg_nano.a(libc_a-mallocr.o)
                0x2200482c                __malloc_free_list
                0x22004830                        __ram_zero$$Limit = .

__ram_thread_stack$$
                0x22004830        0x0 load address 0x02000220
                0x22004830                        __ram_thread_stack$$Base = .
 *(.stack?*)
                0x22004830                        __ram_thread_stack$$Limit = .

.ram.endof      0x22004a00        0x0
                0x22004a00                        __ddsc_RAM_END = .

.ram.flat_nsc   0x22004a00        0x0
                0x22004a00                        __ddsc_RAM_NSC = .

__flash_readonly$$
                0x02000220     0x4664
                0x02000220                        __flash_readonly$$Base = .
 *(.flash)
 *(.flash_code)
 *(.text*)
 .text.deregister_tm_clones
                0x02000220       0x1c F:/project_of_competition/qian_sai/e2s/toolchains/gcc_arm/13.2.rel1/bin/../lib/gcc/arm-none-eabi/13.2.1/thumb/v8-m.main+dp/hard/crtbegin.o
 .text.register_tm_clones
                0x0200023c       0x28 F:/project_of_competition/qian_sai/e2s/toolchains/gcc_arm/13.2.rel1/bin/../lib/gcc/arm-none-eabi/13.2.1/thumb/v8-m.main+dp/hard/crtbegin.o
 .text.__do_global_dtors_aux
                0x02000264       0x28 F:/project_of_competition/qian_sai/e2s/toolchains/gcc_arm/13.2.rel1/bin/../lib/gcc/arm-none-eabi/13.2.1/thumb/v8-m.main+dp/hard/crtbegin.o
 .text.frame_dummy
                0x0200028c       0x24 F:/project_of_competition/qian_sai/e2s/toolchains/gcc_arm/13.2.rel1/bin/../lib/gcc/arm-none-eabi/13.2.1/thumb/v8-m.main+dp/hard/crtbegin.o
 .text._write   0x020002b0       0x18 ./src/hal_entry.o
                0x020002b0                _write
 .text.hal_entry
                0x020002c8       0x40 ./src/hal_entry.o
                0x020002c8                hal_entry
 .text.R_BSP_WarmStart
                0x02000308       0x18 ./src/hal_warmstart.o
                0x02000308                R_BSP_WarmStart
 .text.startup.main
                0x02000320        0xc ./ra_gen/main.o
                0x02000320                main
 .text.R_SCI_B_UART_Read
                0x0200032c        0xc ./ra/fsp/src/r_sci_b_uart/r_sci_b_uart.o
                0x0200032c                R_SCI_B_UART_Read
 .text.R_SCI_B_UART_Write
                0x02000338       0x40 ./ra/fsp/src/r_sci_b_uart/r_sci_b_uart.o
                0x02000338                R_SCI_B_UART_Write
 .text.R_SCI_B_UART_CallbackSet
                0x02000378       0x10 ./ra/fsp/src/r_sci_b_uart/r_sci_b_uart.o
                0x02000378                R_SCI_B_UART_CallbackSet
 .text.R_SCI_B_UART_InfoGet
                0x02000388        0xc ./ra/fsp/src/r_sci_b_uart/r_sci_b_uart.o
                0x02000388                R_SCI_B_UART_InfoGet
 .text.R_SCI_B_UART_Abort
                0x02000394       0x48 ./ra/fsp/src/r_sci_b_uart/r_sci_b_uart.o
                0x02000394                R_SCI_B_UART_Abort
 .text.R_SCI_B_UART_ReadStop
                0x020003dc       0x14 ./ra/fsp/src/r_sci_b_uart/r_sci_b_uart.o
                0x020003dc                R_SCI_B_UART_ReadStop
 .text.R_SCI_B_UART_ReceiveSuspend
                0x020003f0        0x4 ./ra/fsp/src/r_sci_b_uart/r_sci_b_uart.o
                0x020003f0                R_SCI_B_UART_ReceiveSuspend
 .text.r_sci_b_irq_cfg
                0x020003f4       0x70 ./ra/fsp/src/r_sci_b_uart/r_sci_b_uart.o
 .text.r_sci_b_uart_call_callback
                0x02000464       0x44 ./ra/fsp/src/r_sci_b_uart/r_sci_b_uart.o
 .text.R_SCI_B_UART_Close
                0x020004a8       0xf4 ./ra/fsp/src/r_sci_b_uart/r_sci_b_uart.o
                0x020004a8                R_SCI_B_UART_Close
 .text.r_sci_b_uart_synchronization_delay_cfg.constprop.0
                0x0200059c       0x7c ./ra/fsp/src/r_sci_b_uart/r_sci_b_uart.o
 .text.R_SCI_B_UART_BaudSet
                0x02000618       0x30 ./ra/fsp/src/r_sci_b_uart/r_sci_b_uart.o
                0x02000618                R_SCI_B_UART_BaudSet
 .text.R_SCI_B_UART_ReceiveResume
                0x02000648        0x4 ./ra/fsp/src/r_sci_b_uart/r_sci_b_uart.o
                0x02000648                R_SCI_B_UART_ReceiveResume
 .text.R_SCI_B_UART_Open
                0x0200064c      0x288 ./ra/fsp/src/r_sci_b_uart/r_sci_b_uart.o
                0x0200064c                R_SCI_B_UART_Open
 .text.sci_b_uart_txi_isr
                0x020008d4       0xa8 ./ra/fsp/src/r_sci_b_uart/r_sci_b_uart.o
                0x020008d4                sci_b_uart_txi_isr
 .text.sci_b_uart_rxi_isr
                0x0200097c       0x90 ./ra/fsp/src/r_sci_b_uart/r_sci_b_uart.o
                0x0200097c                sci_b_uart_rxi_isr
 .text.sci_b_uart_tei_isr
                0x02000a0c       0x4c ./ra/fsp/src/r_sci_b_uart/r_sci_b_uart.o
                0x02000a0c                sci_b_uart_tei_isr
 .text.sci_b_uart_eri_isr
                0x02000a58       0x84 ./ra/fsp/src/r_sci_b_uart/r_sci_b_uart.o
                0x02000a58                sci_b_uart_eri_isr
 .text.bsp_vbatt_init
                0x02000adc       0xec ./ra/fsp/src/r_ioport/r_ioport.o
 .text.r_ioport_pins_config
                0x02000bc8       0xac ./ra/fsp/src/r_ioport/r_ioport.o
 .text.R_IOPORT_Open
                0x02000c74       0x14 ./ra/fsp/src/r_ioport/r_ioport.o
                0x02000c74                R_IOPORT_Open
 .text.SystemCoreClockUpdate
                0x02000c88       0x88 ./ra/fsp/src/bsp/mcu/all/bsp_clocks.o
                0x02000c88                SystemCoreClockUpdate
 .text.R_BSP_SubClockStabilizeWaitAfterReset
                0x02000d10        0x4 ./ra/fsp/src/bsp/mcu/all/bsp_clocks.o
                0x02000d10                R_BSP_SubClockStabilizeWaitAfterReset
 .text.R_BSP_OctaclkUpdate
                0x02000d14      0x17c ./ra/fsp/src/bsp/mcu/all/bsp_clocks.o
                0x02000d14                R_BSP_OctaclkUpdate
 .text.bsp_clock_init
                0x02000e90      0x528 ./ra/fsp/src/bsp/mcu/all/bsp_clocks.o
                0x02000e90                bsp_clock_init
 .text.R_BSP_SourceClockHzGet
                0x020013b8        0xc ./ra/fsp/src/bsp/mcu/all/bsp_clocks.o
                0x020013b8                R_BSP_SourceClockHzGet
 .text.R_BSP_Init_RTC
                0x020013c4       0xb0 ./ra/fsp/src/bsp/mcu/all/bsp_clocks.o
                0x020013c4                R_BSP_Init_RTC
 .text.__assert_func
                0x02001474        0x4 ./ra/fsp/src/bsp/mcu/all/bsp_common.o
                0x02001474                __assert_func
 .text.bsp_prv_software_delay_loop
                0x02001478        0xc ./ra/fsp/src/bsp/mcu/all/bsp_delay.o
                0x02001478                bsp_prv_software_delay_loop
 .text.R_BSP_SoftwareDelay
                0x02001484       0x88 ./ra/fsp/src/bsp/mcu/all/bsp_delay.o
                0x02001484                R_BSP_SoftwareDelay
 .text.NMI_Handler
                0x0200150c       0x44 ./ra/fsp/src/bsp/mcu/all/bsp_group_irq.o
                0x0200150c                NMI_Handler
 .text.bsp_irq_cfg
                0x02001550       0x2c ./ra/fsp/src/bsp/mcu/all/bsp_irq.o
                0x02001550                bsp_irq_cfg
 .text.R_BSP_RegisterProtectEnable
                0x0200157c       0x60 ./ra/fsp/src/bsp/mcu/all/bsp_register_protection.o
                0x0200157c                R_BSP_RegisterProtectEnable
 .text.R_BSP_RegisterProtectDisable
                0x020015dc       0x54 ./ra/fsp/src/bsp/mcu/all/bsp_register_protection.o
                0x020015dc                R_BSP_RegisterProtectDisable
 .text._sbrk    0x02001630       0x30 ./ra/fsp/src/bsp/mcu/all/bsp_sbrk.o
                0x02001630                _sbrk
 .text.Default_Handler
                0x02001660        0x4 ./ra/fsp/src/bsp/cmsis/Device/RENESAS/Source/startup.o
                0x02001660                DebugMon_Handler
                0x02001660                HardFault_Handler
                0x02001660                SysTick_Handler
                0x02001660                PendSV_Handler
                0x02001660                UsageFault_Handler
                0x02001660                SecureFault_Handler
                0x02001660                Default_Handler
                0x02001660                MemManage_Handler
                0x02001660                SVC_Handler
                0x02001660                BusFault_Handler
 .text.Reset_Handler
                0x02001664        0xc ./ra/fsp/src/bsp/cmsis/Device/RENESAS/Source/startup.o
                0x02001664                Reset_Handler
 .text.SystemRuntimeInit
                0x02001670       0x64 ./ra/fsp/src/bsp/cmsis/Device/RENESAS/Source/system.o
 *fill*         0x020016d4        0x4 
 .text.SystemInit
                0x020016d8      0x23c ./ra/fsp/src/bsp/cmsis/Device/RENESAS/Source/system.o
                0x020016d8                SystemInit
 .text.bsp_init
                0x02001914        0x4 ./ra/board/ra8p1_ek/board_init.o
                0x02001914                bsp_init
 .text.__cvt    0x02001918       0xa8 F:/project_of_competition/qian_sai/e2s/toolchains/gcc_arm/13.2.rel1/bin/../lib/gcc/arm-none-eabi/13.2.1/thumb/v8-m.main+dp/hard\libg_nano.a(libc_a-nano-vfprintf_float.o)
                0x02001918                __cvt
 .text.__exponent
                0x020019c0       0x72 F:/project_of_competition/qian_sai/e2s/toolchains/gcc_arm/13.2.rel1/bin/../lib/gcc/arm-none-eabi/13.2.1/thumb/v8-m.main+dp/hard\libg_nano.a(libc_a-nano-vfprintf_float.o)
                0x020019c0                __exponent
 *fill*         0x02001a32        0x6 
 .text._printf_float
                0x02001a38      0x434 F:/project_of_competition/qian_sai/e2s/toolchains/gcc_arm/13.2.rel1/bin/../lib/gcc/arm-none-eabi/13.2.1/thumb/v8-m.main+dp/hard\libg_nano.a(libc_a-nano-vfprintf_float.o)
                0x02001a38                _printf_float
 .text._printf_common
                0x02001e6c       0xe4 F:/project_of_competition/qian_sai/e2s/toolchains/gcc_arm/13.2.rel1/bin/../lib/gcc/arm-none-eabi/13.2.1/thumb/v8-m.main+dp/hard\libg_nano.a(libc_a-nano-vfprintf_i.o)
                0x02001e6c                _printf_common
 .text.std      0x02001f50       0x6c F:/project_of_competition/qian_sai/e2s/toolchains/gcc_arm/13.2.rel1/bin/../lib/gcc/arm-none-eabi/13.2.1/thumb/v8-m.main+dp/hard\libg_nano.a(libc_a-findfp.o)
 .text.stdio_exit_handler
                0x02001fbc       0x18 F:/project_of_competition/qian_sai/e2s/toolchains/gcc_arm/13.2.rel1/bin/../lib/gcc/arm-none-eabi/13.2.1/thumb/v8-m.main+dp/hard\libg_nano.a(libc_a-findfp.o)
 .text.cleanup_stdio
                0x02001fd4       0x40 F:/project_of_competition/qian_sai/e2s/toolchains/gcc_arm/13.2.rel1/bin/../lib/gcc/arm-none-eabi/13.2.1/thumb/v8-m.main+dp/hard\libg_nano.a(libc_a-findfp.o)
 .text.global_stdio_init.part.0
                0x02002014       0x3c F:/project_of_competition/qian_sai/e2s/toolchains/gcc_arm/13.2.rel1/bin/../lib/gcc/arm-none-eabi/13.2.1/thumb/v8-m.main+dp/hard\libg_nano.a(libc_a-findfp.o)
 .text.__sfp_lock_acquire
                0x02002050        0xc F:/project_of_competition/qian_sai/e2s/toolchains/gcc_arm/13.2.rel1/bin/../lib/gcc/arm-none-eabi/13.2.1/thumb/v8-m.main+dp/hard\libg_nano.a(libc_a-findfp.o)
                0x02002050                __sfp_lock_acquire
 .text.__sfp_lock_release
                0x0200205c        0xc F:/project_of_competition/qian_sai/e2s/toolchains/gcc_arm/13.2.rel1/bin/../lib/gcc/arm-none-eabi/13.2.1/thumb/v8-m.main+dp/hard\libg_nano.a(libc_a-findfp.o)
                0x0200205c                __sfp_lock_release
 .text.__sinit  0x02002068       0x30 F:/project_of_competition/qian_sai/e2s/toolchains/gcc_arm/13.2.rel1/bin/../lib/gcc/arm-none-eabi/13.2.1/thumb/v8-m.main+dp/hard\libg_nano.a(libc_a-findfp.o)
                0x02002068                __sinit
 .text._fwalk_sglue
                0x02002098       0x3c F:/project_of_competition/qian_sai/e2s/toolchains/gcc_arm/13.2.rel1/bin/../lib/gcc/arm-none-eabi/13.2.1/thumb/v8-m.main+dp/hard\libg_nano.a(libc_a-fwalk.o)
                0x02002098                _fwalk_sglue
 .text._puts_r  0x020020d4       0xaa F:/project_of_competition/qian_sai/e2s/toolchains/gcc_arm/13.2.rel1/bin/../lib/gcc/arm-none-eabi/13.2.1/thumb/v8-m.main+dp/hard\libg_nano.a(libc_a-puts.o)
                0x020020d4                _puts_r
 *fill*         0x0200217e        0x2 
 .text.puts     0x02002180       0x10 F:/project_of_competition/qian_sai/e2s/toolchains/gcc_arm/13.2.rel1/bin/../lib/gcc/arm-none-eabi/13.2.1/thumb/v8-m.main+dp/hard\libg_nano.a(libc_a-puts.o)
                0x02002180                puts
 .text.setvbuf  0x02002190      0x168 F:/project_of_competition/qian_sai/e2s/toolchains/gcc_arm/13.2.rel1/bin/../lib/gcc/arm-none-eabi/13.2.1/thumb/v8-m.main+dp/hard\libg_nano.a(libc_a-setvbuf.o)
                0x02002190                setvbuf
 .text.__sread  0x020022f8       0x22 F:/project_of_competition/qian_sai/e2s/toolchains/gcc_arm/13.2.rel1/bin/../lib/gcc/arm-none-eabi/13.2.1/thumb/v8-m.main+dp/hard\libg_nano.a(libc_a-stdio.o)
                0x020022f8                __sread
 .text.__swrite
                0x0200231a       0x38 F:/project_of_competition/qian_sai/e2s/toolchains/gcc_arm/13.2.rel1/bin/../lib/gcc/arm-none-eabi/13.2.1/thumb/v8-m.main+dp/hard\libg_nano.a(libc_a-stdio.o)
                0x0200231a                __swrite
 .text.__sseek  0x02002352       0x24 F:/project_of_competition/qian_sai/e2s/toolchains/gcc_arm/13.2.rel1/bin/../lib/gcc/arm-none-eabi/13.2.1/thumb/v8-m.main+dp/hard\libg_nano.a(libc_a-stdio.o)
                0x02002352                __sseek
 .text.__sclose
                0x02002376        0x8 F:/project_of_competition/qian_sai/e2s/toolchains/gcc_arm/13.2.rel1/bin/../lib/gcc/arm-none-eabi/13.2.1/thumb/v8-m.main+dp/hard\libg_nano.a(libc_a-stdio.o)
                0x02002376                __sclose
 .text.__swbuf_r
                0x0200237e       0x7c F:/project_of_competition/qian_sai/e2s/toolchains/gcc_arm/13.2.rel1/bin/../lib/gcc/arm-none-eabi/13.2.1/thumb/v8-m.main+dp/hard\libg_nano.a(libc_a-wbuf.o)
                0x0200237e                __swbuf_r
 *fill*         0x020023fa        0x2 
 .text.__swsetup_r
                0x020023fc       0xac F:/project_of_competition/qian_sai/e2s/toolchains/gcc_arm/13.2.rel1/bin/../lib/gcc/arm-none-eabi/13.2.1/thumb/v8-m.main+dp/hard\libg_nano.a(libc_a-wsetup.o)
                0x020023fc                __swsetup_r
 .text.memset   0x020024a8       0x10 F:/project_of_competition/qian_sai/e2s/toolchains/gcc_arm/13.2.rel1/bin/../lib/gcc/arm-none-eabi/13.2.1/thumb/v8-m.main+dp/hard\libg_nano.a(libc_a-memset.o)
                0x020024a8                memset
 .text._localeconv_r
                0x020024b8        0x8 F:/project_of_competition/qian_sai/e2s/toolchains/gcc_arm/13.2.rel1/bin/../lib/gcc/arm-none-eabi/13.2.1/thumb/v8-m.main+dp/hard\libg_nano.a(libc_a-localeconv.o)
                0x020024b8                _localeconv_r
 .text._close_r
                0x020024c0       0x20 F:/project_of_competition/qian_sai/e2s/toolchains/gcc_arm/13.2.rel1/bin/../lib/gcc/arm-none-eabi/13.2.1/thumb/v8-m.main+dp/hard\libg_nano.a(libc_a-closer.o)
                0x020024c0                _close_r
 .text._lseek_r
                0x020024e0       0x24 F:/project_of_competition/qian_sai/e2s/toolchains/gcc_arm/13.2.rel1/bin/../lib/gcc/arm-none-eabi/13.2.1/thumb/v8-m.main+dp/hard\libg_nano.a(libc_a-lseekr.o)
                0x020024e0                _lseek_r
 .text._read_r  0x02002504       0x24 F:/project_of_competition/qian_sai/e2s/toolchains/gcc_arm/13.2.rel1/bin/../lib/gcc/arm-none-eabi/13.2.1/thumb/v8-m.main+dp/hard\libg_nano.a(libc_a-readr.o)
                0x02002504                _read_r
 .text._write_r
                0x02002528       0x24 F:/project_of_competition/qian_sai/e2s/toolchains/gcc_arm/13.2.rel1/bin/../lib/gcc/arm-none-eabi/13.2.1/thumb/v8-m.main+dp/hard\libg_nano.a(libc_a-writer.o)
                0x02002528                _write_r
 .text.__errno  0x0200254c        0xc F:/project_of_competition/qian_sai/e2s/toolchains/gcc_arm/13.2.rel1/bin/../lib/gcc/arm-none-eabi/13.2.1/thumb/v8-m.main+dp/hard\libg_nano.a(libc_a-errno.o)
                0x0200254c                __errno
 .text.__retarget_lock_init_recursive
                0x02002558        0x2 F:/project_of_competition/qian_sai/e2s/toolchains/gcc_arm/13.2.rel1/bin/../lib/gcc/arm-none-eabi/13.2.1/thumb/v8-m.main+dp/hard\libg_nano.a(libc_a-lock.o)
                0x02002558                __retarget_lock_init_recursive
 .text.__retarget_lock_acquire_recursive
                0x0200255a        0x2 F:/project_of_competition/qian_sai/e2s/toolchains/gcc_arm/13.2.rel1/bin/../lib/gcc/arm-none-eabi/13.2.1/thumb/v8-m.main+dp/hard\libg_nano.a(libc_a-lock.o)
                0x0200255a                __retarget_lock_acquire_recursive
 .text.__retarget_lock_release_recursive
                0x0200255c        0x2 F:/project_of_competition/qian_sai/e2s/toolchains/gcc_arm/13.2.rel1/bin/../lib/gcc/arm-none-eabi/13.2.1/thumb/v8-m.main+dp/hard\libg_nano.a(libc_a-lock.o)
                0x0200255c                __retarget_lock_release_recursive
 .text.memcpy   0x0200255e       0x1a F:/project_of_competition/qian_sai/e2s/toolchains/gcc_arm/13.2.rel1/bin/../lib/gcc/arm-none-eabi/13.2.1/thumb/v8-m.main+dp/hard\libg_nano.a(libc_a-memcpy-stub.o)
                0x0200255e                memcpy
 .text          0x02002578       0x10 F:/project_of_competition/qian_sai/e2s/toolchains/gcc_arm/13.2.rel1/bin/../lib/gcc/arm-none-eabi/13.2.1/thumb/v8-m.main+dp/hard\libg_nano.a(libc_a-strlen.o)
                0x02002578                strlen
 .text.quorem   0x02002588      0x11a F:/project_of_competition/qian_sai/e2s/toolchains/gcc_arm/13.2.rel1/bin/../lib/gcc/arm-none-eabi/13.2.1/thumb/v8-m.main+dp/hard\libg_nano.a(libc_a-dtoa.o)
 *fill*         0x020026a2        0x6 
 .text._dtoa_r  0x020026a8      0xa9c F:/project_of_competition/qian_sai/e2s/toolchains/gcc_arm/13.2.rel1/bin/../lib/gcc/arm-none-eabi/13.2.1/thumb/v8-m.main+dp/hard\libg_nano.a(libc_a-dtoa.o)
                0x020026a8                _dtoa_r
 .text._free_r  0x02003144       0x94 F:/project_of_competition/qian_sai/e2s/toolchains/gcc_arm/13.2.rel1/bin/../lib/gcc/arm-none-eabi/13.2.1/thumb/v8-m.main+dp/hard\libg_nano.a(libc_a-freer.o)
                0x02003144                _free_r
 .text.malloc   0x020031d8       0x10 F:/project_of_competition/qian_sai/e2s/toolchains/gcc_arm/13.2.rel1/bin/../lib/gcc/arm-none-eabi/13.2.1/thumb/v8-m.main+dp/hard\libg_nano.a(libc_a-malloc.o)
                0x020031d8                malloc
 .text.sbrk_aligned
                0x020031e8       0x44 F:/project_of_competition/qian_sai/e2s/toolchains/gcc_arm/13.2.rel1/bin/../lib/gcc/arm-none-eabi/13.2.1/thumb/v8-m.main+dp/hard\libg_nano.a(libc_a-mallocr.o)
 .text._malloc_r
                0x0200322c      0x100 F:/project_of_competition/qian_sai/e2s/toolchains/gcc_arm/13.2.rel1/bin/../lib/gcc/arm-none-eabi/13.2.1/thumb/v8-m.main+dp/hard\libg_nano.a(libc_a-mallocr.o)
                0x0200322c                _malloc_r
 .text.__malloc_lock
                0x0200332c        0xc F:/project_of_competition/qian_sai/e2s/toolchains/gcc_arm/13.2.rel1/bin/../lib/gcc/arm-none-eabi/13.2.1/thumb/v8-m.main+dp/hard\libg_nano.a(libc_a-mlock.o)
                0x0200332c                __malloc_lock
 .text.__malloc_unlock
                0x02003338        0xc F:/project_of_competition/qian_sai/e2s/toolchains/gcc_arm/13.2.rel1/bin/../lib/gcc/arm-none-eabi/13.2.1/thumb/v8-m.main+dp/hard\libg_nano.a(libc_a-mlock.o)
                0x02003338                __malloc_unlock
 .text._Balloc  0x02003344       0x80 F:/project_of_competition/qian_sai/e2s/toolchains/gcc_arm/13.2.rel1/bin/../lib/gcc/arm-none-eabi/13.2.1/thumb/v8-m.main+dp/hard\libg_nano.a(libc_a-mprec.o)
                0x02003344                _Balloc
 .text._Bfree   0x020033c4       0x44 F:/project_of_competition/qian_sai/e2s/toolchains/gcc_arm/13.2.rel1/bin/../lib/gcc/arm-none-eabi/13.2.1/thumb/v8-m.main+dp/hard\libg_nano.a(libc_a-mprec.o)
                0x020033c4                _Bfree
 .text.__multadd
                0x02003408       0x90 F:/project_of_competition/qian_sai/e2s/toolchains/gcc_arm/13.2.rel1/bin/../lib/gcc/arm-none-eabi/13.2.1/thumb/v8-m.main+dp/hard\libg_nano.a(libc_a-mprec.o)
                0x02003408                __multadd
 .text.__hi0bits
                0x02003498       0x3e F:/project_of_competition/qian_sai/e2s/toolchains/gcc_arm/13.2.rel1/bin/../lib/gcc/arm-none-eabi/13.2.1/thumb/v8-m.main+dp/hard\libg_nano.a(libc_a-mprec.o)
                0x02003498                __hi0bits
 .text.__lo0bits
                0x020034d6       0x5a F:/project_of_competition/qian_sai/e2s/toolchains/gcc_arm/13.2.rel1/bin/../lib/gcc/arm-none-eabi/13.2.1/thumb/v8-m.main+dp/hard\libg_nano.a(libc_a-mprec.o)
                0x020034d6                __lo0bits
 .text.__i2b    0x02003530       0x2c F:/project_of_competition/qian_sai/e2s/toolchains/gcc_arm/13.2.rel1/bin/../lib/gcc/arm-none-eabi/13.2.1/thumb/v8-m.main+dp/hard\libg_nano.a(libc_a-mprec.o)
                0x02003530                __i2b
 .text.__multiply
                0x0200355c      0x148 F:/project_of_competition/qian_sai/e2s/toolchains/gcc_arm/13.2.rel1/bin/../lib/gcc/arm-none-eabi/13.2.1/thumb/v8-m.main+dp/hard\libg_nano.a(libc_a-mprec.o)
                0x0200355c                __multiply
 .text.__pow5mult
                0x020036a4       0xb4 F:/project_of_competition/qian_sai/e2s/toolchains/gcc_arm/13.2.rel1/bin/../lib/gcc/arm-none-eabi/13.2.1/thumb/v8-m.main+dp/hard\libg_nano.a(libc_a-mprec.o)
                0x020036a4                __pow5mult
 .text.__lshift
                0x02003758       0xd8 F:/project_of_competition/qian_sai/e2s/toolchains/gcc_arm/13.2.rel1/bin/../lib/gcc/arm-none-eabi/13.2.1/thumb/v8-m.main+dp/hard\libg_nano.a(libc_a-mprec.o)
                0x02003758                __lshift
 .text.__mcmp   0x02003830       0x36 F:/project_of_competition/qian_sai/e2s/toolchains/gcc_arm/13.2.rel1/bin/../lib/gcc/arm-none-eabi/13.2.1/thumb/v8-m.main+dp/hard\libg_nano.a(libc_a-mprec.o)
                0x02003830                __mcmp
 *fill*         0x02003866        0x2 
 .text.__mdiff  0x02003868      0x130 F:/project_of_competition/qian_sai/e2s/toolchains/gcc_arm/13.2.rel1/bin/../lib/gcc/arm-none-eabi/13.2.1/thumb/v8-m.main+dp/hard\libg_nano.a(libc_a-mprec.o)
                0x02003868                __mdiff
 .text.__d2b    0x02003998       0xb0 F:/project_of_competition/qian_sai/e2s/toolchains/gcc_arm/13.2.rel1/bin/../lib/gcc/arm-none-eabi/13.2.1/thumb/v8-m.main+dp/hard\libg_nano.a(libc_a-mprec.o)
                0x02003998                __d2b
 .text.__sflush_r
                0x02003a48      0x108 F:/project_of_competition/qian_sai/e2s/toolchains/gcc_arm/13.2.rel1/bin/../lib/gcc/arm-none-eabi/13.2.1/thumb/v8-m.main+dp/hard\libg_nano.a(libc_a-fflush.o)
                0x02003a48                __sflush_r
 .text._fflush_r
                0x02003b50       0x50 F:/project_of_competition/qian_sai/e2s/toolchains/gcc_arm/13.2.rel1/bin/../lib/gcc/arm-none-eabi/13.2.1/thumb/v8-m.main+dp/hard\libg_nano.a(libc_a-fflush.o)
                0x02003b50                _fflush_r
 .text.__swhatbuf_r
                0x02003ba0       0x4a F:/project_of_competition/qian_sai/e2s/toolchains/gcc_arm/13.2.rel1/bin/../lib/gcc/arm-none-eabi/13.2.1/thumb/v8-m.main+dp/hard\libg_nano.a(libc_a-makebuf.o)
                0x02003ba0                __swhatbuf_r
 .text.__smakebuf_r
                0x02003bea       0x78 F:/project_of_competition/qian_sai/e2s/toolchains/gcc_arm/13.2.rel1/bin/../lib/gcc/arm-none-eabi/13.2.1/thumb/v8-m.main+dp/hard\libg_nano.a(libc_a-makebuf.o)
                0x02003bea                __smakebuf_r
 *fill*         0x02003c62        0x2 
 .text._fstat_r
                0x02003c64       0x24 F:/project_of_competition/qian_sai/e2s/toolchains/gcc_arm/13.2.rel1/bin/../lib/gcc/arm-none-eabi/13.2.1/thumb/v8-m.main+dp/hard\libg_nano.a(libc_a-fstatr.o)
                0x02003c64                _fstat_r
 .text._isatty_r
                0x02003c88       0x20 F:/project_of_competition/qian_sai/e2s/toolchains/gcc_arm/13.2.rel1/bin/../lib/gcc/arm-none-eabi/13.2.1/thumb/v8-m.main+dp/hard\libg_nano.a(libc_a-isattyr.o)
                0x02003c88                _isatty_r
 .text._sbrk_r  0x02003ca8       0x20 F:/project_of_competition/qian_sai/e2s/toolchains/gcc_arm/13.2.rel1/bin/../lib/gcc/arm-none-eabi/13.2.1/thumb/v8-m.main+dp/hard\libg_nano.a(libc_a-sbrkr.o)
                0x02003ca8                _sbrk_r
 .text._calloc_r
                0x02003cc8       0x28 F:/project_of_competition/qian_sai/e2s/toolchains/gcc_arm/13.2.rel1/bin/../lib/gcc/arm-none-eabi/13.2.1/thumb/v8-m.main+dp/hard\libg_nano.a(libc_a-callocr.o)
                0x02003cc8                _calloc_r
 .text.__ascii_mbtowc
                0x02003cf0       0x24 F:/project_of_competition/qian_sai/e2s/toolchains/gcc_arm/13.2.rel1/bin/../lib/gcc/arm-none-eabi/13.2.1/thumb/v8-m.main+dp/hard\libg_nano.a(libc_a-mbtowc_r.o)
                0x02003cf0                __ascii_mbtowc
 .text.__ascii_wctomb
                0x02003d14       0x1a F:/project_of_competition/qian_sai/e2s/toolchains/gcc_arm/13.2.rel1/bin/../lib/gcc/arm-none-eabi/13.2.1/thumb/v8-m.main+dp/hard\libg_nano.a(libc_a-wctomb_r.o)
                0x02003d14                __ascii_wctomb
 *fill*         0x02003d2e        0x2 
 .text._close   0x02003d30       0x10 F:/project_of_competition/qian_sai/e2s/toolchains/gcc_arm/13.2.rel1/bin/../lib/gcc/arm-none-eabi/13.2.1/thumb/v8-m.main+dp/hard\libnosys.a(close.o)
                0x02003d30                _close
 .text._fstat   0x02003d40       0x10 F:/project_of_competition/qian_sai/e2s/toolchains/gcc_arm/13.2.rel1/bin/../lib/gcc/arm-none-eabi/13.2.1/thumb/v8-m.main+dp/hard\libnosys.a(fstat.o)
                0x02003d40                _fstat
 .text._isatty  0x02003d50       0x10 F:/project_of_competition/qian_sai/e2s/toolchains/gcc_arm/13.2.rel1/bin/../lib/gcc/arm-none-eabi/13.2.1/thumb/v8-m.main+dp/hard\libnosys.a(isatty.o)
                0x02003d50                _isatty
 .text._lseek   0x02003d60       0x10 F:/project_of_competition/qian_sai/e2s/toolchains/gcc_arm/13.2.rel1/bin/../lib/gcc/arm-none-eabi/13.2.1/thumb/v8-m.main+dp/hard\libnosys.a(lseek.o)
                0x02003d60                _lseek
 .text._read    0x02003d70       0x10 F:/project_of_competition/qian_sai/e2s/toolchains/gcc_arm/13.2.rel1/bin/../lib/gcc/arm-none-eabi/13.2.1/thumb/v8-m.main+dp/hard\libnosys.a(read.o)
                0x02003d70                _read
 *(.rodata*)
 .rodata.hal_entry.str1.4
                0x02003d80        0xc ./src/hal_entry.o
 .rodata.g_uart9
                0x02003d8c        0xc ./ra_gen/hal_data.o
                0x02003d8c                g_uart9
 .rodata.g_uart9_cfg
                0x02003d98       0x20 ./ra_gen/hal_data.o
                0x02003d98                g_uart9_cfg
 .rodata.g_uart9_cfg_extend
                0x02003db8       0x14 ./ra_gen/hal_data.o
                0x02003db8                g_uart9_cfg_extend
 .rodata.g_bsp_pin_cfg
                0x02003dcc        0xc ./ra_gen/pin_data.o
                0x02003dcc                g_bsp_pin_cfg
 .rodata.g_bsp_pin_cfg_data
                0x02003dd8      0x4e0 ./ra_gen/pin_data.o
                0x02003dd8                g_bsp_pin_cfg_data
 .rodata.g_interrupt_event_link_select
                0x020042b8        0x8 ./ra_gen/vector_data.o
                0x020042b8                g_interrupt_event_link_select
 .rodata.g_uart_on_sci_b
                0x020042c0       0x2c ./ra/fsp/src/r_sci_b_uart/r_sci_b_uart.o
                0x020042c0                g_uart_on_sci_b
 .rodata.g_vbatt_pins_input
                0x020042ec        0x6 ./ra/fsp/src/r_ioport/r_ioport.o
 *fill*         0x020042f2        0x2 
 .rodata.g_init_info
                0x020042f4       0x18 ./ra/fsp/src/bsp/mcu/ra8p1/bsp_linker.o
                0x020042f4                g_init_info
 .rodata.nocache_list
                0x0200430c       0x20 ./ra/fsp/src/bsp/mcu/ra8p1/bsp_linker.o
 .rodata.copy_list
                0x0200432c      0x180 ./ra/fsp/src/bsp/mcu/ra8p1/bsp_linker.o
 .rodata.zero_list
                0x020044ac       0x78 ./ra/fsp/src/bsp/mcu/ra8p1/bsp_linker.o
 .rodata.g_prcr_masks
                0x02004524        0xa ./ra/fsp/src/bsp/mcu/all/bsp_register_protection.o
 .rodata._printf_float.str1.1
                0x0200452e      0x104 F:/project_of_competition/qian_sai/e2s/toolchains/gcc_arm/13.2.rel1/bin/../lib/gcc/arm-none-eabi/13.2.1/thumb/v8-m.main+dp/hard\libg_nano.a(libc_a-nano-vfprintf_float.o)
                                 0x12 (size before relaxing)
 .rodata._dtoa_r.str1.1
                0x02004632       0x90 F:/project_of_competition/qian_sai/e2s/toolchains/gcc_arm/13.2.rel1/bin/../lib/gcc/arm-none-eabi/13.2.1/thumb/v8-m.main+dp/hard\libg_nano.a(libc_a-dtoa.o)
 .rodata._Balloc.str1.1
                0x02004632       0x71 F:/project_of_competition/qian_sai/e2s/toolchains/gcc_arm/13.2.rel1/bin/../lib/gcc/arm-none-eabi/13.2.1/thumb/v8-m.main+dp/hard\libg_nano.a(libc_a-mprec.o)
 .rodata.__multadd.str1.1
                0x02004632       0x11 F:/project_of_competition/qian_sai/e2s/toolchains/gcc_arm/13.2.rel1/bin/../lib/gcc/arm-none-eabi/13.2.1/thumb/v8-m.main+dp/hard\libg_nano.a(libc_a-mprec.o)
 *fill*         0x02004632        0x2 
 .rodata.p05.0  0x02004634        0xc F:/project_of_competition/qian_sai/e2s/toolchains/gcc_arm/13.2.rel1/bin/../lib/gcc/arm-none-eabi/13.2.1/thumb/v8-m.main+dp/hard\libg_nano.a(libc_a-mprec.o)
 .rodata.__mprec_bigtens
                0x02004640       0x28 F:/project_of_competition/qian_sai/e2s/toolchains/gcc_arm/13.2.rel1/bin/../lib/gcc/arm-none-eabi/13.2.1/thumb/v8-m.main+dp/hard\libg_nano.a(libc_a-mprec.o)
                0x02004640                __mprec_bigtens
 .rodata.__mprec_tens
                0x02004668       0xc8 F:/project_of_competition/qian_sai/e2s/toolchains/gcc_arm/13.2.rel1/bin/../lib/gcc/arm-none-eabi/13.2.1/thumb/v8-m.main+dp/hard\libg_nano.a(libc_a-mprec.o)
                0x02004668                __mprec_tens
 .rodata._setlocale_r.str1.1
                0x02004730        0x9 F:/project_of_competition/qian_sai/e2s/toolchains/gcc_arm/13.2.rel1/bin/../lib/gcc/arm-none-eabi/13.2.1/thumb/v8-m.main+dp/hard\libg_nano.a(libc_a-locale.o)
 .rodata.str1.1
                0x02004730        0x2 F:/project_of_competition/qian_sai/e2s/toolchains/gcc_arm/13.2.rel1/bin/../lib/gcc/arm-none-eabi/13.2.1/thumb/v8-m.main+dp/hard\libg_nano.a(libc_a-locale.o)
 .rodata._ctype_
                0x02004730      0x101 F:/project_of_competition/qian_sai/e2s/toolchains/gcc_arm/13.2.rel1/bin/../lib/gcc/arm-none-eabi/13.2.1/thumb/v8-m.main+dp/hard\libg_nano.a(libc_a-ctype_.o)
                0x02004730                _ctype_
 *(.mcuboot_sce9_key)
 *(.version)
 *fill*         0x02004831        0x3 
 .version       0x02004834       0x50 ./ra/fsp/src/bsp/mcu/all/bsp_common.o
                0x02004884                        __flash_readonly$$Limit = .

.glue_7         0x02004884        0x0
 .glue_7        0x02004884        0x0 linker stubs

.glue_7t        0x02004884        0x0
 .glue_7t       0x02004884        0x0 linker stubs

.vfp11_veneer   0x02004884        0x0
 .vfp11_veneer  0x02004884        0x0 linker stubs

.v4_bx          0x02004884        0x0
 .v4_bx         0x02004884        0x0 linker stubs

.init           0x02004884        0x4
 .init          0x02004884        0x4 F:/project_of_competition/qian_sai/e2s/toolchains/gcc_arm/13.2.rel1/bin/../lib/gcc/arm-none-eabi/13.2.1/thumb/v8-m.main+dp/hard/crti.o
                0x02004884                _init

.fini           0x02004888        0x4
 .fini          0x02004888        0x4 F:/project_of_competition/qian_sai/e2s/toolchains/gcc_arm/13.2.rel1/bin/../lib/gcc/arm-none-eabi/13.2.1/thumb/v8-m.main+dp/hard/crti.o
                0x02004888                _fini

.iplt           0x0200488c        0x0
 .iplt          0x0200488c        0x0 F:/project_of_competition/qian_sai/e2s/toolchains/gcc_arm/13.2.rel1/bin/../lib/gcc/arm-none-eabi/13.2.1/thumb/v8-m.main+dp/hard/crtbegin.o

__flash_ctor$$
 *crtbegin.o(.ctors)
 *crtbegin?.o(.ctors)
 EXCLUDE_FILE(*crtend.o *crtend?.o) *(.ctors)
 *(SORT_BY_NAME(.ctors.*))
 *(.ctors)
 *crtbegin.o(.dtors)
 *crtbegin?.o(.dtors)
 EXCLUDE_FILE(*crtend.o *crtend?.o) *(.dtors)
 *(SORT_BY_NAME(.dtors.*))
 *(.dtors)

__flash_preinit_array$$
                0x0200488c        0x0
                0x0200488c                        __preinit_array_start = .
 *(.preinit_array)
                0x0200488c                        __preinit_array_end = .

__flash_.got$$
 *(.got.plt)
 *(.got)

__flash_init_array$$
                0x0200488c        0x4
                0x0200488c                        __init_array_start = .
 *(SORT_BY_NAME(.init_array.*))
 *(.init_array)
 .init_array    0x0200488c        0x4 F:/project_of_competition/qian_sai/e2s/toolchains/gcc_arm/13.2.rel1/bin/../lib/gcc/arm-none-eabi/13.2.1/thumb/v8-m.main+dp/hard/crtbegin.o
                0x02004890                        __init_array_end = .

__flash_fini_array$$
                0x02004890        0x4
                0x02004890                        __fini_array_start = .
 *(SORT_BY_NAME(.fini_array.*))
 *(.fini_array)
 .fini_array    0x02004890        0x4 F:/project_of_competition/qian_sai/e2s/toolchains/gcc_arm/13.2.rel1/bin/../lib/gcc/arm-none-eabi/13.2.1/thumb/v8-m.main+dp/hard/crtbegin.o
                0x02004894                        __fini_array_end = .

__flash_arm.extab$$
 *(.ARM.extab*)
 *(.gnu.linkonce.armextab.*)

__flash_arm.exidx$$
                0x02004894        0x8
                0x02004894                        __exidx_start = .
 *(.ARM.exidx*)
 .ARM.exidx     0x02004894        0x8 F:/project_of_competition/qian_sai/e2s/toolchains/gcc_arm/13.2.rel1/bin/../lib/gcc/arm-none-eabi/13.2.1/thumb/v8-m.main+dp/hard\libg_nano.a(libc_a-strlen.o)
 *(.gnu.linkonce.armexidx.*)
                0x0200489c                        __exidx_end = .

.flash.endof    0x02004a00        0x0
                0x02004a00                        __ddsc_FLASH_END = .

.flash.flat_nsc
                0x02004a00        0x0
                0x02004a00                        __ddsc_FLASH_NSC = .

.option_setting_ofs0.startof
                0x02c9f040        0x0
                0x02c9f040                        __ddsc_OPTION_SETTING_OFS0_START = .

__option_setting_ofs0_reg$$
                0x02c9f040        0x4
                0x02c9f040                        __option_setting_ofs0_reg$$Base = .
 *(.option_setting_ofs0)
 .option_setting_ofs0
                0x02c9f040        0x4 ./ra/fsp/src/bsp/mcu/ra8p1/bsp_linker.o
                0x02c9f044                        __option_setting_ofs0_reg$$Limit = .

.option_setting_ofs0.endof
                0x02c9f044        0x0
                0x02c9f044                        __ddsc_OPTION_SETTING_OFS0_END = .

.option_setting_ofs2.startof
                0x02c9f044        0x0
                0x02c9f044                        __ddsc_OPTION_SETTING_OFS2_START = .

__option_setting_ofs2_reg$$
                0x02c9f044        0x4
                0x02c9f044                        __option_setting_ofs2_reg$$Base = .
 *(.option_setting_ofs2)
 .option_setting_ofs2
                0x02c9f044        0x4 ./ra/fsp/src/bsp/mcu/ra8p1/bsp_linker.o
                0x02c9f048                        __option_setting_ofs2_reg$$Limit = .

.option_setting_ofs2.endof
                0x02c9f048        0x0
                0x02c9f048                        __ddsc_OPTION_SETTING_OFS2_END = .

.option_setting_sas.startof
                0x02c9f074        0x0
                0x02c9f074                        __ddsc_OPTION_SETTING_SAS_START = .

__option_setting_sas_reg$$
                0x02c9f074        0x0
                0x02c9f074                        __option_setting_sas_reg$$Base = .
 *(.option_setting_sas)
                0x02c9f074                        __option_setting_sas_reg$$Limit = .

.option_setting_sas.endof
                0x02c9f074        0x0
                0x02c9f074                        __ddsc_OPTION_SETTING_SAS_END = .

.option_setting_ofs1.startof
                0x12c9f4c0        0x0
                0x12c9f4c0                        __ddsc_OPTION_SETTING_OFS1_START = .

__option_setting_ofs1_reg$$
                0x12c9f4c0        0x0
                0x12c9f4c0                        __option_setting_ofs1_reg$$Base = .
 *(.option_setting_ofs1)
                0x12c9f4c0                        __option_setting_ofs1_reg$$Limit = .

.option_setting_ofs1.endof
                0x12c9f4c0        0x0
                0x12c9f4c0                        __ddsc_OPTION_SETTING_OFS1_END = .

.option_setting_ofs1_sec.startof
                0x02c9f0c0        0x0
                0x02c9f0c0                        __ddsc_OPTION_SETTING_OFS1_SEC_START = .

__option_setting_ofs1_sec_reg$$
                0x02c9f0c0        0x4
                0x02c9f0c0                        __option_setting_ofs1_sec_reg$$Base = .
 *(.option_setting_ofs1_sec)
 .option_setting_ofs1_sec
                0x02c9f0c0        0x4 ./ra/fsp/src/bsp/mcu/ra8p1/bsp_linker.o
                0x02c9f0c4                        __option_setting_ofs1_sec_reg$$Limit = .

.option_setting_ofs1_sec.endof
                0x02c9f0c4        0x0
                0x02c9f0c4                        __ddsc_OPTION_SETTING_OFS1_SEC_END = .

.option_setting_ofs1_sel.startof
                0x02c9f120        0x0
                0x02c9f120                        __ddsc_OPTION_SETTING_OFS1_SEL_START = .

__option_setting_ofs1_sel_reg$$
                0x02c9f120        0x4
                0x02c9f120                        __option_setting_ofs1_sel_reg$$Base = .
 *(.option_setting_ofs1_sel)
 .option_setting_ofs1_sel
                0x02c9f120        0x4 ./ra/fsp/src/bsp/mcu/ra8p1/bsp_linker.o
                0x02c9f124                        __option_setting_ofs1_sel_reg$$Limit = .

.option_setting_ofs1_sel.endof
                0x02c9f124        0x0
                0x02c9f124                        __ddsc_OPTION_SETTING_OFS1_SEL_END = .

.option_setting_ofs3.startof
                0x12c9f4c4        0x0
                0x12c9f4c4                        __ddsc_OPTION_SETTING_OFS3_START = .

__option_setting_ofs3_reg$$
                0x12c9f4c4        0x0
                0x12c9f4c4                        __option_setting_ofs3_reg$$Base = .
 *(.option_setting_ofs3)
                0x12c9f4c4                        __option_setting_ofs3_reg$$Limit = .

.option_setting_ofs3.endof
                0x12c9f4c4        0x0
                0x12c9f4c4                        __ddsc_OPTION_SETTING_OFS3_END = .

.option_setting_ofs3_sec.startof
                0x02c9f0c4        0x0
                0x02c9f0c4                        __ddsc_OPTION_SETTING_OFS3_SEC_START = .

__option_setting_ofs3_sec_reg$$
                0x02c9f0c4        0x4
                0x02c9f0c4                        __option_setting_ofs3_sec_reg$$Base = .
 *(.option_setting_ofs3_sec)
 .option_setting_ofs3_sec
                0x02c9f0c4        0x4 ./ra/fsp/src/bsp/mcu/ra8p1/bsp_linker.o
                0x02c9f0c8                        __option_setting_ofs3_sec_reg$$Limit = .

.option_setting_ofs3_sec.endof
                0x02c9f0c8        0x0
                0x02c9f0c8                        __ddsc_OPTION_SETTING_OFS3_SEC_END = .

.option_setting_ofs3_sel.startof
                0x02c9f124        0x0
                0x02c9f124                        __ddsc_OPTION_SETTING_OFS3_SEL_START = .

__option_setting_ofs3_sel_reg$$
                0x02c9f124        0x4
                0x02c9f124                        __option_setting_ofs3_sel_reg$$Base = .
 *(.option_setting_ofs3_sel)
 .option_setting_ofs3_sel
                0x02c9f124        0x4 ./ra/fsp/src/bsp/mcu/ra8p1/bsp_linker.o
                0x02c9f128                        __option_setting_ofs3_sel_reg$$Limit = .

.eh_frame       0x02c9f128        0x0
 .eh_frame      0x02c9f128        0x0 F:/project_of_competition/qian_sai/e2s/toolchains/gcc_arm/13.2.rel1/bin/../lib/gcc/arm-none-eabi/13.2.1/thumb/v8-m.main+dp/hard/crtbegin.o

.rel.dyn        0x02c9f128        0x0
 .rel.iplt      0x02c9f128        0x0 F:/project_of_competition/qian_sai/e2s/toolchains/gcc_arm/13.2.rel1/bin/../lib/gcc/arm-none-eabi/13.2.1/thumb/v8-m.main+dp/hard/crtbegin.o

.option_setting_ofs3_sel.endof
                0x02c9f128        0x0
                0x02c9f128                        __ddsc_OPTION_SETTING_OFS3_SEL_END = .

.option_setting_bps.startof
                0x12c9f600        0x0
                0x12c9f600                        __ddsc_OPTION_SETTING_BPS_START = .

__option_setting_bps_reg$$
                0x12c9f600        0x0
                0x12c9f600                        __option_setting_bps_reg$$Base = .
 *(.option_setting_bps)
                0x12c9f600                        __option_setting_bps_reg$$Limit = .

.option_setting_bps.endof
                0x12c9f600        0x0
                0x12c9f600                        __ddsc_OPTION_SETTING_BPS_END = .

.option_setting_bps_sec.startof
                0x02c9f200        0x0
                0x02c9f200                        __ddsc_OPTION_SETTING_BPS_SEC_START = .

__option_setting_bps_sec_reg$$
                0x02c9f200        0x0
                0x02c9f200                        __option_setting_bps_sec_reg$$Base = .
 *(.option_setting_bps_sec)
                0x02c9f200                        __option_setting_bps_sec_reg$$Limit = .

.option_setting_bps_sec.endof
                0x02c9f200        0x0
                0x02c9f200                        __ddsc_OPTION_SETTING_BPS_SEC_END = .

.option_setting_otp_fsblctrl0.startof
                0x02e07600        0x0
                0x02e07600                        __ddsc_OPTION_SETTING_OTP_FSBLCTRL0_START = .

__option_setting_otp_fsblctrl0_reg$$
                0x02e07600        0x0
                0x02e07600                        __option_setting_otp_fsblctrl0_reg$$Base = .
 *(.option_setting_otp_fsblctrl0)
                0x02e07600                        __option_setting_otp_fsblctrl0_reg$$Limit = .

.option_setting_otp_fsblctrl0.endof
                0x02e07600        0x0
                0x02e07600                        __ddsc_OPTION_SETTING_OTP_FSBLCTRL0_END = .

.option_setting_otp_fsblctrl1.startof
                0x02e07604        0x0
                0x02e07604                        __ddsc_OPTION_SETTING_OTP_FSBLCTRL1_START = .

__option_setting_otp_fsblctrl1_reg$$
                0x02e07604        0x0
                0x02e07604                        __option_setting_otp_fsblctrl1_reg$$Base = .
 *(.option_setting_otp_fsblctrl1)
                0x02e07604                        __option_setting_otp_fsblctrl1_reg$$Limit = .

.option_setting_otp_fsblctrl1.endof
                0x02e07604        0x0
                0x02e07604                        __ddsc_OPTION_SETTING_OTP_FSBLCTRL1_END = .

.option_setting_otp_fsblctrl2.startof
                0x02e07608        0x0
                0x02e07608                        __ddsc_OPTION_SETTING_OTP_FSBLCTRL2_START = .

__option_setting_otp_fsblctrl2_reg$$
                0x02e07608        0x0
                0x02e07608                        __option_setting_otp_fsblctrl2_reg$$Base = .
 *(.option_setting_otp_fsblctrl2)
                0x02e07608                        __option_setting_otp_fsblctrl2_reg$$Limit = .

.option_setting_otp_fsblctrl2.endof
                0x02e07608        0x0
                0x02e07608                        __ddsc_OPTION_SETTING_OTP_FSBLCTRL2_END = .

.option_setting_otp_samr.startof
                0x02e07614        0x0
                0x02e07614                        __ddsc_OPTION_SETTING_OTP_SAMR_START = .

__option_setting_otp_samr_reg$$
                0x02e07614        0x0
                0x02e07614                        __option_setting_otp_samr_reg$$Base = .
 *(.option_setting_otp_samr)
                0x02e07614                        __option_setting_otp_samr_reg$$Limit = .

.option_setting_otp_samr.endof
                0x02e07614        0x0
                0x02e07614                        __ddsc_OPTION_SETTING_OTP_SAMR_END = .

.option_setting_otp_sacc00.startof
                0x02e07620        0x0
                0x02e07620                        __ddsc_OPTION_SETTING_OTP_SACC00_START = .

__option_setting_otp_sacc00_reg$$
                0x02e07620        0x0
                0x02e07620                        __option_setting_otp_sacc00_reg$$Base = .
 *(.option_setting_otp_sacc00)
                0x02e07620                        __option_setting_otp_sacc00_reg$$Limit = .

.option_setting_otp_sacc00.endof
                0x02e07620        0x0
                0x02e07620                        __ddsc_OPTION_SETTING_OTP_SACC00_END = .

.option_setting_otp_sacc10.startof
                0x02e07630        0x0
                0x02e07630                        __ddsc_OPTION_SETTING_OTP_SACC10_START = .

__option_setting_otp_sacc10_reg$$
                0x02e07630        0x0
                0x02e07630                        __option_setting_otp_sacc10_reg$$Base = .
 *(.option_setting_otp_sacc10)
                0x02e07630                        __option_setting_otp_sacc10_reg$$Limit = .

.option_setting_otp_sacc10.endof
                0x02e07630        0x0
                0x02e07630                        __ddsc_OPTION_SETTING_OTP_SACC10_END = .

.option_setting_otp_sacc01.startof
                0x02e07640        0x0
                0x02e07640                        __ddsc_OPTION_SETTING_OTP_SACC01_START = .

__option_setting_otp_sacc01_reg$$
                0x02e07640        0x0
                0x02e07640                        __option_setting_otp_sacc01_reg$$Base = .
 *(.option_setting_otp_sacc01)
                0x02e07640                        __option_setting_otp_sacc01_reg$$Limit = .

.option_setting_otp_sacc01.endof
                0x02e07640        0x0
                0x02e07640                        __ddsc_OPTION_SETTING_OTP_SACC01_END = .

.option_setting_otp_sacc11.startof
                0x02e07650        0x0
                0x02e07650                        __ddsc_OPTION_SETTING_OTP_SACC11_START = .

__option_setting_otp_sacc11_reg$$
                0x02e07650        0x0
                0x02e07650                        __option_setting_otp_sacc11_reg$$Base = .
 *(.option_setting_otp_sacc11)
                0x02e07650                        __option_setting_otp_sacc11_reg$$Limit = .

.option_setting_otp_sacc11.endof
                0x02e07650        0x0
                0x02e07650                        __ddsc_OPTION_SETTING_OTP_SACC11_END = .

.option_setting_otp_sacc02.startof
                0x02e07660        0x0
                0x02e07660                        __ddsc_OPTION_SETTING_OTP_SACC02_START = .

__option_setting_otp_sacc02_reg$$
                0x02e07660        0x0
                0x02e07660                        __option_setting_otp_sacc02_reg$$Base = .
 *(.option_setting_otp_sacc02)
                0x02e07660                        __option_setting_otp_sacc02_reg$$Limit = .

.option_setting_otp_sacc02.endof
                0x02e07660        0x0
                0x02e07660                        __ddsc_OPTION_SETTING_OTP_SACC02_END = .

.option_setting_otp_sacc12.startof
                0x02e07670        0x0
                0x02e07670                        __ddsc_OPTION_SETTING_OTP_SACC12_START = .

__option_setting_otp_sacc12_reg$$
                0x02e07670        0x0
                0x02e07670                        __option_setting_otp_sacc12_reg$$Base = .
 *(.option_setting_otp_sacc12)
                0x02e07670                        __option_setting_otp_sacc12_reg$$Limit = .

.option_setting_otp_sacc12.endof
                0x02e07670        0x0
                0x02e07670                        __ddsc_OPTION_SETTING_OTP_SACC12_END = .

.option_setting_otp_sacc03.startof
                0x02e07680        0x0
                0x02e07680                        __ddsc_OPTION_SETTING_OTP_SACC03_START = .

__option_setting_otp_sacc03_reg$$
                0x02e07680        0x0
                0x02e07680                        __option_setting_otp_sacc03_reg$$Base = .
 *(.option_setting_otp_sacc03)
                0x02e07680                        __option_setting_otp_sacc03_reg$$Limit = .

.option_setting_otp_sacc03.endof
                0x02e07680        0x0
                0x02e07680                        __ddsc_OPTION_SETTING_OTP_SACC03_END = .

.option_setting_otp_sacc13.startof
                0x02e07690        0x0
                0x02e07690                        __ddsc_OPTION_SETTING_OTP_SACC13_START = .

__option_setting_otp_sacc13_reg$$
                0x02e07690        0x0
                0x02e07690                        __option_setting_otp_sacc13_reg$$Base = .
 *(.option_setting_otp_sacc13)
                0x02e07690                        __option_setting_otp_sacc13_reg$$Limit = .

.option_setting_otp_sacc13.endof
                0x02e07690        0x0
                0x02e07690                        __ddsc_OPTION_SETTING_OTP_SACC13_END = .

.option_setting_otp_pbps_sec.startof
                0x02e17700        0x0
                0x02e17700                        __ddsc_OPTION_SETTING_OTP_PBPS_SEC_START = .

__option_setting_otp_pbps_sec_reg$$
                0x02e17700        0x0
                0x02e17700                        __option_setting_otp_pbps_sec_reg$$Base = .
 *(.option_setting_otp_pbps_sec)
                0x02e17700                        __option_setting_otp_pbps_sec_reg$$Limit = .

.option_setting_otp_pbps_sec.endof
                0x02e17700        0x0
                0x02e17700                        __ddsc_OPTION_SETTING_OTP_PBPS_SEC_END = .

.option_setting_otp_pbps.startof
                0x12e17780        0x0
                0x12e17780                        __ddsc_OPTION_SETTING_OTP_PBPS_START = .

__option_setting_otp_pbps_reg$$
                0x12e17780        0x0
                0x12e17780                        __option_setting_otp_pbps_reg$$Base = .
 *(.option_setting_otp_pbps)
                0x12e17780                        __option_setting_otp_pbps_reg$$Limit = .

.option_setting_otp_pbps.endof
                0x12e17780        0x0
                0x12e17780                        __ddsc_OPTION_SETTING_OTP_PBPS_END = .

.option_setting_otp_zhuk.startof
                0x02e17920        0x0
                0x02e17920                        __ddsc_OPTION_SETTING_OTP_ZHUK_START = .

__option_setting_otp_zhuk_reg$$
                0x02e17920        0x0
                0x02e17920                        __option_setting_otp_zhuk_reg$$Base = .
 *(.option_setting_otp_zhuk)
                0x02e17920                        __option_setting_otp_zhuk_reg$$Limit = .

.option_setting_otp_zhuk.endof
                0x02e17920        0x0
                0x02e17920                        __ddsc_OPTION_SETTING_OTP_ZHUK_END = .
OUTPUT(ra8p1_my_qiansai.elf elf32-littlearm)
LOAD linker stubs

.ARM.attributes
                0x00000000       0x3a
 .ARM.attributes
                0x00000000       0x24 F:/project_of_competition/qian_sai/e2s/toolchains/gcc_arm/13.2.rel1/bin/../lib/gcc/arm-none-eabi/13.2.1/thumb/v8-m.main+dp/hard/crti.o
 .ARM.attributes
                0x00000024       0x36 F:/project_of_competition/qian_sai/e2s/toolchains/gcc_arm/13.2.rel1/bin/../lib/gcc/arm-none-eabi/13.2.1/thumb/v8-m.main+dp/hard/crtbegin.o
 .ARM.attributes
                0x0000005a       0x3e ./src/hal_entry.o
 .ARM.attributes
                0x00000098       0x3e ./src/hal_warmstart.o
 .ARM.attributes
                0x000000d6       0x3e ./ra_gen/common_data.o
 .ARM.attributes
                0x00000114       0x3e ./ra_gen/hal_data.o
 .ARM.attributes
                0x00000152       0x3e ./ra_gen/main.o
 .ARM.attributes
                0x00000190       0x3e ./ra_gen/pin_data.o
 .ARM.attributes
                0x000001ce       0x3e ./ra_gen/vector_data.o
 .ARM.attributes
                0x0000020c       0x3e ./ra/fsp/src/r_sci_b_uart/r_sci_b_uart.o
 .ARM.attributes
                0x0000024a       0x3e ./ra/fsp/src/r_ioport/r_ioport.o
 .ARM.attributes
                0x00000288       0x3e ./ra/fsp/src/bsp/mcu/ra8p1/bsp_linker.o
 .ARM.attributes
                0x000002c6       0x3e ./ra/fsp/src/bsp/mcu/all/bsp_clocks.o
 .ARM.attributes
                0x00000304       0x3e ./ra/fsp/src/bsp/mcu/all/bsp_common.o
 .ARM.attributes
                0x00000342       0x3e ./ra/fsp/src/bsp/mcu/all/bsp_delay.o
 .ARM.attributes
                0x00000380       0x3e ./ra/fsp/src/bsp/mcu/all/bsp_group_irq.o
 .ARM.attributes
                0x000003be       0x3e ./ra/fsp/src/bsp/mcu/all/bsp_io.o
 .ARM.attributes
                0x000003fc       0x3e ./ra/fsp/src/bsp/mcu/all/bsp_irq.o
 .ARM.attributes
                0x0000043a       0x3e ./ra/fsp/src/bsp/mcu/all/bsp_register_protection.o
 .ARM.attributes
                0x00000478       0x3e ./ra/fsp/src/bsp/mcu/all/bsp_sbrk.o
 .ARM.attributes
                0x000004b6       0x3e ./ra/fsp/src/bsp/cmsis/Device/RENESAS/Source/startup.o
 .ARM.attributes
                0x000004f4       0x3e ./ra/fsp/src/bsp/cmsis/Device/RENESAS/Source/system.o
 .ARM.attributes
                0x00000532       0x3e ./ra/board/ra8p1_ek/board_init.o
 .ARM.attributes
                0x00000570       0x36 F:/project_of_competition/qian_sai/e2s/toolchains/gcc_arm/13.2.rel1/bin/../lib/gcc/arm-none-eabi/13.2.1/thumb/v8-m.main+dp/hard\libg_nano.a(libc_a-nano-vfprintf_float.o)
 .ARM.attributes
                0x000005a6       0x36 F:/project_of_competition/qian_sai/e2s/toolchains/gcc_arm/13.2.rel1/bin/../lib/gcc/arm-none-eabi/13.2.1/thumb/v8-m.main+dp/hard\libg_nano.a(libc_a-nano-vfprintf_i.o)
 .ARM.attributes
                0x000005dc       0x36 F:/project_of_competition/qian_sai/e2s/toolchains/gcc_arm/13.2.rel1/bin/../lib/gcc/arm-none-eabi/13.2.1/thumb/v8-m.main+dp/hard\libg_nano.a(libc_a-findfp.o)
 .ARM.attributes
                0x00000612       0x36 F:/project_of_competition/qian_sai/e2s/toolchains/gcc_arm/13.2.rel1/bin/../lib/gcc/arm-none-eabi/13.2.1/thumb/v8-m.main+dp/hard\libg_nano.a(libc_a-fwalk.o)
 .ARM.attributes
                0x00000648       0x36 F:/project_of_competition/qian_sai/e2s/toolchains/gcc_arm/13.2.rel1/bin/../lib/gcc/arm-none-eabi/13.2.1/thumb/v8-m.main+dp/hard\libg_nano.a(libc_a-puts.o)
 .ARM.attributes
                0x0000067e       0x36 F:/project_of_competition/qian_sai/e2s/toolchains/gcc_arm/13.2.rel1/bin/../lib/gcc/arm-none-eabi/13.2.1/thumb/v8-m.main+dp/hard\libg_nano.a(libc_a-setvbuf.o)
 .ARM.attributes
                0x000006b4       0x36 F:/project_of_competition/qian_sai/e2s/toolchains/gcc_arm/13.2.rel1/bin/../lib/gcc/arm-none-eabi/13.2.1/thumb/v8-m.main+dp/hard\libg_nano.a(libc_a-stdio.o)
 .ARM.attributes
                0x000006ea       0x36 F:/project_of_competition/qian_sai/e2s/toolchains/gcc_arm/13.2.rel1/bin/../lib/gcc/arm-none-eabi/13.2.1/thumb/v8-m.main+dp/hard\libg_nano.a(libc_a-wbuf.o)
 .ARM.attributes
                0x00000720       0x36 F:/project_of_competition/qian_sai/e2s/toolchains/gcc_arm/13.2.rel1/bin/../lib/gcc/arm-none-eabi/13.2.1/thumb/v8-m.main+dp/hard\libg_nano.a(libc_a-wsetup.o)
 .ARM.attributes
                0x00000756       0x36 F:/project_of_competition/qian_sai/e2s/toolchains/gcc_arm/13.2.rel1/bin/../lib/gcc/arm-none-eabi/13.2.1/thumb/v8-m.main+dp/hard\libg_nano.a(libc_a-memset.o)
 .ARM.attributes
                0x0000078c       0x36 F:/project_of_competition/qian_sai/e2s/toolchains/gcc_arm/13.2.rel1/bin/../lib/gcc/arm-none-eabi/13.2.1/thumb/v8-m.main+dp/hard\libg_nano.a(libc_a-localeconv.o)
 .ARM.attributes
                0x000007c2       0x36 F:/project_of_competition/qian_sai/e2s/toolchains/gcc_arm/13.2.rel1/bin/../lib/gcc/arm-none-eabi/13.2.1/thumb/v8-m.main+dp/hard\libg_nano.a(libc_a-closer.o)
 .ARM.attributes
                0x000007f8       0x36 F:/project_of_competition/qian_sai/e2s/toolchains/gcc_arm/13.2.rel1/bin/../lib/gcc/arm-none-eabi/13.2.1/thumb/v8-m.main+dp/hard\libg_nano.a(libc_a-reent.o)
 .ARM.attributes